10-13 23:22:59.313  3163 25607 I ActivityThreadEui: schedulePauseActivity com.android.systemui.usb.UsbDebuggingActivity finished=false userLeaving=false configChanges=0 dontReport=false
10-13 23:22:59.332  3163  3176 I ActivityThreadEui: scheduleStopActivity com.android.systemui.usb.UsbDebuggingActivity show=true configChanges=0
10-13 23:22:59.333  3163  3163 I ActivityThread: Finishing stop of ActivityRecord{c6f414c token=android.os.BinderProxy@e0c2595 {com.android.systemui/com.android.systemui.usb.UsbDebuggingActivity}}: show=true win=com.android.internal.policy.PhoneWindow@6eb957c
10-13 23:22:59.614  1456  1489 I WindowManager: Screenshot max retries 4 of Token{9c901f ActivityRecord{aeff7be u0 com.android.systemui/.usb.UsbDebuggingActivity, isShadow:false t1795}} appWin=Window{fe14096 u0 com.android.systemui/com.android.systemui.usb.UsbDebuggingActivity} drawState=4
10-13 23:23:00.000  1456  2932 V AlarmManager: Alarm triggering: Alarm{ae8d022 type 3 when 7185634699 android}
10-13 23:23:00.001  1456  2932 D AlarmManager: set alarm to RTC 3 ,      when = 7185814699
10-13 23:23:00.574   555   689 I ThermalEngine: cpu_frequency_pre_req: SS-SKIN_CONTROL_POWER: device=cluster0 frequency=1190400
10-13 23:23:00.574   555   689 I ThermalEngine: cpu_frequency_pre_req: SS-SKIN_CONTROL_PERF: device=cluster1 frequency=1382400
10-13 23:23:01.199   576   618 E QCALOG  : [MessageQ] ProcessNewMessage: [XTWiFi-PE] unknown deliver target [OS-Agent]
10-13 23:23:01.325   555   689 I ThermalEngine: cpu_frequency_pre_req: SS-SKIN_CONTROL_POWER: device=cluster0 frequency=1305600
10-13 23:23:01.326   555   689 I ThermalEngine: cpu_frequency_pre_req: SS-SKIN_CONTROL_PERF: device=cluster1 frequency=1612800
10-13 23:23:01.499   540  3060 I str_params: key: 'Type-C' value: ''
10-13 23:23:02.077   555   689 I ThermalEngine: cpu_frequency_pre_req: SS-SKIN_CONTROL_POWER: device=cluster0 frequency=1382400
10-13 23:23:02.077   555   689 I ThermalEngine: cpu_frequency_pre_req: SS-SKIN_CONTROL_PERF: device=cluster1 frequency=1747200
10-13 23:23:02.743   576   618 E QCALOG  : [MessageQ] ProcessNewMessage: [XT-CS] unknown deliver target [OS-Agent]
10-13 23:23:02.774   631   775 W XTCC-5.1.0.7: [CS-RIL-LISTENER] timerCallback fired for ril update registering, re-register
10-13 23:23:02.775   576   618 E QCALOG  : [MessageQ] ProcessNewMessage: [XT-CS] unknown deliver target [OS-Agent]
10-13 23:23:02.828   555   689 I ThermalEngine: cpu_frequency_pre_req: SS-SKIN_CONTROL_POWER: device=cluster0 frequency=1401600
10-13 23:23:02.829   555   689 I ThermalEngine: cpu_frequency_pre_req: SS-SKIN_CONTROL_PERF: device=cluster1 frequency=1804800
10-13 23:23:04.333   555   689 I ThermalEngine: cpu_frequency_pre_req: SS-SKIN_CONTROL_POWER: device=cluster0 frequency=1401600
10-13 23:23:04.584   555   689 I ThermalEngine: cpu_frequency_pre_req: SS-SKIN_CONTROL_PERF: device=cluster1 frequency=1747200
10-13 23:23:05.605   555   690 E ThermalEngine: Can't find property persist.sys.qti_case!
10-13 23:23:05.838   555   689 I ThermalEngine: cpu_frequency_pre_req: SS-SKIN_CONTROL_POWER: device=cluster0 frequency=1382400
10-13 23:23:05.838   555   689 I ThermalEngine: cpu_frequency_pre_req: SS-SKIN_CONTROL_PERF: device=cluster1 frequency=1612800
10-13 23:23:06.199   576   618 E QCALOG  : [MessageQ] ProcessNewMessage: [XTWiFi-PE] unknown deliver target [OS-Agent]
10-13 23:23:06.380 22860 22860 D WebView : evaluateJavascript=0
10-13 23:23:06.499   540 24213 I str_params: key: 'Type-C' value: ''
10-13 23:23:06.840   555   689 I ThermalEngine: cpu_frequency_pre_req: SS-SKIN_CONTROL_POWER: device=cluster0 frequency=1382400
10-13 23:23:06.840   555   689 I ThermalEngine: cpu_frequency_pre_req: SS-SKIN_CONTROL_PERF: device=cluster1 frequency=1612800
10-13 23:23:07.342   555   689 I ThermalEngine: cpu_frequency_pre_req: SS-SKIN_CONTROL_POWER: device=cluster0 frequency=1382400
10-13 23:23:07.342   555   689 I ThermalEngine: cpu_frequency_pre_req: SS-SKIN_CONTROL_PERF: device=cluster1 frequency=1612800
10-13 23:23:07.744   576   618 E QCALOG  : [MessageQ] ProcessNewMessage: [XT-CS] unknown deliver target [OS-Agent]
10-13 23:23:07.775   631   775 W XTCC-5.1.0.7: [CS-RIL-LISTENER] timerCallback fired for ril update registering, re-register
10-13 23:23:07.775   576   618 E QCALOG  : [MessageQ] ProcessNewMessage: [XT-CS] unknown deliver target [OS-Agent]
10-13 23:23:08.094   555   689 I ThermalEngine: cpu_frequency_pre_req: SS-SKIN_CONTROL_POWER: device=cluster0 frequency=1401600
10-13 23:23:08.094   555   689 I ThermalEngine: cpu_frequency_pre_req: SS-SKIN_CONTROL_PERF: device=cluster1 frequency=1747200
10-13 23:23:08.827 15576 15576 I chatty  : uid=1000(system) expire 10 lines
10-13 23:23:08.846   555   689 I ThermalEngine: cpu_frequency_pre_req: SS-SKIN_CONTROL_PERF: device=cluster1 frequency=1804800
10-13 23:23:09.849   555   689 I ThermalEngine: cpu_frequency_pre_req: SS-SKIN_CONTROL_POWER: device=cluster0 frequency=1382400
10-13 23:23:11.199   576   618 E QCALOG  : [MessageQ] ProcessNewMessage: [XTWiFi-PE] unknown deliver target [OS-Agent]
10-13 23:23:11.499   540 23647 I str_params: key: 'Type-C' value: ''
10-13 23:23:12.107   555   689 I ThermalEngine: cpu_frequency_pre_req: SS-SKIN_CONTROL_POWER: device=cluster0 frequency=1190400
10-13 23:23:12.107   555   689 I ThermalEngine: cpu_frequency_pre_req: SS-SKIN_CONTROL_PERF: device=cluster1 frequency=1382400
10-13 23:23:12.744   576   618 E QCALOG  : [MessageQ] ProcessNewMessage: [XT-CS] unknown deliver target [OS-Agent]
10-13 23:23:12.776   631   775 W XTCC-5.1.0.7: [CS-RIL-LISTENER] timerCallback fired for ril update registering, re-register
10-13 23:23:12.776   576   618 E QCALOG  : [MessageQ] ProcessNewMessage: [XT-CS] unknown deliver target [OS-Agent]
10-13 23:23:12.859   555   689 I ThermalEngine: cpu_frequency_pre_req: SS-SKIN_CONTROL_POWER: device=cluster0 frequency=1305600
10-13 23:23:12.859   555   689 I ThermalEngine: cpu_frequency_pre_req: SS-SKIN_CONTROL_PERF: device=cluster1 frequency=1612800
10-13 23:23:13.610   555   689 I ThermalEngine: cpu_frequency_pre_req: SS-SKIN_CONTROL_POWER: device=cluster0 frequency=1382400
10-13 23:23:13.611   555   689 I ThermalEngine: cpu_frequency_pre_req: SS-SKIN_CONTROL_PERF: device=cluster1 frequency=1747200
10-13 23:23:14.363   555   689 I ThermalEngine: cpu_frequency_pre_req: SS-SKIN_CONTROL_POWER: device=cluster0 frequency=1401600
10-13 23:23:14.364   555   689 I ThermalEngine: cpu_frequency_pre_req: SS-SKIN_CONTROL_PERF: device=cluster1 frequency=1804800
10-13 23:23:15.606   555   690 E ThermalEngine: Can't find property persist.sys.qti_case!
10-13 23:23:15.868   555   689 I ThermalEngine: cpu_frequency_pre_req: SS-SKIN_CONTROL_POWER: device=cluster0 frequency=1401600
10-13 23:23:16.079  1456 16912 I chatty  : uid=1000(system) Thread-3708 expire 11 lines
10-13 23:23:16.200   576   618 E QCALOG  : [MessageQ] ProcessNewMessage: [XTWiFi-PE] unknown deliver target [OS-Agent]
10-13 23:23:16.501   540  3062 I str_params: key: 'Type-C' value: ''
10-13 23:23:17.124   555   689 I ThermalEngine: cpu_frequency_pre_req: SS-SKIN_CONTROL_POWER: device=cluster0 frequency=1382400
10-13 23:23:17.124   555   689 I ThermalEngine: cpu_frequency_pre_req: SS-SKIN_CONTROL_PERF: device=cluster1 frequency=1612800
10-13 23:23:17.626   555   689 I ThermalEngine: cpu_frequency_pre_req: SS-SKIN_CONTROL_POWER: device=cluster0 frequency=1382400
10-13 23:23:17.627   555   689 I ThermalEngine: cpu_frequency_pre_req: SS-SKIN_CONTROL_PERF: device=cluster1 frequency=1612800
10-13 23:23:17.744   576   618 E QCALOG  : [MessageQ] ProcessNewMessage: [XT-CS] unknown deliver target [OS-Agent]
10-13 23:23:17.776   631   775 W XTCC-5.1.0.7: [CS-RIL-LISTENER] timerCallback fired for ril update registering, re-register
10-13 23:23:17.776   576   618 E QCALOG  : [MessageQ] ProcessNewMessage: [XT-CS] unknown deliver target [OS-Agent]
10-13 23:23:18.378   555   689 I ThermalEngine: cpu_frequency_pre_req: SS-SKIN_CONTROL_POWER: device=cluster0 frequency=1401600
10-13 23:23:18.379   555   689 I ThermalEngine: cpu_frequency_pre_req: SS-SKIN_CONTROL_PERF: device=cluster1 frequency=1747200
10-13 23:23:19.131   555   689 I ThermalEngine: cpu_frequency_pre_req: SS-SKIN_CONTROL_PERF: device=cluster1 frequency=1804800
10-13 23:23:19.634   555   689 I ThermalEngine: cpu_frequency_pre_req: SS-SKIN_CONTROL_POWER: device=cluster0 frequency=1382400
10-13 23:23:19.634   555   689 I ThermalEngine: cpu_frequency_pre_req: SS-SKIN_CONTROL_PERF: device=cluster1 frequency=1804800
10-13 23:23:21.200   576   618 E QCALOG  : [MessageQ] ProcessNewMessage: [XTWiFi-PE] unknown deliver target [OS-Agent]
10-13 23:23:21.501   540  1446 I str_params: key: 'Type-C' value: ''
10-13 23:23:22.143   555   689 I ThermalEngine: cpu_frequency_pre_req: SS-SKIN_CONTROL_POWER: device=cluster0 frequency=1190400
10-13 23:23:22.394   555   689 I ThermalEngine: cpu_frequency_pre_req: SS-SKIN_CONTROL_PERF: device=cluster1 frequency=1382400
10-13 23:23:22.745   576   618 E QCALOG  : [MessageQ] ProcessNewMessage: [XT-CS] unknown deliver target [OS-Agent]
10-13 23:23:22.777   631   775 W XTCC-5.1.0.7: [CS-RIL-LISTENER] timerCallback fired for ril update registering, re-register
10-13 23:23:22.777   576   618 E QCALOG  : [MessageQ] ProcessNewMessage: [XT-CS] unknown deliver target [OS-Agent]
10-13 23:23:22.896   555   689 I ThermalEngine: cpu_frequency_pre_req: SS-SKIN_CONTROL_POWER: device=cluster0 frequency=1305600
10-13 23:23:23.147   555   689 I ThermalEngine: cpu_frequency_pre_req: SS-SKIN_CONTROL_PERF: device=cluster1 frequency=1612800
10-13 23:23:23.648   555   689 I ThermalEngine: cpu_frequency_pre_req: SS-SKIN_CONTROL_POWER: device=cluster0 frequency=1382400
10-13 23:23:23.899   555   689 I ThermalEngine: cpu_frequency_pre_req: SS-SKIN_CONTROL_PERF: device=cluster1 frequency=1747200
10-13 23:23:24.400   555   689 I ThermalEngine: cpu_frequency_pre_req: SS-SKIN_CONTROL_POWER: device=cluster0 frequency=1401600
10-13 23:23:24.651   555   689 I ThermalEngine: cpu_frequency_pre_req: SS-SKIN_CONTROL_PERF: device=cluster1 frequency=1804800
10-13 23:23:25.607   555   690 E ThermalEngine: Can't find property persist.sys.qti_case!
10-13 23:23:26.157   555   689 I ThermalEngine: cpu_frequency_pre_req: SS-SKIN_CONTROL_POWER: device=cluster0 frequency=1382400
10-13 23:23:26.158   555   689 I ThermalEngine: cpu_frequency_pre_req: SS-SKIN_CONTROL_PERF: device=cluster1 frequency=1747200
10-13 23:23:26.200   576   618 E QCALOG  : [MessageQ] ProcessNewMessage: [XTWiFi-PE] unknown deliver target [OS-Agent]
10-13 23:23:26.501   540  3060 I str_params: key: 'Type-C' value: ''
10-13 23:23:26.911   555   689 I ThermalEngine: cpu_frequency_pre_req: SS-SKIN_CONTROL_POWER: device=cluster0 frequency=1382400
10-13 23:23:26.911   555   689 I ThermalEngine: cpu_frequency_pre_req: SS-SKIN_CONTROL_PERF: device=cluster1 frequency=1747200
10-13 23:23:27.746   576   618 E QCALOG  : [MessageQ] ProcessNewMessage: [XT-CS] unknown deliver target [OS-Agent]
10-13 23:23:27.777   631   775 W XTCC-5.1.0.7: [CS-RIL-LISTENER] timerCallback fired for ril update registering, re-register
10-13 23:23:27.777   576   618 E QCALOG  : [MessageQ] ProcessNewMessage: [XT-CS] unknown deliver target [OS-Agent]
10-13 23:23:27.914   555   689 I ThermalEngine: cpu_frequency_pre_req: SS-SKIN_CONTROL_POWER: device=cluster0 frequency=1382400
10-13 23:23:27.915   555   689 I ThermalEngine: cpu_frequency_pre_req: SS-SKIN_CONTROL_PERF: device=cluster1 frequency=1747200
10-13 23:23:29.671   555   689 I ThermalEngine: cpu_frequency_pre_req: SS-SKIN_CONTROL_POWER: device=cluster0 frequency=1305600
10-13 23:23:29.671   555   689 I ThermalEngine: cpu_frequency_pre_req: SS-SKIN_CONTROL_PERF: device=cluster1 frequency=1612800
10-13 23:23:30.423   555   689 I ThermalEngine: cpu_frequency_pre_req: SS-SKIN_CONTROL_POWER: device=cluster0 frequency=1382400
10-13 23:23:30.424   555   689 I ThermalEngine: cpu_frequency_pre_req: SS-SKIN_CONTROL_PERF: device=cluster1 frequency=1747200
10-13 23:23:31.176   555   689 I ThermalEngine: cpu_frequency_pre_req: SS-SKIN_CONTROL_POWER: device=cluster0 frequency=1401600
10-13 23:23:31.177   555   689 I ThermalEngine: cpu_frequency_pre_req: SS-SKIN_CONTROL_PERF: device=cluster1 frequency=1804800
10-13 23:23:31.201   576   618 E QCALOG  : [MessageQ] ProcessNewMessage: [XTWiFi-PE] unknown deliver target [OS-Agent]
10-13 23:23:31.501   540 24213 I str_params: key: 'Type-C' value: ''
10-13 23:23:32.746   576   618 E QCALOG  : [MessageQ] ProcessNewMessage: [XT-CS] unknown deliver target [OS-Agent]
10-13 23:23:32.778   631   775 W XTCC-5.1.0.7: [CS-RIL-LISTENER] timerCallback fired for ril update registering, re-register
10-13 23:23:32.778   576   618 E QCALOG  : [MessageQ] ProcessNewMessage: [XT-CS] unknown deliver target [OS-Agent]
10-13 23:23:33.937   555   689 I ThermalEngine: cpu_frequency_pre_req: SS-SKIN_CONTROL_POWER: device=cluster0 frequency=1190400
10-13 23:23:33.937   555   689 I ThermalEngine: cpu_frequency_pre_req: SS-SKIN_CONTROL_PERF: device=cluster1 frequency=1382400
10-13 23:23:34.689   555   689 I ThermalEngine: cpu_frequency_pre_req: SS-SKIN_CONTROL_POWER: device=cluster0 frequency=1305600
10-13 23:23:34.689   555   689 I ThermalEngine: cpu_frequency_pre_req: SS-SKIN_CONTROL_PERF: device=cluster1 frequency=1612800
10-13 23:23:35.440   555   689 I ThermalEngine: cpu_frequency_pre_req: SS-SKIN_CONTROL_POWER: device=cluster0 frequency=1382400
10-13 23:23:35.441   555   689 I ThermalEngine: cpu_frequency_pre_req: SS-SKIN_CONTROL_PERF: device=cluster1 frequency=1747200
10-13 23:23:35.607   555   690 E ThermalEngine: Can't find property persist.sys.qti_case!
10-13 23:23:36.192   555   689 I ThermalEngine: cpu_frequency_pre_req: SS-SKIN_CONTROL_POWER: device=cluster0 frequency=1401600
10-13 23:23:36.193   555   689 I ThermalEngine: cpu_frequency_pre_req: SS-SKIN_CONTROL_PERF: device=cluster1 frequency=1804800
10-13 23:23:36.202   576   618 E QCALOG  : [MessageQ] ProcessNewMessage: [XTWiFi-PE] unknown deliver target [OS-Agent]
10-13 23:23:36.501   540 23647 I str_params: key: 'Type-C' value: ''
10-13 23:23:37.698   555   689 I ThermalEngine: cpu_frequency_pre_req: SS-SKIN_CONTROL_POWER: device=cluster0 frequency=1401600
10-13 23:23:37.699   555   689 I ThermalEngine: cpu_frequency_pre_req: SS-SKIN_CONTROL_PERF: device=cluster1 frequency=1804800
10-13 23:23:37.747   576   618 E QCALOG  : [MessageQ] ProcessNewMessage: [XT-CS] unknown deliver target [OS-Agent]
10-13 23:23:37.779   631   775 W XTCC-5.1.0.7: [CS-RIL-LISTENER] timerCallback fired for ril update registering, re-register
10-13 23:23:37.779   576   618 E QCALOG  : [MessageQ] ProcessNewMessage: [XT-CS] unknown deliver target [OS-Agent]
10-13 23:23:38.452   555   689 I ThermalEngine: cpu_frequency_pre_req: SS-SKIN_CONTROL_POWER: device=cluster0 frequency=1401600
10-13 23:23:38.453   555   689 I ThermalEngine: cpu_frequency_pre_req: SS-SKIN_CONTROL_PERF: device=cluster1 frequency=1804800
10-13 23:23:41.202   576   618 E QCALOG  : [MessageQ] ProcessNewMessage: [XTWiFi-PE] unknown deliver target [OS-Agent]
10-13 23:23:41.464   555   689 I ThermalEngine: cpu_frequency_pre_req: SS-SKIN_CONTROL_POWER: device=cluster0 frequency=1190400
10-13 23:23:41.464   555   689 I ThermalEngine: cpu_frequency_pre_req: SS-SKIN_CONTROL_PERF: device=cluster1 frequency=1382400
10-13 23:23:41.502   540  3062 I str_params: key: 'Type-C' value: ''
10-13 23:23:41.941  1456  3544 D ActivityManager: getContentProviderImpl: from caller=android.app.ApplicationThreadProxy@d72ab3 (pid=24328, calling Proc=ProcessRecord{a02f433 24328:com.google.android.gms.persistent/u0a15, isShadow:false}) to get content provider com.google.android.gsf.gservices cpr=ContentProviderRecord{7a407c7 u0 com.google.android.gsf/.gservices.GservicesProvider}
10-13 23:23:42.215   555   689 I ThermalEngine: cpu_frequency_pre_req: SS-SKIN_CONTROL_POWER: device=cluster0 frequency=1305600
10-13 23:23:42.216   555   689 I ThermalEngine: cpu_frequency_pre_req: SS-SKIN_CONTROL_PERF: device=cluster1 frequency=1612800
10-13 23:23:42.747   576   618 E QCALOG  : [MessageQ] ProcessNewMessage: [XT-CS] unknown deliver target [OS-Agent]
10-13 23:23:42.779   631   775 W XTCC-5.1.0.7: [CS-RIL-LISTENER] timerCallback fired for ril update registering, re-register
10-13 23:23:42.779   576   618 E QCALOG  : [MessageQ] ProcessNewMessage: [XT-CS] unknown deliver target [OS-Agent]
10-13 23:23:42.967   555   689 I ThermalEngine: cpu_frequency_pre_req: SS-SKIN_CONTROL_POWER: device=cluster0 frequency=1382400
10-13 23:23:42.968   555   689 I ThermalEngine: cpu_frequency_pre_req: SS-SKIN_CONTROL_PERF: device=cluster1 frequency=1747200
10-13 23:23:43.719   555   689 I ThermalEngine: cpu_frequency_pre_req: SS-SKIN_CONTROL_POWER: device=cluster0 frequency=1401600
10-13 23:23:43.720   555   689 I ThermalEngine: cpu_frequency_pre_req: SS-SKIN_CONTROL_PERF: device=cluster1 frequency=1804800
10-13 23:23:45.608   555   690 E ThermalEngine: Can't find property persist.sys.qti_case!
10-13 23:23:46.203   576   618 E QCALOG  : [MessageQ] ProcessNewMessage: [XTWiFi-PE] unknown deliver target [OS-Agent]
10-13 23:23:46.503   540  1446 I str_params: key: 'Type-C' value: ''
10-13 23:23:46.729   555   689 I ThermalEngine: cpu_frequency_pre_req: SS-SKIN_CONTROL_POWER: device=cluster0 frequency=1305600
10-13 23:23:46.729   555   689 I ThermalEngine: cpu_frequency_pre_req: SS-SKIN_CONTROL_PERF: device=cluster1 frequency=1612800
10-13 23:23:47.481   555   689 I ThermalEngine: cpu_frequency_pre_req: SS-SKIN_CONTROL_POWER: device=cluster0 frequency=1382400
10-13 23:23:47.481   555   689 I ThermalEngine: cpu_frequency_pre_req: SS-SKIN_CONTROL_PERF: device=cluster1 frequency=1747200
10-13 23:23:47.748   576   618 E QCALOG  : [MessageQ] ProcessNewMessage: [XT-CS] unknown deliver target [OS-Agent]
10-13 23:23:47.779   631   775 W XTCC-5.1.0.7: [CS-RIL-LISTENER] timerCallback fired for ril update registering, re-register
10-13 23:23:47.780   576   618 E QCALOG  : [MessageQ] ProcessNewMessage: [XT-CS] unknown deliver target [OS-Agent]
10-13 23:23:48.233   555   689 I ThermalEngine: cpu_frequency_pre_req: SS-SKIN_CONTROL_POWER: device=cluster0 frequency=1401600
10-13 23:23:48.234   555   689 I ThermalEngine: cpu_frequency_pre_req: SS-SKIN_CONTROL_PERF: device=cluster1 frequency=1804800
10-13 23:23:48.987   555   689 I ThermalEngine: cpu_frequency_pre_req: SS-SKIN_CONTROL_POWER: device=cluster0 frequency=1401600
10-13 23:23:48.988   555   689 I ThermalEngine: cpu_frequency_pre_req: SS-SKIN_CONTROL_PERF: device=cluster1 frequency=1804800
10-13 23:23:51.203   576   618 E QCALOG  : [MessageQ] ProcessNewMessage: [XTWiFi-PE] unknown deliver target [OS-Agent]
10-13 23:23:51.504   540  3060 I str_params: key: 'Type-C' value: ''
10-13 23:23:51.748   555   689 I ThermalEngine: cpu_frequency_pre_req: SS-SKIN_CONTROL_POWER: device=cluster0 frequency=1190400
10-13 23:23:51.748   555   689 I ThermalEngine: cpu_frequency_pre_req: SS-SKIN_CONTROL_PERF: device=cluster1 frequency=1382400
10-13 23:23:52.500   555   689 I ThermalEngine: cpu_frequency_pre_req: SS-SKIN_CONTROL_POWER: device=cluster0 frequency=1305600
10-13 23:23:52.500   555   689 I ThermalEngine: cpu_frequency_pre_req: SS-SKIN_CONTROL_PERF: device=cluster1 frequency=1612800
10-13 23:23:52.748   576   618 E QCALOG  : [MessageQ] ProcessNewMessage: [XT-CS] unknown deliver target [OS-Agent]
10-13 23:23:52.780   631   775 W XTCC-5.1.0.7: [CS-RIL-LISTENER] timerCallback fired for ril update registering, re-register
10-13 23:23:52.780   576   618 E QCALOG  : [MessageQ] ProcessNewMessage: [XT-CS] unknown deliver target [OS-Agent]
10-13 23:23:52.859  4352  4352 W perfd   : type=1400 audit(0.0:204625): avc: denied { signull } for scontext=u:r:perfd:s0 tcontext=u:r:system_server:s0 tclass=process permissive=0
10-13 23:23:52.988 15959 15959 D UsageStatsReportService: onDestroy!!!
10-13 23:23:53.252   555   689 I ThermalEngine: cpu_frequency_pre_req: SS-SKIN_CONTROL_POWER: device=cluster0 frequency=1382400
10-13 23:23:53.252   555   689 I ThermalEngine: cpu_frequency_pre_req: SS-SKIN_CONTROL_PERF: device=cluster1 frequency=1747200
10-13 23:23:54.004   555   689 I ThermalEngine: cpu_frequency_pre_req: SS-SKIN_CONTROL_POWER: device=cluster0 frequency=1401600
10-13 23:23:54.005   555   689 I ThermalEngine: cpu_frequency_pre_req: SS-SKIN_CONTROL_PERF: device=cluster1 frequency=1804800
10-13 23:23:55.510   555   689 I ThermalEngine: cpu_frequency_pre_req: SS-SKIN_CONTROL_POWER: device=cluster0 frequency=1382400
10-13 23:23:55.511   555   689 I ThermalEngine: cpu_frequency_pre_req: SS-SKIN_CONTROL_PERF: device=cluster1 frequency=1747200
10-13 23:23:55.608   555   690 E ThermalEngine: Can't find property persist.sys.qti_case!
10-13 23:23:56.204   576   618 E QCALOG  : [MessageQ] ProcessNewMessage: [XTWiFi-PE] unknown deliver target [OS-Agent]
10-13 23:23:56.505   540 24213 I str_params: key: 'Type-C' value: ''
10-13 23:23:57.518   555   689 I ThermalEngine: cpu_frequency_pre_req: SS-SKIN_CONTROL_PERF: device=cluster1 frequency=1612800
10-13 23:23:57.749   576   618 E QCALOG  : [MessageQ] ProcessNewMessage: [XT-CS] unknown deliver target [OS-Agent]
10-13 23:23:57.768   555   689 I ThermalEngine: cpu_frequency_pre_req: SS-SKIN_CONTROL_POWER: device=cluster0 frequency=1190400
10-13 23:23:57.780   631   775 W XTCC-5.1.0.7: [CS-RIL-LISTENER] timerCallback fired for ril update registering, re-register
10-13 23:23:57.781   576   618 E QCALOG  : [MessageQ] ProcessNewMessage: [XT-CS] unknown deliver target [OS-Agent]
10-13 23:23:58.270   555   689 I ThermalEngine: cpu_frequency_pre_req: SS-SKIN_CONTROL_PERF: device=cluster1 frequency=1747200
10-13 23:23:58.520   555   689 I ThermalEngine: cpu_frequency_pre_req: SS-SKIN_CONTROL_POWER: device=cluster0 frequency=1305600
10-13 23:24:00.026   555   689 I ThermalEngine: cpu_frequency_pre_req: SS-SKIN_CONTROL_POWER: device=cluster0 frequency=1190400
10-13 23:24:00.026   555   689 I ThermalEngine: cpu_frequency_pre_req: SS-SKIN_CONTROL_PERF: device=cluster1 frequency=1612800
10-13 23:24:00.779   555   689 I ThermalEngine: cpu_frequency_pre_req: SS-SKIN_CONTROL_POWER: device=cluster0 frequency=1305600
10-13 23:24:00.779   555   689 I ThermalEngine: cpu_frequency_pre_req: SS-SKIN_CONTROL_PERF: device=cluster1 frequency=1747200
10-13 23:24:01.204   576   618 E QCALOG  : [MessageQ] ProcessNewMessage: [XTWiFi-PE] unknown deliver target [OS-Agent]
10-13 23:24:01.506   540 23647 I str_params: key: 'Type-C' value: ''
10-13 23:24:01.530   555   689 I ThermalEngine: cpu_frequency_pre_req: SS-SKIN_CONTROL_POWER: device=cluster0 frequency=1382400
10-13 23:24:01.530   555   689 I ThermalEngine: cpu_frequency_pre_req: SS-SKIN_CONTROL_PERF: device=cluster1 frequency=1804800
10-13 23:24:02.534   555   689 I ThermalEngine: cpu_frequency_pre_req: SS-SKIN_CONTROL_POWER: device=cluster0 frequency=1382400
10-13 23:24:02.535   555   689 I ThermalEngine: cpu_frequency_pre_req: SS-SKIN_CONTROL_PERF: device=cluster1 frequency=1804800
10-13 23:24:02.749   576   618 E QCALOG  : [MessageQ] ProcessNewMessage: [XT-CS] unknown deliver target [OS-Agent]
10-13 23:24:02.781   631   775 W XTCC-5.1.0.7: [CS-RIL-LISTENER] timerCallback fired for ril update registering, re-register
10-13 23:24:02.781   576   618 E QCALOG  : [MessageQ] ProcessNewMessage: [XT-CS] unknown deliver target [OS-Agent]
10-13 23:24:04.731  1456 16912 I chatty  : uid=1000(system) Thread-3708 expire 10 lines
10-13 23:24:05.609   555   690 E ThermalEngine: Can't find property persist.sys.qti_case!
10-13 23:24:05.796   555   689 I ThermalEngine: cpu_frequency_pre_req: SS-SKIN_CONTROL_POWER: device=cluster0 frequency=1190400
10-13 23:24:05.796   555   689 I ThermalEngine: cpu_frequency_pre_req: SS-SKIN_CONTROL_PERF: device=cluster1 frequency=1382400
10-13 23:24:06.205   576   618 E QCALOG  : [MessageQ] ProcessNewMessage: [XTWiFi-PE] unknown deliver target [OS-Agent]
10-13 23:24:06.388 22860 22860 D WebView : evaluateJavascript=0
10-13 23:24:06.506   540  3062 I str_params: key: 'Type-C' value: ''
10-13 23:24:06.548   555   689 I ThermalEngine: cpu_frequency_pre_req: SS-SKIN_CONTROL_POWER: device=cluster0 frequency=1305600
10-13 23:24:06.548   555   689 I ThermalEngine: cpu_frequency_pre_req: SS-SKIN_CONTROL_PERF: device=cluster1 frequency=1612800
10-13 23:24:07.300   555   689 I ThermalEngine: cpu_frequency_pre_req: SS-SKIN_CONTROL_POWER: device=cluster0 frequency=1382400
10-13 23:24:07.301   555   689 I ThermalEngine: cpu_frequency_pre_req: SS-SKIN_CONTROL_PERF: device=cluster1 frequency=1747200
10-13 23:24:07.750   576   618 E QCALOG  : [MessageQ] ProcessNewMessage: [XT-CS] unknown deliver target [OS-Agent]
10-13 23:24:07.781   631   775 W XTCC-5.1.0.7: [CS-RIL-LISTENER] timerCallback fired for ril update registering, re-register
10-13 23:24:07.781   576   618 E QCALOG  : [MessageQ] ProcessNewMessage: [XT-CS] unknown deliver target [OS-Agent]
10-13 23:24:08.053   555   689 I ThermalEngine: cpu_frequency_pre_req: SS-SKIN_CONTROL_POWER: device=cluster0 frequency=1401600
10-13 23:24:08.053   555   689 I ThermalEngine: cpu_frequency_pre_req: SS-SKIN_CONTROL_PERF: device=cluster1 frequency=1804800
10-13 23:24:09.809   555   689 I ThermalEngine: cpu_frequency_pre_req: SS-SKIN_CONTROL_POWER: device=cluster0 frequency=1382400
10-13 23:24:09.809   555   689 I ThermalEngine: cpu_frequency_pre_req: SS-SKIN_CONTROL_PERF: device=cluster1 frequency=1747200
10-13 23:24:11.206   576   618 E QCALOG  : [MessageQ] ProcessNewMessage: [XTWiFi-PE] unknown deliver target [OS-Agent]
10-13 23:24:11.506   540  1446 I str_params: key: 'Type-C' value: ''
10-13 23:24:11.816   555   689 I ThermalEngine: cpu_frequency_pre_req: SS-SKIN_CONTROL_POWER: device=cluster0 frequency=1305600
10-13 23:24:11.816   555   689 I ThermalEngine: cpu_frequency_pre_req: SS-SKIN_CONTROL_PERF: device=cluster1 frequency=1612800
10-13 23:24:12.318   555   689 I ThermalEngine: cpu_frequency_pre_req: SS-SKIN_CONTROL_POWER: device=cluster0 frequency=1305600
10-13 23:24:12.319   555   689 I ThermalEngine: cpu_frequency_pre_req: SS-SKIN_CONTROL_PERF: device=cluster1 frequency=1612800
10-13 23:24:12.750   576   618 E QCALOG  : [MessageQ] ProcessNewMessage: [XT-CS] unknown deliver target [OS-Agent]
10-13 23:24:12.782   631   775 W XTCC-5.1.0.7: [CS-RIL-LISTENER] timerCallback fired for ril update registering, re-register
10-13 23:24:12.782   576   618 E QCALOG  : [MessageQ] ProcessNewMessage: [XT-CS] unknown deliver target [OS-Agent]
10-13 23:24:12.821   555   689 I ThermalEngine: cpu_frequency_pre_req: SS-SKIN_CONTROL_POWER: device=cluster0 frequency=1305600
10-13 23:24:12.821   555   689 I ThermalEngine: cpu_frequency_pre_req: SS-SKIN_CONTROL_PERF: device=cluster1 frequency=1612800
10-13 23:24:13.573   555   689 I ThermalEngine: cpu_frequency_pre_req: SS-SKIN_CONTROL_POWER: device=cluster0 frequency=1382400
10-13 23:24:13.573   555   689 I ThermalEngine: cpu_frequency_pre_req: SS-SKIN_CONTROL_PERF: device=cluster1 frequency=1747200
10-13 23:24:14.325   555   689 I ThermalEngine: cpu_frequency_pre_req: SS-SKIN_CONTROL_POWER: device=cluster0 frequency=1401600
10-13 23:24:14.326   555   689 I ThermalEngine: cpu_frequency_pre_req: SS-SKIN_CONTROL_PERF: device=cluster1 frequency=1804800
10-13 23:24:15.609   555   690 E ThermalEngine: Can't find property persist.sys.qti_case!
10-13 23:24:16.206   576   618 E QCALOG  : [MessageQ] ProcessNewMessage: [XTWiFi-PE] unknown deliver target [OS-Agent]
10-13 23:24:16.507   540  3060 I str_params: key: 'Type-C' value: ''
10-13 23:24:17.750   576   618 E QCALOG  : [MessageQ] ProcessNewMessage: [XT-CS] unknown deliver target [OS-Agent]
10-13 23:24:17.782   631   775 W XTCC-5.1.0.7: [CS-RIL-LISTENER] timerCallback fired for ril update registering, re-register
10-13 23:24:17.783   576   618 E QCALOG  : [MessageQ] ProcessNewMessage: [XT-CS] unknown deliver target [OS-Agent]
10-13 23:24:17.837   555   689 I ThermalEngine: cpu_frequency_pre_req: SS-SKIN_CONTROL_POWER: device=cluster0 frequency=1190400
10-13 23:24:17.837   555   689 I ThermalEngine: cpu_frequency_pre_req: SS-SKIN_CONTROL_PERF: device=cluster1 frequency=1382400
10-13 23:24:18.589   555   689 I ThermalEngine: cpu_frequency_pre_req: SS-SKIN_CONTROL_POWER: device=cluster0 frequency=1305600
10-13 23:24:18.590   555   689 I ThermalEngine: cpu_frequency_pre_req: SS-SKIN_CONTROL_PERF: device=cluster1 frequency=1612800
10-13 23:24:18.832 15576 15576 I chatty  : uid=1000(system) expire 10 lines
10-13 23:24:19.341   555   689 I ThermalEngine: cpu_frequency_pre_req: SS-SKIN_CONTROL_POWER: device=cluster0 frequency=1382400
10-13 23:24:19.342   555   689 I ThermalEngine: cpu_frequency_pre_req: SS-SKIN_CONTROL_PERF: device=cluster1 frequency=1747200
10-13 23:24:20.094   555   689 I ThermalEngine: cpu_frequency_pre_req: SS-SKIN_CONTROL_POWER: device=cluster0 frequency=1401600
10-13 23:24:20.095   555   689 I ThermalEngine: cpu_frequency_pre_req: SS-SKIN_CONTROL_PERF: device=cluster1 frequency=1804800
10-13 23:24:21.207   576   618 E QCALOG  : [MessageQ] ProcessNewMessage: [XTWiFi-PE] unknown deliver target [OS-Agent]
10-13 23:24:21.508   540 24213 I str_params: key: 'Type-C' value: ''
10-13 23:24:21.599   555   689 I ThermalEngine: cpu_frequency_pre_req: SS-SKIN_CONTROL_POWER: device=cluster0 frequency=1401600
10-13 23:24:21.600   555   689 I ThermalEngine: cpu_frequency_pre_req: SS-SKIN_CONTROL_PERF: device=cluster1 frequency=1804800
10-13 23:24:22.751   576   618 E QCALOG  : [MessageQ] ProcessNewMessage: [XT-CS] unknown deliver target [OS-Agent]
10-13 23:24:22.783   631   775 W XTCC-5.1.0.7: [CS-RIL-LISTENER] timerCallback fired for ril update registering, re-register
10-13 23:24:22.783   576   618 E QCALOG  : [MessageQ] ProcessNewMessage: [XT-CS] unknown deliver target [OS-Agent]
10-13 23:24:23.859   555   689 I ThermalEngine: cpu_frequency_pre_req: SS-SKIN_CONTROL_POWER: device=cluster0 frequency=1305600
10-13 23:24:23.859   555   689 I ThermalEngine: cpu_frequency_pre_req: SS-SKIN_CONTROL_PERF: device=cluster1 frequency=1612800
10-13 23:24:24.862   555   689 I ThermalEngine: cpu_frequency_pre_req: SS-SKIN_CONTROL_POWER: device=cluster0 frequency=1305600
10-13 23:24:24.862   555   689 I ThermalEngine: cpu_frequency_pre_req: SS-SKIN_CONTROL_PERF: device=cluster1 frequency=1612800
10-13 23:24:25.609   555   690 E ThermalEngine: Can't find property persist.sys.qti_case!
10-13 23:24:25.613   555   689 I ThermalEngine: cpu_frequency_pre_req: SS-SKIN_CONTROL_POWER: device=cluster0 frequency=1382400
10-13 23:24:25.614   555   689 I ThermalEngine: cpu_frequency_pre_req: SS-SKIN_CONTROL_PERF: device=cluster1 frequency=1747200
10-13 23:24:26.207   576   618 E QCALOG  : [MessageQ] ProcessNewMessage: [XTWiFi-PE] unknown deliver target [OS-Agent]
10-13 23:24:26.366   555   689 I ThermalEngine: cpu_frequency_pre_req: SS-SKIN_CONTROL_POWER: device=cluster0 frequency=1401600
10-13 23:24:26.367   555   689 I ThermalEngine: cpu_frequency_pre_req: SS-SKIN_CONTROL_PERF: device=cluster1 frequency=1804800
10-13 23:24:26.508   540 23647 I str_params: key: 'Type-C' value: ''
10-13 23:24:27.119   555   689 I ThermalEngine: cpu_frequency_pre_req: SS-SKIN_CONTROL_POWER: device=cluster0 frequency=1401600
10-13 23:24:27.120   555   689 I ThermalEngine: cpu_frequency_pre_req: SS-SKIN_CONTROL_PERF: device=cluster1 frequency=1804800
10-13 23:24:27.751   576   618 E QCALOG  : [MessageQ] ProcessNewMessage: [XT-CS] unknown deliver target [OS-Agent]
10-13 23:24:27.784   631   775 W XTCC-5.1.0.7: [CS-RIL-LISTENER] timerCallback fired for ril update registering, re-register
10-13 23:24:27.784   576   618 E QCALOG  : [MessageQ] ProcessNewMessage: [XT-CS] unknown deliver target [OS-Agent]
10-13 23:24:29.629   555   689 I ThermalEngine: cpu_frequency_pre_req: SS-SKIN_CONTROL_POWER: device=cluster0 frequency=1305600
10-13 23:24:29.629   555   689 I ThermalEngine: cpu_frequency_pre_req: SS-SKIN_CONTROL_PERF: device=cluster1 frequency=1612800
10-13 23:24:29.838 15576 15576 I chatty  : uid=1000(system) expire 10 lines
10-13 23:24:30.632   555   689 I ThermalEngine: cpu_frequency_pre_req: SS-SKIN_CONTROL_POWER: device=cluster0 frequency=1305600
10-13 23:24:30.632   555   689 I ThermalEngine: cpu_frequency_pre_req: SS-SKIN_CONTROL_PERF: device=cluster1 frequency=1612800
10-13 23:24:31.208   576   618 E QCALOG  : [MessageQ] ProcessNewMessage: [XTWiFi-PE] unknown deliver target [OS-Agent]
10-13 23:24:31.384   555   689 I ThermalEngine: cpu_frequency_pre_req: SS-SKIN_CONTROL_POWER: device=cluster0 frequency=1382400
10-13 23:24:31.385   555   689 I ThermalEngine: cpu_frequency_pre_req: SS-SKIN_CONTROL_PERF: device=cluster1 frequency=1747200
10-13 23:24:31.508   540  3062 I str_params: key: 'Type-C' value: ''
10-13 23:24:32.137   555   689 I ThermalEngine: cpu_frequency_pre_req: SS-SKIN_CONTROL_POWER: device=cluster0 frequency=1401600
10-13 23:24:32.137   555   689 I ThermalEngine: cpu_frequency_pre_req: SS-SKIN_CONTROL_PERF: device=cluster1 frequency=1804800
10-13 23:24:32.752   576   618 E QCALOG  : [MessageQ] ProcessNewMessage: [XT-CS] unknown deliver target [OS-Agent]
10-13 23:24:32.784   631   775 W XTCC-5.1.0.7: [CS-RIL-LISTENER] timerCallback fired for ril update registering, re-register
10-13 23:24:32.785   576   618 E QCALOG  : [MessageQ] ProcessNewMessage: [XT-CS] unknown deliver target [OS-Agent]
10-13 23:24:32.891   555   689 I ThermalEngine: cpu_frequency_pre_req: SS-SKIN_CONTROL_POWER: device=cluster0 frequency=1401600
10-13 23:24:32.891   555   689 I ThermalEngine: cpu_frequency_pre_req: SS-SKIN_CONTROL_PERF: device=cluster1 frequency=1804800
10-13 23:24:35.609   555   690 E ThermalEngine: Can't find property persist.sys.qti_case!
10-13 23:24:36.153   555   689 I ThermalEngine: cpu_frequency_pre_req: SS-SKIN_CONTROL_POWER: device=cluster0 frequency=1190400
10-13 23:24:36.153   555   689 I ThermalEngine: cpu_frequency_pre_req: SS-SKIN_CONTROL_PERF: device=cluster1 frequency=1382400
10-13 23:24:36.209   576   618 E QCALOG  : [MessageQ] ProcessNewMessage: [XTWiFi-PE] unknown deliver target [OS-Agent]
10-13 23:24:36.509   540  1446 I str_params: key: 'Type-C' value: ''
10-13 23:24:36.905   555   689 I ThermalEngine: cpu_frequency_pre_req: SS-SKIN_CONTROL_POWER: device=cluster0 frequency=1305600
10-13 23:24:36.906   555   689 I ThermalEngine: cpu_frequency_pre_req: SS-SKIN_CONTROL_PERF: device=cluster1 frequency=1612800
10-13 23:24:37.657   555   689 I ThermalEngine: cpu_frequency_pre_req: SS-SKIN_CONTROL_POWER: device=cluster0 frequency=1382400
10-13 23:24:37.658   555   689 I ThermalEngine: cpu_frequency_pre_req: SS-SKIN_CONTROL_PERF: device=cluster1 frequency=1747200
10-13 23:24:37.752   576   618 E QCALOG  : [MessageQ] ProcessNewMessage: [XT-CS] unknown deliver target [OS-Agent]
10-13 23:24:37.785   631   775 W XTCC-5.1.0.7: [CS-RIL-LISTENER] timerCallback fired for ril update registering, re-register
10-13 23:24:37.785   576   618 E QCALOG  : [MessageQ] ProcessNewMessage: [XT-CS] unknown deliver target [OS-Agent]
10-13 23:24:38.409   555   689 I ThermalEngine: cpu_frequency_pre_req: SS-SKIN_CONTROL_POWER: device=cluster0 frequency=1401600
10-13 23:24:38.410   555   689 I ThermalEngine: cpu_frequency_pre_req: SS-SKIN_CONTROL_PERF: device=cluster1 frequency=1804800
10-13 23:24:39.665   555   689 I ThermalEngine: cpu_frequency_pre_req: SS-SKIN_CONTROL_POWER: device=cluster0 frequency=1382400
10-13 23:24:39.665   555   689 I ThermalEngine: cpu_frequency_pre_req: SS-SKIN_CONTROL_PERF: device=cluster1 frequency=1747200
10-13 23:24:41.209   576   618 E QCALOG  : [MessageQ] ProcessNewMessage: [XTWiFi-PE] unknown deliver target [OS-Agent]
10-13 23:24:41.421   555   689 I ThermalEngine: cpu_frequency_pre_req: SS-SKIN_CONTROL_POWER: device=cluster0 frequency=1305600
10-13 23:24:41.509   540  3060 I str_params: key: 'Type-C' value: ''
10-13 23:24:41.922   555   689 I ThermalEngine: cpu_frequency_pre_req: SS-SKIN_CONTROL_POWER: device=cluster0 frequency=1305600
10-13 23:24:41.923   555   689 I ThermalEngine: cpu_frequency_pre_req: SS-SKIN_CONTROL_PERF: device=cluster1 frequency=1612800
10-13 23:24:42.674   555   689 I ThermalEngine: cpu_frequency_pre_req: SS-SKIN_CONTROL_POWER: device=cluster0 frequency=1382400
10-13 23:24:42.675   555   689 I ThermalEngine: cpu_frequency_pre_req: SS-SKIN_CONTROL_PERF: device=cluster1 frequency=1747200
10-13 23:24:42.753   576   618 E QCALOG  : [MessageQ] ProcessNewMessage: [XT-CS] unknown deliver target [OS-Agent]
10-13 23:24:42.786   631   775 W XTCC-5.1.0.7: [CS-RIL-LISTENER] timerCallback fired for ril update registering, re-register
10-13 23:24:42.786   576   618 E QCALOG  : [MessageQ] ProcessNewMessage: [XT-CS] unknown deliver target [OS-Agent]
10-13 23:24:43.426   555   689 I ThermalEngine: cpu_frequency_pre_req: SS-SKIN_CONTROL_POWER: device=cluster0 frequency=1401600
10-13 23:24:43.427   555   689 I ThermalEngine: cpu_frequency_pre_req: SS-SKIN_CONTROL_PERF: device=cluster1 frequency=1804800
10-13 23:24:44.430   555   689 I ThermalEngine: cpu_frequency_pre_req: SS-SKIN_CONTROL_POWER: device=cluster0 frequency=1401600
10-13 23:24:44.431   555   689 I ThermalEngine: cpu_frequency_pre_req: SS-SKIN_CONTROL_PERF: device=cluster1 frequency=1804800
10-13 23:24:45.610   555   690 E ThermalEngine: Can't find property persist.sys.qti_case!
10-13 23:24:46.209   576   618 E QCALOG  : [MessageQ] ProcessNewMessage: [XTWiFi-PE] unknown deliver target [OS-Agent]
10-13 23:24:46.510   540 24213 I str_params: key: 'Type-C' value: ''
10-13 23:24:47.442   555   689 I ThermalEngine: cpu_frequency_pre_req: SS-SKIN_CONTROL_POWER: device=cluster0 frequency=1190400
10-13 23:24:47.442   555   689 I ThermalEngine: cpu_frequency_pre_req: SS-SKIN_CONTROL_PERF: device=cluster1 frequency=1382400
10-13 23:24:47.753   576   618 E QCALOG  : [MessageQ] ProcessNewMessage: [XT-CS] unknown deliver target [OS-Agent]
10-13 23:24:47.786   631   775 W XTCC-5.1.0.7: [CS-RIL-LISTENER] timerCallback fired for ril update registering, re-register
10-13 23:24:47.787   576   618 E QCALOG  : [MessageQ] ProcessNewMessage: [XT-CS] unknown deliver target [OS-Agent]
10-13 23:24:48.194   555   689 I ThermalEngine: cpu_frequency_pre_req: SS-SKIN_CONTROL_POWER: device=cluster0 frequency=1305600
10-13 23:24:48.194   555   689 I ThermalEngine: cpu_frequency_pre_req: SS-SKIN_CONTROL_PERF: device=cluster1 frequency=1612800
10-13 23:24:48.845 15576 15576 I chatty  : uid=1000(system) expire 7 lines
10-13 23:24:48.946   555   689 I ThermalEngine: cpu_frequency_pre_req: SS-SKIN_CONTROL_POWER: device=cluster0 frequency=1382400
10-13 23:24:48.946   555   689 I ThermalEngine: cpu_frequency_pre_req: SS-SKIN_CONTROL_PERF: device=cluster1 frequency=1747200
10-13 23:24:49.698   555   689 I ThermalEngine: cpu_frequency_pre_req: SS-SKIN_CONTROL_POWER: device=cluster0 frequency=1401600
10-13 23:24:49.699   555   689 I ThermalEngine: cpu_frequency_pre_req: SS-SKIN_CONTROL_PERF: device=cluster1 frequency=1804800
10-13 23:24:51.204   555   689 I ThermalEngine: cpu_frequency_pre_req: SS-SKIN_CONTROL_POWER: device=cluster0 frequency=1401600
10-13 23:24:51.205   555   689 I ThermalEngine: cpu_frequency_pre_req: SS-SKIN_CONTROL_PERF: device=cluster1 frequency=1804800
10-13 23:24:51.210   576   618 E QCALOG  : [MessageQ] ProcessNewMessage: [XTWiFi-PE] unknown deliver target [OS-Agent]
10-13 23:24:51.510   540 23647 I str_params: key: 'Type-C' value: ''
10-13 23:24:52.754   576   618 E QCALOG  : [MessageQ] ProcessNewMessage: [XT-CS] unknown deliver target [OS-Agent]
10-13 23:24:52.786   631   775 W XTCC-5.1.0.7: [CS-RIL-LISTENER] timerCallback fired for ril update registering, re-register
10-13 23:24:52.787   576   618 E QCALOG  : [MessageQ] ProcessNewMessage: [XT-CS] unknown deliver target [OS-Agent]
10-13 23:24:52.859  4352  4352 W perfd   : type=1400 audit(0.0:204626): avc: denied { signull } for scontext=u:r:perfd:s0 tcontext=u:r:system_server:s0 tclass=process permissive=0
10-13 23:24:54.216   555   689 I ThermalEngine: cpu_frequency_pre_req: SS-SKIN_CONTROL_POWER: device=cluster0 frequency=1190400
10-13 23:24:54.217   555   689 I ThermalEngine: cpu_frequency_pre_req: SS-SKIN_CONTROL_PERF: device=cluster1 frequency=1382400
10-13 23:24:54.969   555   689 I ThermalEngine: cpu_frequency_pre_req: SS-SKIN_CONTROL_POWER: device=cluster0 frequency=1305600
10-13 23:24:54.969   555   689 I ThermalEngine: cpu_frequency_pre_req: SS-SKIN_CONTROL_PERF: device=cluster1 frequency=1612800
10-13 23:24:55.610   555   690 E ThermalEngine: Can't find property persist.sys.qti_case!
10-13 23:24:55.720   555   689 I ThermalEngine: cpu_frequency_pre_req: SS-SKIN_CONTROL_POWER: device=cluster0 frequency=1382400
10-13 23:24:55.721   555   689 I ThermalEngine: cpu_frequency_pre_req: SS-SKIN_CONTROL_PERF: device=cluster1 frequency=1747200
10-13 23:24:56.210   576   618 E QCALOG  : [MessageQ] ProcessNewMessage: [XTWiFi-PE] unknown deliver target [OS-Agent]
10-13 23:24:56.472   555   689 I ThermalEngine: cpu_frequency_pre_req: SS-SKIN_CONTROL_POWER: device=cluster0 frequency=1401600
10-13 23:24:56.473   555   689 I ThermalEngine: cpu_frequency_pre_req: SS-SKIN_CONTROL_PERF: device=cluster1 frequency=1804800
10-13 23:24:56.510   540  3062 I str_params: key: 'Type-C' value: ''
10-13 23:24:57.754   576   618 E QCALOG  : [MessageQ] ProcessNewMessage: [XT-CS] unknown deliver target [OS-Agent]
10-13 23:24:57.787   631   775 W XTCC-5.1.0.7: [CS-RIL-LISTENER] timerCallback fired for ril update registering, re-register
10-13 23:24:57.788   576   618 E QCALOG  : [MessageQ] ProcessNewMessage: [XT-CS] unknown deliver target [OS-Agent]
10-13 23:24:58.479   555   689 I ThermalEngine: cpu_frequency_pre_req: SS-SKIN_CONTROL_POWER: device=cluster0 frequency=1382400
10-13 23:24:58.981   555   689 I ThermalEngine: cpu_frequency_pre_req: SS-SKIN_CONTROL_POWER: device=cluster0 frequency=1382400
10-13 23:24:58.982   555   689 I ThermalEngine: cpu_frequency_pre_req: SS-SKIN_CONTROL_PERF: device=cluster1 frequency=1612800
10-13 23:24:59.985   555   689 I ThermalEngine: cpu_frequency_pre_req: SS-SKIN_CONTROL_POWER: device=cluster0 frequency=1382400
10-13 23:24:59.986   555   689 I ThermalEngine: cpu_frequency_pre_req: SS-SKIN_CONTROL_PERF: device=cluster1 frequency=1612800
10-13 23:25:00.738   555   689 I ThermalEngine: cpu_frequency_pre_req: SS-SKIN_CONTROL_POWER: device=cluster0 frequency=1401600
10-13 23:25:00.739   555   689 I ThermalEngine: cpu_frequency_pre_req: SS-SKIN_CONTROL_PERF: device=cluster1 frequency=1747200
10-13 23:25:01.210   576   618 E QCALOG  : [MessageQ] ProcessNewMessage: [XTWiFi-PE] unknown deliver target [OS-Agent]
10-13 23:25:01.490   555   689 I ThermalEngine: cpu_frequency_pre_req: SS-SKIN_CONTROL_PERF: device=cluster1 frequency=1804800
10-13 23:25:01.510   540  1446 I str_params: key: 'Type-C' value: ''
10-13 23:25:01.993   555   689 I ThermalEngine: cpu_frequency_pre_req: SS-SKIN_CONTROL_POWER: device=cluster0 frequency=1382400
10-13 23:25:01.993   555   689 I ThermalEngine: cpu_frequency_pre_req: SS-SKIN_CONTROL_PERF: device=cluster1 frequency=1804800
10-13 23:25:02.755   576   618 E QCALOG  : [MessageQ] ProcessNewMessage: [XT-CS] unknown deliver target [OS-Agent]
10-13 23:25:02.788   631   775 W XTCC-5.1.0.7: [CS-RIL-LISTENER] timerCallback fired for ril update registering, re-register
10-13 23:25:02.788   576   618 E QCALOG  : [MessageQ] ProcessNewMessage: [XT-CS] unknown deliver target [OS-Agent]
10-13 23:25:04.754   555   689 I ThermalEngine: cpu_frequency_pre_req: SS-SKIN_CONTROL_POWER: device=cluster0 frequency=1190400
10-13 23:25:04.755   555   689 I ThermalEngine: cpu_frequency_pre_req: SS-SKIN_CONTROL_PERF: device=cluster1 frequency=1382400
10-13 23:25:05.507   555   689 I ThermalEngine: cpu_frequency_pre_req: SS-SKIN_CONTROL_POWER: device=cluster0 frequency=1305600
10-13 23:25:05.507   555   689 I ThermalEngine: cpu_frequency_pre_req: SS-SKIN_CONTROL_PERF: device=cluster1 frequency=1612800
10-13 23:25:05.610   555   690 E ThermalEngine: Can't find property persist.sys.qti_case!
10-13 23:25:06.211   576   618 E QCALOG  : [MessageQ] ProcessNewMessage: [XTWiFi-PE] unknown deliver target [OS-Agent]
10-13 23:25:06.259   555   689 I ThermalEngine: cpu_frequency_pre_req: SS-SKIN_CONTROL_POWER: device=cluster0 frequency=1382400
10-13 23:25:06.259   555   689 I ThermalEngine: cpu_frequency_pre_req: SS-SKIN_CONTROL_PERF: device=cluster1 frequency=1747200
10-13 23:25:06.395 22860 22860 D WebView : evaluateJavascript=0
10-13 23:25:06.510   540  3060 I str_params: key: 'Type-C' value: ''
10-13 23:25:07.010   555   689 I ThermalEngine: cpu_frequency_pre_req: SS-SKIN_CONTROL_POWER: device=cluster0 frequency=1401600
10-13 23:25:07.011   555   689 I ThermalEngine: cpu_frequency_pre_req: SS-SKIN_CONTROL_PERF: device=cluster1 frequency=1804800
10-13 23:25:07.755   576   618 E QCALOG  : [MessageQ] ProcessNewMessage: [XT-CS] unknown deliver target [OS-Agent]
10-13 23:25:07.788   631   775 W XTCC-5.1.0.7: [CS-RIL-LISTENER] timerCallback fired for ril update registering, re-register
10-13 23:25:07.789   576   618 E QCALOG  : [MessageQ] ProcessNewMessage: [XT-CS] unknown deliver target [OS-Agent]
10-13 23:25:08.869  1456  2936 I chatty  : uid=1000(system) InputReader expire 11 lines
10-13 23:25:08.894  1456  2936 I DisplayPowerState: isRealyScreenOn is false
10-13 23:25:08.894  1456  2936 I PowerManagerService: Waking up from sleep (uid 1000)...
10-13 23:25:08.895  1456  2936 V LightsService: setLight #2: color=#ff878784 onMS=0 offMS=0
10-13 23:25:08.895  1456  2936 I PowerManagerService: setBrightness mButtonLight, screenBrightness=900
10-13 23:25:08.896  1456  1456 I WindowManager: Started waking up...
10-13 23:25:08.896  1456  1456 I chatty  : uid=1000 system_server expire 18 lines
10-13 23:25:08.898  1456  1516 I DisplayPowerController: Blocking screen on until initial contents have been drawn.
10-13 23:25:08.898  1456  1516 I WindowManager: Screen turning on...
10-13 23:25:08.898  1456  1516 I chatty  : uid=1000(system) PowerManagerSer expire 3 lines
10-13 23:25:08.900  1456  1516 D DisplayPowerController:  update status SCREEN_ON rate 0 mPowerRequest.policy 3 mOldPowerRequestPolicy 0 policyChanged true
10-13 23:25:08.901  1456  1516 D DisplayPowerState: Requesting new screen state: state=ON, backlight=0, stateChanged=true, backlightChanged=false
10-13 23:25:08.901  1456  1516 D DisplayPowerController:  update status AUTO_BACKLIGHT_DARKEN rate 163 mPowerRequest.policy 3 mOldPowerRequestPolicy 0 policyChanged false
10-13 23:25:08.901  3163  3163 I chatty  : uid=10038(com.letv.leui.colormode) com.android.systemui expire 75 lines
10-13 23:25:08.904  1456  3095 I chatty  : uid=1000(system) Binder_3 expire 2 lines
10-13 23:25:08.904  1456  3095 I WindowManager: mKeyguardDelegate.ShowListener.onDrawn.
10-13 23:25:08.904  1456  1490 W WindowManager: Setting mKeyguardDrawComplete
10-13 23:25:08.921  3163  3163 V KeyguardStatusViewLeui: setShowCharge(),show:true
10-13 23:25:08.935  1456  1456 I PowerManagerService: setBrightness mButtonLight, screenBrightness=900
10-13 23:25:08.936  1456  1456 V AlarmManager: onInteractiveChange  align: false, twilight: false, light: false, powered: true
10-13 23:25:08.936  1456  3106 I chatty  : uid=1000(system) PhotonicModulat expire 1 line
10-13 23:25:08.937  1456  1512 I DisplayManagerService: Display device changed state: "Built-in Screen", ON
10-13 23:25:08.945  1456  1456 D BatteryService: onReceive, action is android.intent.action.SCREEN_ON
10-13 23:25:08.981  1456  1456 I WindowManager: Relayout Window{b9becde u0 AntiInadvertently}: viewVisibility=0 oldVisibility=0 mRelayoutCalled=true flagChanges=0x8
10-13 23:25:08.981  1456  1456 I WindowManager: Changing focus from Window{8af0548 u0 StatusBar} to Window{b9becde u0 AntiInadvertently} mode=3 updateInputWindows=false
10-13 23:25:08.981  1456  1456 I WindowManager: Input focus has changed to Window{b9becde u0 AntiInadvertently} oldFocusWindow=Window{8af0548 u0 StatusBar} updateInputWindow=false
10-13 23:25:08.984  1456  1512 I WindowManager: Focus moving from Window{8af0548 u0 StatusBar} to Window{b9becde u0 AntiInadvertently}
10-13 23:25:08.998 24466 24466 I GoogleInputMethodServic: GoogleInputMethodService.onFinishInput():3184 
10-13 23:25:09.002   540 24189 E bt_a2dp_hw: adev_set_parameters: ERROR: set param called even when stream out is null
10-13 23:25:09.002  1456  2944 I chatty  : uid=1000(system) WifiStateMachin expire 12 lines
10-13 23:25:09.004 24466 24466 I GoogleInputMethodServic: GoogleInputMethodService.onStartInput():1830 
10-13 23:25:09.004  1456  1456 D AlarmManager: rebatchAllAlarmsLocked begin oldBatches count = 29
10-13 23:25:09.005  1456  4198 I WindowManager: finishDrawingWindow win=Window{8af0548 u0 StatusBar}
10-13 23:25:09.005  1456  1456 D AlarmManager: set alarm to RTC 2 ,      when = 7185646471
10-13 23:25:09.005  1456  1456 D AlarmManager: rebatchAllAlarmsLocked end
10-13 23:25:09.006  1456  1512 I WindowManager: Window drawn win=Window{8af0548 u0 StatusBar}
10-13 23:25:09.006  1456  1512 I WindowManager: All windows drawn!
10-13 23:25:09.008  1456  2932 V AlarmManager: Alarm triggering: Alarm{411e870 type 3 when 7185624003 android}
10-13 23:25:09.009  1456  2932 D AlarmManager: set alarm to RTC 2 ,      when = 7185825229
10-13 23:25:09.009  1456  2932 V AlarmManager: Alarm triggering: Alarm{71247e9 type 1 when 1602611580569 com.android.launcher3}
10-13 23:25:09.009  1456  2932 V AlarmManager: Alarm triggering: Alarm{be7cc6e type 2 when 7185646471 com.stv.stvpush}
10-13 23:25:09.010  1456  1512 I WindowManager: All windows ready for display!
10-13 23:25:09.011  1456  1490 W WindowManager: Setting mWindowManagerDrawComplete
