10-13 20:22:07.846  1456  3106 I chatty  : uid=1000(system) PhotonicModulat expire 39 lines
10-13 20:22:07.862  1456  1516 I chatty  : uid=1000(system) PowerManagerSer expire 41 lines
10-13 20:22:10.260  1456  3541 I chatty  : uid=1000(system) Binder_6 expire 16 lines
10-13 20:22:11.965  1456  4197 I chatty  : uid=1000(system) Binder_F expire 15 lines
10-13 20:22:11.974  1456  1512 I chatty  : uid=1000(system) android.display expire 9 lines
10-13 20:22:11.974  3619 24399 I ActivityThreadEui: schedulePauseActivity com.android.launcher3.Launcher finished=false userLeaving=true configChanges=0 dontReport=false
10-13 20:22:11.988  1456  1489 I chatty  : uid=1000(system) ActivityManager expire 1 line
10-13 20:22:12.003  1456  3600 I chatty  : uid=1000(system) Binder_B expire 8 lines
10-13 20:22:12.007 11081 11081 I ActivityThreadEui: Handling launch of ActivityRecord{8fdb6f2 token=android.os.BinderProxy@2f0d143 {com.google.android.youtube/com.google.android.youtube.app.honeycomb.Shell$HomeActivity}} startsNotResumed=false
10-13 20:22:12.047  1456  3189 I chatty  : uid=1000(system) Binder_4 expire 18 lines
10-13 20:22:12.051  1456  1475 I chatty  : uid=1000(system) Binder_1 expire 9 lines
10-13 20:22:12.068  1456  3569 I chatty  : uid=1000(system) Binder_8 expire 5 lines
10-13 20:22:12.082 11081 11081 I ActivityThreadEui: Handling launch of ActivityRecord{c48447c token=android.os.BinderProxy@38b2105 {com.google.android.youtube/com.google.android.apps.youtube.app.WatchWhileActivity}} startsNotResumed=false
10-13 20:22:12.220  1456  3448 I chatty  : uid=1000(system) Binder_5 expire 5 lines
10-13 20:22:12.633  1456  3614 I chatty  : uid=1000(system) Binder_C expire 11 lines
10-13 20:22:12.656  1456  3572 I chatty  : uid=1000(system) Binder_9 expire 10 lines
10-13 20:22:12.657  1456  2932 I chatty  : uid=1000(system) AlarmManager expire 9 lines
10-13 20:22:12.675  1456  4196 I chatty  : uid=1000(system) Binder_E expire 11 lines
10-13 20:22:12.861  1456  1476 I chatty  : uid=1000(system) Binder_2 expire 7 lines
10-13 20:22:13.530  3619  3632 I ActivityThreadEui: scheduleStopActivity com.android.launcher3.Launcher show=false configChanges=0
10-13 20:22:13.530  3619  3619 I ActivityThread: Finishing stop of ActivityRecord{b1ffde8 token=android.os.BinderProxy@56bfc01 {com.android.launcher3/com.android.launcher3.Launcher}}: show=false win=com.android.internal.policy.PhoneWindow@efdcf7c
10-13 20:22:13.787  1456  3617 I chatty  : uid=1000(system) Binder_D expire 9 lines
10-13 20:22:14.207  1456  3544 I chatty  : uid=1000(system) Binder_7 expire 5 lines
10-13 20:22:15.043  1456  1456 I chatty  : uid=1000 system_server expire 1 line
10-13 20:22:15.444  1456  2941 I chatty  : uid=1000(system) NetworkStats expire 3 lines
10-13 20:22:15.444  1456  2942 I chatty  : uid=1000(system) NetworkPolicy expire 6 lines
10-13 20:22:20.658  1456  4198 I chatty  : uid=1000(system) Binder_10 expire 3 lines
10-13 20:22:32.704  1456  3580 I chatty  : uid=1000(system) Binder_A expire 8 lines
10-13 20:22:52.063  1456  1516 I chatty  : uid=1000(system) PowerManagerSer expire 118 lines
10-13 20:22:52.064  1456  3106 I chatty  : uid=1000(system) PhotonicModulat expire 116 lines
10-13 20:22:52.168  1456  3544 I chatty  : uid=1000(system) Binder_7 expire 4 lines
10-13 20:22:52.188  1456  4196 I chatty  : uid=1000(system) Binder_E expire 3 lines
10-13 20:22:52.191  1456  3572 I chatty  : uid=1000(system) Binder_9 expire 3 lines
10-13 20:22:52.844  1456  3617 I chatty  : uid=1000(system) Binder_D expire 3 lines
10-13 20:22:52.849  1456  3600 I chatty  : uid=1000(system) Binder_B expire 3 lines
10-13 20:22:52.853  1456  1476 I chatty  : uid=1000(system) Binder_2 expire 2 lines
10-13 20:22:52.856  1456  3541 I chatty  : uid=1000(system) Binder_6 expire 3 lines
10-13 20:22:53.998  1456  3106 I chatty  : uid=1000(system) PhotonicModulat expire 124 lines
10-13 20:22:54.013  1456  1516 I chatty  : uid=1000(system) PowerManagerSer expire 125 lines
10-13 20:22:54.549  1456  3580 I chatty  : uid=1000(system) Binder_A expire 2 lines
10-13 20:22:54.820  1456  3095 I chatty  : uid=1000(system) Binder_3 expire 2 lines
10-13 20:22:55.440  1456  4196 I chatty  : uid=1000(system) Binder_E expire 1 line
10-13 20:22:55.793  1456  3544 I chatty  : uid=1000(system) Binder_7 expire 8 lines
10-13 20:22:56.547  1456  1516 I chatty  : uid=1000(system) PowerManagerSer expire 22 lines
10-13 20:22:56.547  1456  3106 I chatty  : uid=1000(system) PhotonicModulat expire 21 lines
10-13 20:22:57.089  1456  3189 I chatty  : uid=1000(system) Binder_4 expire 15 lines
10-13 20:22:57.349  1456  3569 I chatty  : uid=1000(system) Binder_8 expire 13 lines
10-13 20:22:57.467  1456  3572 I chatty  : uid=1000(system) Binder_9 expire 10 lines
10-13 20:22:58.933  1456  1475 I chatty  : uid=1000(system) Binder_1 expire 17 lines
10-13 20:22:59.654  1456  3614 I chatty  : uid=1000(system) Binder_C expire 12 lines
10-13 20:22:59.912  1456  4196 I chatty  : uid=1000(system) Binder_E expire 11 lines
10-13 20:22:59.999  1456  2932 I chatty  : uid=1000(system) AlarmManager expire 17 lines
10-13 20:23:01.030  1456  3600 I chatty  : uid=1000(system) Binder_B expire 10 lines
10-13 20:23:01.147  1456  3448 I chatty  : uid=1000(system) Binder_5 expire 11 lines
10-13 20:23:01.149  1456  4197 I chatty  : uid=1000(system) Binder_F expire 12 lines
10-13 20:23:01.217  1456  1476 I chatty  : uid=1000(system) Binder_2 expire 13 lines
10-13 20:23:02.192  1456  3580 I chatty  : uid=1000(system) Binder_A expire 8 lines
10-13 20:23:02.211  1456  3095 I chatty  : uid=1000(system) Binder_3 expire 7 lines
10-13 20:23:02.477  1456  2941 I chatty  : uid=1000(system) NetworkStats expire 4 lines
10-13 20:23:02.477  1456  2942 I chatty  : uid=1000(system) NetworkPolicy expire 8 lines
10-13 20:23:02.772  1456  3541 I chatty  : uid=1000(system) Binder_6 expire 11 lines
10-13 20:23:03.196  1456  1456 I chatty  : uid=1000 system_server expire 3 lines
10-13 20:23:03.480  1456  4198 I chatty  : uid=1000(system) Binder_10 expire 10 lines
10-13 20:23:11.121  1456  3617 I chatty  : uid=1000(system) Binder_D expire 26 lines
10-13 20:24:07.198  1456  3541 I chatty  : uid=1000(system) Binder_6 expire 18 lines
10-13 20:24:08.036  1456  3614 I chatty  : uid=1000(system) Binder_C expire 16 lines
10-13 20:24:08.107  1456  3572 I chatty  : uid=1000(system) Binder_9 expire 17 lines
10-13 20:24:10.027  1456  3600 I chatty  : uid=1000(system) Binder_B expire 15 lines
10-13 20:24:10.517  1456  1476 I chatty  : uid=1000(system) Binder_2 expire 11 lines
10-13 20:24:11.780  1456  4196 I chatty  : uid=1000(system) Binder_E expire 16 lines
10-13 20:24:12.176  1456  4197 I chatty  : uid=1000(system) Binder_F expire 14 lines
10-13 20:24:12.462  1456  3095 I chatty  : uid=1000(system) Binder_3 expire 21 lines
10-13 20:24:13.295  1456  1475 I chatty  : uid=1000(system) Binder_1 expire 21 lines
10-13 20:24:13.777  1456  3189 I chatty  : uid=1000(system) Binder_4 expire 13 lines
10-13 20:24:17.576  1456  3448 I chatty  : uid=1000(system) Binder_5 expire 16 lines
10-13 20:24:19.013  1456  3580 I chatty  : uid=1000(system) Binder_A expire 10 lines
10-13 20:24:19.286  1456  2941 I chatty  : uid=1000(system) NetworkStats expire 4 lines
10-13 20:24:19.287  1456  2942 I chatty  : uid=1000(system) NetworkPolicy expire 8 lines
10-13 20:24:20.768  1456  4198 I chatty  : uid=1000(system) Binder_10 expire 5 lines
10-13 20:24:24.168  1456  2932 I chatty  : uid=1000(system) AlarmManager expire 7 lines
10-13 20:24:27.323  1456  3544 I chatty  : uid=1000(system) Binder_7 expire 14 lines
10-13 20:24:30.275  1456  3569 I chatty  : uid=1000(system) Binder_8 expire 8 lines
10-13 20:25:27.502  1456  2935 I chatty  : uid=1000(system) InputDispatcher expire 2 lines
10-13 20:25:27.653 11081 11205 I ActivityThreadEui: schedulePauseActivity com.google.android.apps.youtube.app.WatchWhileActivity finished=true userLeaving=false configChanges=0 dontReport=false
10-13 20:25:27.686  1456  3572 I chatty  : uid=1000(system) Binder_9 expire 1 line
10-13 20:25:27.774  1456  3580 I chatty  : uid=1000(system) Binder_A expire 4 lines
10-13 20:25:27.776  1456  1512 I chatty  : uid=1000(system) android.display expire 12 lines
10-13 20:25:27.781  3619  3632 I ActivityThreadEui: scheduleResumeActivity com.android.launcher3.Launcher
10-13 20:25:27.786  1456  4198 I chatty  : uid=1000(system) Binder_10 expire 5 lines
10-13 20:25:27.789  1456  3572 I chatty  : uid=1000(system) Binder_9 expire 5 lines
10-13 20:25:27.803  1456  3095 I chatty  : uid=1000(system) Binder_3 expire 12 lines
10-13 20:25:27.864  1456  3614 I chatty  : uid=1000(system) Binder_C expire 6 lines
10-13 20:25:27.869  1456  3541 I chatty  : uid=1000(system) Binder_6 expire 3 lines
10-13 20:25:27.968  1456  3544 I chatty  : uid=1000(system) Binder_7 expire 6 lines
10-13 20:25:27.974  1456  3617 I chatty  : uid=1000(system) Binder_D expire 3 lines
10-13 20:25:28.026  1456  2935 I chatty  : uid=1000(system) InputDispatcher expire 3 lines
10-13 20:25:28.028  1456  3448 I chatty  : uid=1000(system) Binder_5 expire 7 lines
10-13 20:25:30.212  3619 24100 I ActivityThreadEui: schedulePauseActivity com.android.launcher3.Launcher finished=false userLeaving=true configChanges=0 dontReport=false
10-13 20:25:30.246  1456  1489 I chatty  : uid=1000(system) ActivityManager expire 1 line
10-13 20:25:30.280 11081 11081 I ActivityThreadEui: Handling launch of ActivityRecord{41097da token=android.os.BinderProxy@5f1440b {com.google.android.youtube/com.google.android.youtube.app.honeycomb.Shell$HomeActivity}} startsNotResumed=false
10-13 20:25:30.302  1456  1476 I chatty  : uid=1000(system) Binder_2 expire 10 lines
10-13 20:25:30.345  1456  3580 I chatty  : uid=1000(system) Binder_A expire 5 lines
10-13 20:25:30.362 11081 11081 I ActivityThreadEui: Handling launch of ActivityRecord{b67dbc4 token=android.os.BinderProxy@dc67aad {com.google.android.youtube/com.google.android.apps.youtube.app.WatchWhileActivity}} startsNotResumed=false
10-13 20:25:30.561  1456  3569 I chatty  : uid=1000(system) Binder_8 expire 7 lines
10-13 20:25:30.594  1456  4196 I chatty  : uid=1000(system) Binder_E expire 5 lines
10-13 20:25:31.659  3619  4571 I ActivityThreadEui: scheduleStopActivity com.android.launcher3.Launcher show=false configChanges=0
10-13 20:25:31.659  3619  3619 I ActivityThread: Finishing stop of ActivityRecord{b1ffde8 token=android.os.BinderProxy@56bfc01 {com.android.launcher3/com.android.launcher3.Launcher}}: show=false win=com.android.internal.policy.PhoneWindow@efdcf7c
10-13 20:25:32.025  1456  1516 I chatty  : uid=1000(system) PowerManagerSer expire 79 lines
10-13 20:25:32.240  1456  4197 I chatty  : uid=1000(system) Binder_F expire 1 line
10-13 20:25:32.261  1456  3189 I chatty  : uid=1000(system) Binder_4 expire 3 lines
10-13 20:25:32.842  1456  1456 I chatty  : uid=1000 system_server expire 1 line
10-13 20:25:32.928  1456  1475 I chatty  : uid=1000(system) Binder_1 expire 1 line
10-13 20:25:34.528  1456  3600 I chatty  : uid=1000(system) Binder_B expire 2 lines
10-13 20:25:35.756  1456  2941 I chatty  : uid=1000(system) NetworkStats expire 1 line
10-13 20:25:35.756  1456  2942 I chatty  : uid=1000(system) NetworkPolicy expire 2 lines
10-13 20:25:42.953  1456  2932 I chatty  : uid=1000(system) AlarmManager expire 2 lines
10-13 20:25:43.187  1456  3106 I chatty  : uid=1000(system) PhotonicModulat expire 197 lines
10-13 20:25:50.437  1456  1516 I chatty  : uid=1000(system) PowerManagerSer expire 125 lines
10-13 20:25:57.315  1456  2932 I chatty  : uid=1000(system) AlarmManager expire 3 lines
10-13 20:26:02.760  1456  1475 I chatty  : uid=1000(system) Binder_1 expire 2 lines
10-13 20:26:04.822  1456  3600 I chatty  : uid=1000(system) Binder_B expire 1 line
10-13 20:26:05.120  1456  3541 I chatty  : uid=1000(system) Binder_6 expire 1 line
10-13 20:26:05.321  1456  3106 I chatty  : uid=1000(system) PhotonicModulat expire 127 lines
10-13 20:26:05.336  1456  1516 I chatty  : uid=1000(system) PowerManagerSer expire 126 lines
10-13 20:26:05.547  1456  3544 I chatty  : uid=1000(system) Binder_7 expire 2 lines
10-13 20:26:07.438  1456  1516 I chatty  : uid=1000(system) PowerManagerSer expire 119 lines
10-13 20:26:07.438  1456  3106 I chatty  : uid=1000(system) PhotonicModulat expire 116 lines
10-13 20:26:08.369  1456  1475 I chatty  : uid=1000(system) Binder_1 expire 1 line
10-13 20:26:08.706  1456  3569 I chatty  : uid=1000(system) Binder_8 expire 2 lines
10-13 20:26:09.322  1456  3189 I chatty  : uid=1000(system) Binder_4 expire 4 lines
10-13 20:26:10.187  1456  1476 I chatty  : uid=1000(system) Binder_2 expire 1 line
10-13 20:26:10.501  1456  2942 I chatty  : uid=1000(system) NetworkPolicy expire 2 lines
10-13 20:26:10.520  1456  2941 I chatty  : uid=1000(system) NetworkStats expire 1 line
10-13 20:26:13.015  1456  3448 I chatty  : uid=1000(system) Binder_5 expire 4 lines
10-13 20:26:15.662  1456  2932 I chatty  : uid=1000(system) AlarmManager expire 3 lines
10-13 20:26:15.927  1456  4196 I chatty  : uid=1000(system) Binder_E expire 8 lines
10-13 20:26:22.789  1456  3106 I chatty  : uid=1000(system) PhotonicModulat expire 47 lines
10-13 20:26:22.806  1456  1516 I chatty  : uid=1000(system) PowerManagerSer expire 47 lines
10-13 20:26:30.576  1456  3572 I chatty  : uid=1000(system) Binder_9 expire 10 lines
10-13 20:26:58.699  1456  3189 I chatty  : uid=1000(system) Binder_4 expire 10 lines
10-13 20:26:59.999  1456  2932 I chatty  : uid=1000(system) AlarmManager expire 10 lines
10-13 20:27:37.708  1456  1475 I chatty  : uid=1000(system) Binder_1 expire 4 lines
10-13 20:28:32.354  1456  3600 I chatty  : uid=1000(system) Binder_B expire 11 lines
10-13 20:28:32.716  1456  3544 I chatty  : uid=1000(system) Binder_7 expire 7 lines
10-13 20:28:33.964  1456  4197 I chatty  : uid=1000(system) Binder_F expire 7 lines
10-13 20:28:34.687  1456  3095 I chatty  : uid=1000(system) Binder_3 expire 4 lines
10-13 20:28:34.877  1456  3569 I chatty  : uid=1000(system) Binder_8 expire 16 lines
10-13 20:28:35.144  1456  2941 I chatty  : uid=1000(system) NetworkStats expire 2 lines
10-13 20:28:35.144  1456  2942 I chatty  : uid=1000(system) NetworkPolicy expire 4 lines
10-13 20:28:36.467  1456  1476 I chatty  : uid=1000(system) Binder_2 expire 9 lines
10-13 20:28:39.382  1456  3541 I chatty  : uid=1000(system) Binder_6 expire 8 lines
10-13 20:28:40.252  1456  3614 I chatty  : uid=1000(system) Binder_C expire 3 lines
10-13 20:28:40.383  1456  3448 I chatty  : uid=1000(system) Binder_5 expire 6 lines
10-13 20:28:44.313  1456  3580 I chatty  : uid=1000(system) Binder_A expire 5 lines
10-13 20:28:45.311  1456  4198 I chatty  : uid=1000(system) Binder_10 expire 3 lines
10-13 20:28:57.697  1456  3617 I chatty  : uid=1000(system) Binder_D expire 6 lines
10-13 20:28:59.032  1456  2935 I chatty  : uid=1000(system) InputDispatcher expire 2 lines
10-13 20:28:59.163 11081 11092 I ActivityThreadEui: schedulePauseActivity com.google.android.apps.youtube.app.WatchWhileActivity finished=true userLeaving=false configChanges=0 dontReport=false
10-13 20:28:59.263  1456  1512 I chatty  : uid=1000(system) android.display expire 12 lines
10-13 20:28:59.266  3619  4571 I ActivityThreadEui: scheduleResumeActivity com.android.launcher3.Launcher
10-13 20:29:00.181  1456  1456 I chatty  : uid=1000 system_server expire 2 lines
10-13 20:29:03.032  1456  1516 I chatty  : uid=1000(system) PowerManagerSer expire 1 line
10-13 20:29:04.243  3619  3632 I ActivityThreadEui: schedulePauseActivity com.android.launcher3.Launcher finished=false userLeaving=true configChanges=0 dontReport=false
10-13 20:29:04.259  1456  1489 I chatty  : uid=1000(system) ActivityManager expire 1 line
10-13 20:29:04.294 11081 11081 I ActivityThreadEui: Handling launch of ActivityRecord{e009936 token=android.os.BinderProxy@ab3e037 {com.google.android.youtube/com.google.android.youtube.app.honeycomb.Shell$HomeActivity}} startsNotResumed=false
10-13 20:29:04.372 11081 11081 I ActivityThreadEui: Handling launch of ActivityRecord{1990cc3 token=android.os.BinderProxy@1e00940 {com.google.android.youtube/com.google.android.apps.youtube.app.WatchWhileActivity}} startsNotResumed=false
10-13 20:29:04.605  1456  3572 I chatty  : uid=1000(system) Binder_9 expire 5 lines
10-13 20:29:05.663  3619  4571 I ActivityThreadEui: scheduleStopActivity com.android.launcher3.Launcher show=false configChanges=0
10-13 20:29:05.664  3619  3619 I ActivityThread: Finishing stop of ActivityRecord{b1ffde8 token=android.os.BinderProxy@56bfc01 {com.android.launcher3/com.android.launcher3.Launcher}}: show=false win=com.android.internal.policy.PhoneWindow@efdcf7c
10-13 20:29:06.620  1456  2932 I chatty  : uid=1000(system) AlarmManager expire 6 lines
10-13 20:29:41.097  1456  3600 I chatty  : uid=1000(system) Binder_B expire 7 lines
10-13 20:29:44.078  1456  3544 I chatty  : uid=1000(system) Binder_7 expire 8 lines
10-13 20:29:45.473  1456  3614 I chatty  : uid=1000(system) Binder_C expire 5 lines
10-13 20:29:45.550  1456  3095 I chatty  : uid=1000(system) Binder_3 expire 11 lines
10-13 20:29:45.802  1456  3580 I chatty  : uid=1000(system) Binder_A expire 4 lines
10-13 20:29:45.831  1456  4197 I chatty  : uid=1000(system) Binder_F expire 10 lines
10-13 20:29:45.849  1456  1512 I chatty  : uid=1000(system) android.display expire 2 lines
10-13 20:29:48.079  1456  3617 I chatty  : uid=1000(system) Binder_D expire 6 lines
10-13 20:29:52.042  1456  2941 I chatty  : uid=1000(system) NetworkStats expire 2 lines
10-13 20:29:52.042  1456  2942 I chatty  : uid=1000(system) NetworkPolicy expire 4 lines
10-13 20:30:00.001  1456  2932 I chatty  : uid=1000(system) AlarmManager expire 42 lines
10-13 20:30:10.600  1456  1475 I chatty  : uid=1000(system) Binder_1 expire 11 lines
10-13 20:30:10.610  1456  1476 I chatty  : uid=1000(system) Binder_2 expire 13 lines
10-13 20:31:04.606  1456  3572 I chatty  : uid=1000(system) Binder_9 expire 8 lines
10-13 20:31:47.074  1456  3569 I chatty  : uid=1000(system) Binder_8 expire 6 lines
10-13 20:31:58.590  1456  4196 I chatty  : uid=1000(system) Binder_E expire 9 lines
10-13 20:31:58.645  1456  1487 I chatty  : uid=1000(system) android.bg expire 81 lines
10-13 20:31:59.617  1456  4198 I chatty  : uid=1000(system) Binder_10 expire 2 lines
10-13 20:32:21.729  1456  3448 I chatty  : uid=1000(system) Binder_5 expire 6 lines
10-13 20:32:34.371  1456  3189 I chatty  : uid=1000(system) Binder_4 expire 12 lines
10-13 20:33:38.129  1456  2935 I chatty  : uid=1000(system) InputDispatcher expire 4 lines
10-13 20:33:40.668  1456  3541 I chatty  : uid=1000(system) Binder_6 expire 2 lines
10-13 20:33:42.128  1456  1516 I chatty  : uid=1000(system) PowerManagerSer expire 40 lines
10-13 20:33:49.003  1456  1487 I chatty  : uid=1000(system) android.bg expire 41 lines
10-13 20:33:49.022  1456  3580 I chatty  : uid=1000(system) Binder_A expire 6 lines
10-13 20:33:49.035  1456  3614 I chatty  : uid=1000(system) Binder_C expire 4 lines
10-13 20:33:55.916  1456  3541 I chatty  : uid=1000(system) Binder_6 expire 6 lines
10-13 20:34:00.001  1456  2932 I chatty  : uid=1000(system) AlarmManager expire 7 lines
10-13 20:34:00.543  1456  2935 I chatty  : uid=1000(system) InputDispatcher expire 10 lines
10-13 20:34:01.267  1456  1456 I chatty  : uid=1000 system_server expire 10 lines
10-13 20:34:01.373  1456  3572 I chatty  : uid=1000(system) Binder_9 expire 3 lines
10-13 20:34:02.002  1456  4197 I chatty  : uid=1000(system) Binder_F expire 3 lines
10-13 20:34:02.078  1456  4196 I chatty  : uid=1000(system) Binder_E expire 9 lines
10-13 20:34:02.520  1456  3095 I chatty  : uid=1000(system) Binder_3 expire 9 lines
10-13 20:34:02.536  1456  3544 I chatty  : uid=1000(system) Binder_7 expire 4 lines
10-13 20:34:03.165  1456  4198 I chatty  : uid=1000(system) Binder_10 expire 7 lines
10-13 20:34:04.211  1456  3617 I chatty  : uid=1000(system) Binder_D expire 6 lines
10-13 20:34:08.983  1456  3600 I chatty  : uid=1000(system) Binder_B expire 5 lines
10-13 20:34:09.006  1456  3569 I chatty  : uid=1000(system) Binder_8 expire 4 lines
10-13 20:34:09.007  1456  1476 I chatty  : uid=1000(system) Binder_2 expire 4 lines
10-13 20:34:09.043  1456  1512 I chatty  : uid=1000(system) android.display expire 5 lines
10-13 20:34:09.087  1456  2941 I chatty  : uid=1000(system) NetworkStats expire 2 lines
10-13 20:34:09.088  1456  2942 I chatty  : uid=1000(system) NetworkPolicy expire 4 lines
10-13 20:34:21.822  1456  3106 I chatty  : uid=1000(system) PhotonicModulat expire 32 lines
10-13 20:34:22.336 11081 13124 I ActivityThreadEui: schedulePauseActivity com.google.android.apps.youtube.app.WatchWhileActivity finished=false userLeaving=false configChanges=0 dontReport=false
10-13 20:34:22.391  1456  1516 I chatty  : uid=1000(system) PowerManagerSer expire 10 lines
10-13 20:34:22.462  1456  1475 I chatty  : uid=1000(system) Binder_1 expire 3 lines
10-13 20:34:22.728 11081 13124 I ActivityThreadEui: scheduleStopActivity com.google.android.apps.youtube.app.WatchWhileActivity show=true configChanges=0
10-13 20:34:22.790 11081 11081 I ActivityThread: Finishing stop of ActivityRecord{1990cc3 token=android.os.BinderProxy@1e00940 {com.google.android.youtube/com.google.android.apps.youtube.app.WatchWhileActivity}}: show=true win=com.android.internal.policy.PhoneWindow@924c706
10-13 20:34:22.807  1456  3189 I chatty  : uid=1000(system) Binder_4 expire 4 lines
10-13 20:34:22.857  1456  2944 I chatty  : uid=1000(system) WifiStateMachin expire 1 line
10-13 20:34:23.793  3590  3590 D CallNotifier: set power properties to off
10-13 20:34:24.086  1456  2936 I chatty  : uid=1000(system) InputReader expire 4 lines
10-13 20:34:24.134 11081 13124 I ActivityThreadEui: scheduleResumeActivity com.google.android.apps.youtube.app.WatchWhileActivity
10-13 20:34:24.142  1456  1490 I chatty  : uid=1000(system) android.ui expire 1 line
10-13 20:34:24.156  1456  1456 I chatty  : uid=1000 system_server expire 13 lines
10-13 20:34:24.372  3590  3590 D CallNotifier: set power properties to on
10-13 20:34:24.401  1456  3617 I chatty  : uid=1000(system) Binder_D expire 2 lines
10-13 20:34:24.425  1456  4198 I chatty  : uid=1000(system) Binder_10 expire 1 line
10-13 20:34:24.466  1456  3095 I chatty  : uid=1000(system) Binder_3 expire 1 line
10-13 20:34:24.482  1456  4196 I chatty  : uid=1000(system) Binder_E expire 1 line
10-13 20:34:24.507  1456  3189 I chatty  : uid=1000(system) Binder_4 expire 2 lines
10-13 20:34:24.535  1456  1490 I chatty  : uid=1000(system) android.ui expire 5 lines
10-13 20:34:24.544  1456  4197 I chatty  : uid=1000(system) Binder_F expire 1 line
10-13 20:34:24.547  1456  1512 I chatty  : uid=1000(system) android.display expire 6 lines
10-13 20:34:24.553  1456  1516 I chatty  : uid=1000(system) PowerManagerSer expire 121 lines
10-13 20:34:24.554  1456  3106 I chatty  : uid=1000(system) PhotonicModulat expire 113 lines
10-13 20:34:26.413  1456  2935 I chatty  : uid=1000(system) InputDispatcher expire 8 lines
10-13 20:34:26.478  1456  1516 I chatty  : uid=1000(system) PowerManagerSer expire 41 lines
10-13 20:34:26.479  1456  3106 I chatty  : uid=1000(system) PhotonicModulat expire 35 lines
10-13 20:34:26.518  1456  1475 I chatty  : uid=1000(system) Binder_1 expire 3 lines
10-13 20:34:26.767  1456  1456 I chatty  : uid=1000 system_server expire 10 lines
10-13 20:34:27.127  1456  4197 I chatty  : uid=1000(system) Binder_F expire 15 lines
10-13 20:34:27.317  1456  2932 I chatty  : uid=1000(system) AlarmManager expire 11 lines
10-13 20:34:27.379  1456  3617 I chatty  : uid=1000(system) Binder_D expire 8 lines
10-13 20:34:27.385  1456  3572 I chatty  : uid=1000(system) Binder_9 expire 10 lines
10-13 20:34:28.531  1456  3580 I chatty  : uid=1000(system) Binder_A expire 14 lines
10-13 20:34:28.584  1456  3448 I chatty  : uid=1000(system) Binder_5 expire 8 lines
10-13 20:34:28.593  1456  1512 I chatty  : uid=1000(system) android.display expire 15 lines
10-13 20:34:28.867  1456  3189 I chatty  : uid=1000(system) Binder_4 expire 10 lines
10-13 20:34:29.469 11081 11093 I ActivityThreadEui: schedulePauseActivity com.google.android.apps.youtube.app.WatchWhileActivity finished=true userLeaving=false configChanges=0 dontReport=false
10-13 20:34:29.651  1456  3544 I chatty  : uid=1000(system) Binder_7 expire 12 lines
10-13 20:34:29.657  3619  4571 I ActivityThreadEui: scheduleResumeActivity com.android.launcher3.Launcher
10-13 20:34:29.664  1456  3095 I chatty  : uid=1000(system) Binder_3 expire 4 lines
10-13 20:34:29.680  1456  3569 I chatty  : uid=1000(system) Binder_8 expire 7 lines
10-13 20:34:29.723  1456  1476 I chatty  : uid=1000(system) Binder_2 expire 3 lines
10-13 20:34:29.743  1456  3614 I chatty  : uid=1000(system) Binder_C expire 1 line
10-13 20:34:29.745  1456  3600 I chatty  : uid=1000(system) Binder_B expire 3 lines
10-13 20:34:30.503  3619 24100 I ActivityThreadEui: schedulePauseActivity com.android.launcher3.Launcher finished=false userLeaving=true configChanges=0 dontReport=true
10-13 20:34:30.521  1456  1489 I chatty  : uid=1000(system) ActivityManager expire 4 lines
10-13 20:34:30.526  3163  3176 I ActivityThreadEui: scheduleResumeActivity com.android.systemui.recents.leui.LeuiRecentActivity
10-13 20:34:30.533  3619  3632 I ActivityThreadEui: scheduleStopActivity com.android.launcher3.Launcher show=false configChanges=0
10-13 20:34:30.558  3619  3619 I ActivityThread: Finishing stop of ActivityRecord{b1ffde8 token=android.os.BinderProxy@56bfc01 {com.android.launcher3/com.android.launcher3.Launcher}}: show=false win=com.android.internal.policy.PhoneWindow@efdcf7c
10-13 20:34:30.667  1456  4198 I chatty  : uid=1000(system) Binder_10 expire 6 lines
10-13 20:34:31.146  1456  1487 I chatty  : uid=1000(system) android.bg expire 15 lines
10-13 20:34:31.962  1456  2946 I chatty  : uid=1000(system) ConnectivitySer expire 3 lines
10-13 20:34:32.436  3163 11797 I ActivityThreadEui: schedulePauseActivity com.android.systemui.recents.leui.LeuiRecentActivity finished=false userLeaving=true configChanges=0 dontReport=false
10-13 20:34:32.458  3619 24399 I ActivityThreadEui: scheduleResumeActivity com.android.launcher3.Launcher
10-13 20:34:32.462  1456  3541 I chatty  : uid=1000(system) Binder_6 expire 4 lines
10-13 20:34:32.868  3163  3174 I ActivityThreadEui: scheduleStopActivity com.android.systemui.recents.leui.LeuiRecentActivity show=false configChanges=0
10-13 20:34:32.868  3163  3163 I ActivityThread: Finishing stop of ActivityRecord{d7ea29b token=android.os.BinderProxy@358a638 {com.android.systemui/com.android.systemui.recents.leui.LeuiRecentActivity}}: show=false win=com.android.internal.policy.PhoneWindow@d241148
10-13 20:34:34.189  1456  2936 I chatty  : uid=1000(system) InputReader expire 2 lines
10-13 20:34:34.633  1456  1490 I chatty  : uid=1000(system) android.ui expire 3 lines
10-13 20:34:34.659  3619  3632 I ActivityThreadEui: schedulePauseActivity com.android.launcher3.Launcher finished=false userLeaving=false configChanges=0 dontReport=false
10-13 20:34:34.713  3619 24399 I ActivityThreadEui: scheduleStopActivity com.android.launcher3.Launcher show=true configChanges=0
10-13 20:34:34.715  3619  3619 I ActivityThread: Finishing stop of ActivityRecord{b1ffde8 token=android.os.BinderProxy@56bfc01 {com.android.launcher3/com.android.launcher3.Launcher}}: show=true win=com.android.internal.policy.PhoneWindow@efdcf7c
10-13 20:34:35.169  1456  2944 I chatty  : uid=1000(system) WifiStateMachin expire 1 line
10-13 20:34:35.177  3590  3590 D CallNotifier: set power properties to off
10-13 20:34:38.179  1456  3544 I chatty  : uid=1000(system) Binder_7 expire 11 lines
10-13 20:34:38.400  1456  3095 I chatty  : uid=1000(system) Binder_3 expire 9 lines
10-13 20:34:42.723  1456  3614 I chatty  : uid=1000(system) Binder_C expire 9 lines
10-13 20:34:42.795  1456  2932 I chatty  : uid=1000(system) AlarmManager expire 65 lines
10-13 20:35:00.087  1456  1456 I chatty  : uid=1000 system_server expire 16 lines
10-13 20:35:00.107  1456  1476 I chatty  : uid=1000(system) Binder_2 expire 15 lines
10-13 20:35:00.109  1456  3572 I chatty  : uid=1000(system) Binder_9 expire 2 lines
10-13 20:35:00.213  1456  1487 I chatty  : uid=1000(system) android.bg expire 24 lines
10-13 20:35:00.233  1456  4198 I chatty  : uid=1000(system) Binder_10 expire 10 lines
10-13 20:35:00.306  1456  3617 I chatty  : uid=1000(system) Binder_D expire 6 lines
10-13 20:35:00.748  1456  3448 I chatty  : uid=1000(system) Binder_5 expire 13 lines
10-13 20:35:00.789  1456  2946 I chatty  : uid=1000(system) ConnectivitySer expire 13 lines
10-13 20:35:04.729  1456  4197 I chatty  : uid=1000(system) Binder_F expire 11 lines
10-13 20:35:04.784  1456  4196 I chatty  : uid=1000(system) Binder_E expire 1 line
10-13 20:35:04.812  1456  3541 I chatty  : uid=1000(system) Binder_6 expire 6 lines
10-13 20:35:04.828  1456  3569 I chatty  : uid=1000(system) Binder_8 expire 8 lines
10-13 20:35:04.912  1456  1475 I chatty  : uid=1000(system) Binder_1 expire 13 lines
10-13 20:35:04.955  1456  3189 I chatty  : uid=1000(system) Binder_4 expire 2 lines
10-13 20:38:15.834  1456  3600 I chatty  : uid=1000(system) Binder_B expire 7 lines
10-13 20:56:01.966  1456  2941 I chatty  : uid=1000(system) NetworkStats expire 2 lines
10-13 20:56:01.966  1456  2942 I chatty  : uid=1000(system) NetworkPolicy expire 4 lines
10-13 20:56:02.461  1456  3580 I chatty  : uid=1000(system) Binder_A expire 12 lines
10-13 21:26:05.468  1456  3095 I chatty  : uid=1000(system) Binder_3 expire 11 lines
10-13 21:26:05.842  1456  3617 I chatty  : uid=1000(system) Binder_D expire 9 lines
10-13 21:26:05.852  1456  3448 I chatty  : uid=1000(system) Binder_5 expire 18 lines
10-13 21:26:05.864  1456  4198 I chatty  : uid=1000(system) Binder_10 expire 13 lines
10-13 21:26:05.908  1456  4196 I chatty  : uid=1000(system) Binder_E expire 6 lines
10-13 21:26:05.939  1456  4197 I chatty  : uid=1000(system) Binder_F expire 10 lines
10-13 21:27:06.415  1456  2932 I chatty  : uid=1000(system) AlarmManager expire 37 lines
10-13 21:31:10.103  1456  1456 I chatty  : uid=1000 system_server expire 14 lines
10-13 21:31:10.167  1456  3189 I chatty  : uid=1000(system) Binder_4 expire 10 lines
10-13 21:31:10.213  1456  3541 I chatty  : uid=1000(system) Binder_6 expire 9 lines
10-13 21:31:10.268  1456  1487 I chatty  : uid=1000(system) android.bg expire 41 lines
10-13 21:31:10.394  1456  3614 I chatty  : uid=1000(system) Binder_C expire 14 lines
10-13 21:31:11.295  1456  1476 I chatty  : uid=1000(system) Binder_2 expire 4 lines
10-13 21:31:12.100  1456  3544 I chatty  : uid=1000(system) Binder_7 expire 3 lines
10-13 21:36:11.661  1456  1475 I chatty  : uid=1000(system) Binder_1 expire 3 lines
10-13 21:36:11.682  1456  3572 I chatty  : uid=1000(system) Binder_9 expire 5 lines
10-13 21:42:25.471  1456  3600 I chatty  : uid=1000(system) Binder_B expire 6 lines
10-13 21:52:50.606  1456  2941 I chatty  : uid=1000(system) NetworkStats expire 1 line
10-13 21:52:50.606  1456  2942 I chatty  : uid=1000(system) NetworkPolicy expire 2 lines
10-13 21:56:12.679 26614 11680 W PackageParser: Unknown element under <manifest>: queries at /data/data/com.google.android.gms/app_chimera/m/00000041/dl-AdsFdrDynamite.integ_21880000008.apk Binary XML file line #5
10-13 21:56:12.696 26614 11680 W PackageParser: Unknown element under <manifest>: queries at /data/data/com.google.android.gms/app_chimera/m/00000053/dl-AdsFdrDynamite.integ_22060000008.apk Binary XML file line #5
10-13 21:56:12.700 26614 11680 W PackageParser: Unknown element under <manifest>: queries at /data/data/com.google.android.gms/app_chimera/m/00000072/dl-Payments.integ_203402508000408.apk Binary XML file line #5
10-13 21:56:13.621 26614 11680 W PackageParser: Unknown element under <manifest>: queries at /data/data/com.google.android.gms/app_chimera/m/00000041/dl-AdsFdrDynamite.integ_21880000008.apk Binary XML file line #5
10-13 21:56:13.635 26614 11680 W PackageParser: Unknown element under <manifest>: queries at /data/data/com.google.android.gms/app_chimera/m/00000053/dl-AdsFdrDynamite.integ_22060000008.apk Binary XML file line #5
10-13 21:56:13.640 26614 11680 W PackageParser: Unknown element under <manifest>: queries at /data/data/com.google.android.gms/app_chimera/m/00000055/dl-Payments.integ_202690008000408.apk Binary XML file line #5
10-13 21:56:13.771 26614 11680 W PackageParser: Unknown element under <manifest>: queries at /data/data/com.google.android.gms/app_chimera/m/00000041/dl-AdsFdrDynamite.integ_21880000008.apk Binary XML file line #5
10-13 21:56:13.783 26614 11680 W PackageParser: Unknown element under <manifest>: queries at /data/data/com.google.android.gms/app_chimera/m/00000053/dl-AdsFdrDynamite.integ_22060000008.apk Binary XML file line #5
10-13 21:56:14.405  1456  3095 I chatty  : uid=1000(system) Binder_3 expire 5 lines
10-13 21:56:14.410  1456  3189 I chatty  : uid=1000(system) Binder_4 expire 4 lines
10-13 21:56:14.795  1456  4198 I chatty  : uid=1000(system) Binder_10 expire 6 lines
10-13 21:57:11.530  1456  2932 I chatty  : uid=1000(system) AlarmManager expire 13 lines
10-13 21:57:52.409  1456  1456 I chatty  : uid=1000 system_server expire 3 lines
10-13 22:07:56.070  1456  3448 I chatty  : uid=1000(system) Binder_5 expire 2 lines
10-13 22:07:56.076  1456  3580 I chatty  : uid=1000(system) Binder_A expire 1 line
10-13 22:07:56.228  1456  3614 I chatty  : uid=1000(system) Binder_C expire 6 lines
10-13 22:10:56.368  1456  2932 I chatty  : uid=1000(system) AlarmManager expire 31 lines
10-13 22:13:12.574  1456  1456 I chatty  : uid=1000 system_server expire 22 lines
10-13 22:13:12.601  1456  1487 I chatty  : uid=1000(system) android.bg expire 19 lines
10-13 22:13:12.663  1456  4196 I chatty  : uid=1000(system) Binder_E expire 4 lines
10-13 22:18:16.908  1456  3580 I chatty  : uid=1000(system) Binder_A expire 4 lines
10-13 22:23:17.730  1456  1475 I chatty  : uid=1000(system) Binder_1 expire 2 lines
10-13 22:28:19.914  1456  3095 I chatty  : uid=1000(system) Binder_3 expire 5 lines
10-13 22:33:21.508  1456  3600 I chatty  : uid=1000(system) Binder_B expire 5 lines
10-13 22:35:49.166  1456  2936 I chatty  : uid=1000(system) InputReader expire 4 lines
10-13 22:35:49.206  1456  1516 I chatty  : uid=1000(system) PowerManagerSer expire 54 lines
10-13 22:35:49.208  1456  1490 I chatty  : uid=1000(system) android.ui expire 6 lines
10-13 22:35:49.250  1456  1512 I chatty  : uid=1000(system) android.display expire 6 lines
10-13 22:35:49.290  1456  3189 I chatty  : uid=1000(system) Binder_4 expire 3 lines
10-13 22:35:49.294  1456  3544 I chatty  : uid=1000(system) Binder_7 expire 5 lines
10-13 22:35:49.358  1456  1476 I chatty  : uid=1000(system) Binder_2 expire 1 line
10-13 22:35:49.388  1456  3572 I chatty  : uid=1000(system) Binder_9 expire 3 lines
10-13 22:35:49.388  1456  2941 I chatty  : uid=1000(system) NetworkStats expire 3 lines
10-13 22:35:49.412  1456  3541 I chatty  : uid=1000(system) Binder_6 expire 8 lines
10-13 22:35:49.427  1456  2942 I chatty  : uid=1000(system) NetworkPolicy expire 2 lines
10-13 22:35:49.484  1456  4197 I chatty  : uid=1000(system) Binder_F expire 3 lines
10-13 22:35:49.504  1456  3569 I chatty  : uid=1000(system) Binder_8 expire 3 lines
10-13 22:35:49.518  1456  4198 I chatty  : uid=1000(system) Binder_10 expire 3 lines
10-13 22:35:49.555  1456  3617 I chatty  : uid=1000(system) Binder_D expire 2 lines
10-13 22:35:49.598  1456  3106 I chatty  : uid=1000(system) PhotonicModulat expire 35 lines
10-13 22:35:49.653  3590  3590 D CallNotifier: set power properties to on
10-13 22:35:49.715  1456  1487 I chatty  : uid=1000(system) android.bg expire 4 lines
10-13 22:35:49.806  1456  1456 I chatty  : uid=1000 system_server expire 12 lines
10-13 22:35:50.096  1456  2935 I chatty  : uid=1000(system) InputDispatcher expire 2 lines
10-13 22:35:50.287  1456  1456 I chatty  : uid=1000 system_server expire 2 lines
10-13 22:35:50.294  1456  1516 I chatty  : uid=1000(system) PowerManagerSer expire 105 lines
10-13 22:35:50.294  1456  3106 I chatty  : uid=1000(system) PhotonicModulat expire 104 lines
10-13 22:35:50.335  1456  4196 I chatty  : uid=1000(system) Binder_E expire 2 lines
10-13 22:35:50.372  1456  3189 I chatty  : uid=1000(system) Binder_4 expire 3 lines
10-13 22:35:50.398  1456  3572 I chatty  : uid=1000(system) Binder_9 expire 3 lines
10-13 22:35:50.506  1456  1487 I chatty  : uid=1000(system) android.bg expire 6 lines
10-13 22:35:50.530  1456  3569 I chatty  : uid=1000(system) Binder_8 expire 7 lines
10-13 22:35:50.617  1456  4197 I chatty  : uid=1000(system) Binder_F expire 2 lines
10-13 22:35:50.729  3619 24399 I ActivityThreadEui: scheduleResumeActivity com.android.launcher3.Launcher
10-13 22:35:50.737  1456  3600 I chatty  : uid=1000(system) Binder_B expire 2 lines
10-13 22:35:50.766  1456  3617 I chatty  : uid=1000(system) Binder_D expire 5 lines
10-13 22:35:50.766  1456  3095 I chatty  : uid=1000(system) Binder_3 expire 2 lines
10-13 22:35:50.769  1456  3544 I chatty  : uid=1000(system) Binder_7 expire 2 lines
10-13 22:35:50.778  1456  4198 I chatty  : uid=1000(system) Binder_10 expire 1 line
10-13 22:35:50.789  1456  1489 I chatty  : uid=1000(system) ActivityManager expire 2 lines
10-13 22:35:50.814  1456  1512 I chatty  : uid=1000(system) android.display expire 1 line
10-13 22:35:51.058  1456  3448 I chatty  : uid=1000(system) Binder_5 expire 1 line
10-13 22:35:51.096  1456  3614 I chatty  : uid=1000(system) Binder_C expire 2 lines
10-13 22:35:51.837  1456  2936 I chatty  : uid=1000(system) InputReader expire 3 lines
10-13 22:35:52.028  1456  3106 I chatty  : uid=1000(system) PhotonicModulat expire 18 lines
10-13 22:35:52.045  1456  1516 I chatty  : uid=1000(system) PowerManagerSer expire 25 lines
10-13 22:35:52.155  1456  3617 I chatty  : uid=1000(system) Binder_D expire 12 lines
10-13 22:35:52.290  1456  1490 I chatty  : uid=1000(system) android.ui expire 7 lines
10-13 22:35:52.291  1456  1456 I chatty  : uid=1000 system_server expire 22 lines
10-13 22:35:52.307  3619  3631 I ActivityThreadEui: schedulePauseActivity com.android.launcher3.Launcher finished=false userLeaving=false configChanges=0 dontReport=false
10-13 22:35:52.324  1456  1489 I chatty  : uid=1000(system) ActivityManager expire 2 lines
10-13 22:35:52.327  1456  3544 I chatty  : uid=1000(system) Binder_7 expire 5 lines
10-13 22:35:52.339  3619  3632 I ActivityThreadEui: scheduleStopActivity com.android.launcher3.Launcher show=true configChanges=0
10-13 22:35:52.341  3619  3619 I ActivityThread: Finishing stop of ActivityRecord{b1ffde8 token=android.os.BinderProxy@56bfc01 {com.android.launcher3/com.android.launcher3.Launcher}}: show=true win=com.android.internal.policy.PhoneWindow@efdcf7c
10-13 22:35:52.353  1456  1475 I chatty  : uid=1000(system) Binder_1 expire 4 lines
10-13 22:35:52.389  1456  1512 I chatty  : uid=1000(system) android.display expire 15 lines
10-13 22:35:52.410  1456  3614 I chatty  : uid=1000(system) Binder_C expire 6 lines
10-13 22:35:52.411  1456  3541 I chatty  : uid=1000(system) Binder_6 expire 5 lines
10-13 22:35:52.421  1456  3569 I chatty  : uid=1000(system) Binder_8 expire 5 lines
10-13 22:35:52.423  1456  3572 I chatty  : uid=1000(system) Binder_9 expire 2 lines
10-13 22:35:52.691  1456  4197 I chatty  : uid=1000(system) Binder_F expire 8 lines
10-13 22:35:52.782  1456  2944 I chatty  : uid=1000(system) WifiStateMachin expire 1 line
10-13 22:35:52.829  3590  3590 D CallNotifier: set power properties to off
10-13 22:35:53.584  1456  4196 I chatty  : uid=1000(system) Binder_E expire 5 lines
10-13 22:35:55.954  1456  3448 I chatty  : uid=1000(system) Binder_5 expire 3 lines
10-13 22:36:18.656  1456  2932 I chatty  : uid=1000(system) AlarmManager expire 4 lines
10-13 22:36:20.065  1456  3095 I chatty  : uid=1000(system) Binder_3 expire 4 lines
10-13 22:36:20.085  1456  3600 I chatty  : uid=1000(system) Binder_B expire 9 lines
10-13 22:36:20.095  3163  3163 V KeyguardStatusViewLeui: setShowCharge(),show:true
10-13 22:36:20.125  1456  1476 I chatty  : uid=1000(system) Binder_2 expire 3 lines
10-13 22:36:20.171  1456  1456 I chatty  : uid=1000 system_server expire 14 lines
10-13 22:36:20.228  1456  3580 I chatty  : uid=1000(system) Binder_A expire 1 line
10-13 22:36:20.362  1456  4198 I chatty  : uid=1000(system) Binder_10 expire 3 lines
10-13 22:36:20.389  1456  1516 I chatty  : uid=1000(system) PowerManagerSer expire 34 lines
10-13 22:36:20.439  1456  3106 I chatty  : uid=1000(system) PhotonicModulat expire 28 lines
10-13 22:36:20.505  1456  1487 I chatty  : uid=1000(system) android.bg expire 4 lines
10-13 22:36:20.630  3619  4571 I ActivityThreadEui: scheduleWindowVisibility com.android.launcher3.Launcher show=false
10-13 22:36:20.631  3619  3619 I ActivityThreadEui: Handle window ActivityRecord{b1ffde8 token=android.os.BinderProxy@56bfc01 {com.android.launcher3/com.android.launcher3.Launcher}} visibility: false
10-13 22:36:20.698 14618 14618 I chatty  : uid=1000(system) expire 1 line
10-13 22:36:20.944  1456  3189 I chatty  : uid=1000(system) Binder_4 expire 9 lines
10-13 22:36:20.949  3590  3590 D CallNotifier: set power properties to on
10-13 22:36:21.036  1456  3106 I chatty  : uid=1000(system) PhotonicModulat expire 85 lines
10-13 22:36:21.041 14618 14631 I chatty  : uid=1000(system) expire 1 line
10-13 22:36:21.043  1456  1476 I chatty  : uid=1000(system) Binder_2 expire 9 lines
10-13 22:36:21.053  1456  1516 I chatty  : uid=1000(system) PowerManagerSer expire 85 lines
10-13 22:36:21.067  1456  1456 I chatty  : uid=1000 system_server expire 1 line
10-13 22:36:21.070  1456  4198 I chatty  : uid=1000(system) Binder_10 expire 5 lines
10-13 22:36:21.168  1456 20999 I chatty  : uid=1000(system) UsbDebuggingMan expire 1 line
10-13 22:36:21.170  1456  1492 I chatty  : uid=1000(system) android.fg expire 7 lines
10-13 22:36:21.175 14618 14618 I chatty  : uid=1000(system) expire 1 line
10-13 22:36:21.180 22860 30569 I ActivityThreadEui: scheduleWindowVisibility com.google.android.apps.gsa.velour.dynamichosts.TransparentVelvetDynamicHostActivity show=true
10-13 22:36:21.180  3619 24100 I ActivityThreadEui: scheduleWindowVisibility com.android.launcher3.Launcher show=true
10-13 22:36:21.187  3163  3163 I ActivityThreadEui: Handling launch of ActivityRecord{8bf03 token=android.os.BinderProxy@a6dc3b2 {com.android.systemui/com.android.systemui.usb.UsbDebuggingActivity}} startsNotResumed=false
10-13 22:36:21.189  1456  4197 I chatty  : uid=1000(system) Binder_F expire 6 lines
10-13 22:36:21.191 22860 22860 I ActivityThreadEui: Handle window ActivityRecord{11b13d3 token=android.os.BinderProxy@c3eb10 {com.google.android.googlequicksearchbox/com.google.android.apps.gsa.velour.dynamichosts.TransparentVelvetDynamicHostActivity}} visibility: true
10-13 22:36:21.191  3619  3619 I ActivityThreadEui: Handle window ActivityRecord{b1ffde8 token=android.os.BinderProxy@56bfc01 {com.android.launcher3/com.android.launcher3.Launcher}} visibility: true
10-13 22:36:21.203  1456  1475 I chatty  : uid=1000(system) Binder_1 expire 4 lines
10-13 22:36:21.222  1456  3541 I chatty  : uid=1000(system) Binder_6 expire 4 lines
10-13 22:36:21.232  3163 25607 I ActivityThreadEui: scheduleStopActivity com.android.systemui.usb.UsbDebuggingActivity show=true configChanges=0
10-13 22:36:21.277  3163  3163 I ActivityThread: Finishing stop of ActivityRecord{8bf03 token=android.os.BinderProxy@a6dc3b2 {com.android.systemui/com.android.systemui.usb.UsbDebuggingActivity}}: show=true win=com.android.internal.policy.PhoneWindow@d27cfcc
10-13 22:36:21.302  1456  3569 I chatty  : uid=1000(system) Binder_8 expire 6 lines
10-13 22:36:21.309  1456  1512 I chatty  : uid=1000(system) android.display expire 5 lines
10-13 22:36:21.324  1456  1487 I chatty  : uid=1000(system) android.bg expire 4 lines
10-13 22:36:21.343  1456  3572 I chatty  : uid=1000(system) Binder_9 expire 3 lines
10-13 22:36:21.426  1456  3544 I chatty  : uid=1000(system) Binder_7 expire 4 lines
10-13 22:36:21.507  1456  3617 I chatty  : uid=1000(system) Binder_D expire 4 lines
10-13 22:36:21.719  1456  4196 I chatty  : uid=1000(system) Binder_E expire 7 lines
10-13 22:36:21.763  1456  3095 I chatty  : uid=1000(system) Binder_3 expire 1 line
10-13 22:36:21.815  1456  3448 I chatty  : uid=1000(system) Binder_5 expire 4 lines
10-13 22:36:21.958  1456  3614 I chatty  : uid=1000(system) Binder_C expire 1 line
10-13 22:36:22.149  1456  3600 I chatty  : uid=1000(system) Binder_B expire 9 lines
10-13 22:36:22.453  1456  3106 I chatty  : uid=1000(system) PhotonicModulat expire 85 lines
10-13 22:36:22.459  1456  3544 I chatty  : uid=1000(system) Binder_7 expire 5 lines
10-13 22:36:22.463  1456  3189 I chatty  : uid=1000(system) Binder_4 expire 10 lines
10-13 22:36:22.470  1456  1516 I chatty  : uid=1000(system) PowerManagerSer expire 86 lines
10-13 22:36:22.502  1456  4197 I chatty  : uid=1000(system) Binder_F expire 4 lines
10-13 22:36:22.532  1456  3448 I chatty  : uid=1000(system) Binder_5 expire 9 lines
10-13 22:36:22.536  1456  3569 I chatty  : uid=1000(system) Binder_8 expire 5 lines
10-13 22:36:22.677  1456  3617 I chatty  : uid=1000(system) Binder_D expire 5 lines
10-13 22:36:22.752  1456  4196 I chatty  : uid=1000(system) Binder_E expire 4 lines
10-13 22:36:22.803  1456  3572 I chatty  : uid=1000(system) Binder_9 expire 9 lines
10-13 22:36:22.812  1456  3541 I chatty  : uid=1000(system) Binder_6 expire 2 lines
10-13 22:36:22.888  1456  3580 I chatty  : uid=1000(system) Binder_A expire 11 lines
10-13 22:36:22.949  1456  1476 I chatty  : uid=1000(system) Binder_2 expire 6 lines
10-13 22:36:22.958  1456  3614 I chatty  : uid=1000(system) Binder_C expire 3 lines
10-13 22:36:23.103  3163  3163 V KeyguardStatusViewLeui: setShowCharge(),show:false
10-13 22:36:23.257  1456  4198 I chatty  : uid=1000(system) Binder_10 expire 2 lines
10-13 22:36:23.413  1456  3095 I chatty  : uid=1000(system) Binder_3 expire 1 line
10-13 22:36:25.076  1456  1475 I chatty  : uid=1000(system) Binder_1 expire 2 lines
10-13 22:36:29.453  1456  1516 I chatty  : uid=1000(system) PowerManagerSer expire 19 lines
10-13 22:36:29.453  1456  3106 I chatty  : uid=1000(system) PhotonicModulat expire 81 lines
10-13 22:36:30.471  1456  1456 I chatty  : uid=1000 system_server expire 14 lines
10-13 22:36:30.487  3163  3163 V KeyguardStatusViewLeui: setShowCharge(),show:true
10-13 22:36:30.520  1456  1512 I chatty  : uid=1000(system) android.display expire 7 lines
10-13 22:36:30.968  1456  2944 I chatty  : uid=1000(system) WifiStateMachin expire 1 line
10-13 22:36:30.982  3590  3590 D CallNotifier: set power properties to off
10-13 22:36:32.510  1456  3580 I chatty  : uid=1000(system) Binder_A expire 5 lines
10-13 22:36:32.512  1456  3600 I chatty  : uid=1000(system) Binder_B expire 3 lines
10-13 22:36:32.565  1456  2932 I chatty  : uid=1000(system) AlarmManager expire 5 lines
10-13 22:36:35.123  1456  3541 I chatty  : uid=1000(system) Binder_6 expire 3 lines
10-13 22:36:35.164  1456  3095 I chatty  : uid=1000(system) Binder_3 expire 2 lines
10-13 22:36:35.220  1456  1487 I chatty  : uid=1000(system) android.bg expire 7 lines
10-13 22:36:35.237  1456  3572 I chatty  : uid=1000(system) Binder_9 expire 3 lines
10-13 22:36:35.245  1456  4197 I chatty  : uid=1000(system) Binder_F expire 1 line
10-13 22:36:46.337  1456  2936 I chatty  : uid=1000(system) InputReader expire 4 lines
10-13 22:36:46.346  1456  1490 I chatty  : uid=1000(system) android.ui expire 5 lines
10-13 22:36:46.465  3163  3163 V KeyguardStatusViewLeui: setShowCharge(),show:true
10-13 22:36:46.478  1456  1456 I chatty  : uid=1000 system_server expire 5 lines
10-13 22:36:46.496  1456  1516 I chatty  : uid=1000(system) PowerManagerSer expire 85 lines
10-13 22:36:46.524  3590  3590 D CallNotifier: set power properties to on
10-13 22:36:46.558  1456  3569 I chatty  : uid=1000(system) Binder_8 expire 3 lines
10-13 22:36:46.560  1456  3614 I chatty  : uid=1000(system) Binder_C expire 2 lines
10-13 22:36:47.832  1456  1516 I chatty  : uid=1000(system) PowerManagerSer expire 84 lines
10-13 22:36:47.832  1456  3106 I chatty  : uid=1000(system) PhotonicModulat expire 78 lines
10-13 22:36:49.467  3163  3163 V KeyguardStatusViewLeui: setShowCharge(),show:false
10-13 22:36:50.193  1456  3544 I chatty  : uid=1000(system) Binder_7 expire 4 lines
10-13 22:36:50.305  1456  3569 I chatty  : uid=1000(system) Binder_8 expire 10 lines
10-13 22:36:55.191 22860  6045 I ActivityThreadEui: scheduleWindowVisibility com.google.android.apps.gsa.velour.dynamichosts.TransparentVelvetDynamicHostActivity show=false
10-13 22:36:55.191  3163 11797 I ActivityThreadEui: scheduleResumeActivity com.android.systemui.usb.UsbDebuggingActivity
10-13 22:36:55.201 22860 22860 I ActivityThreadEui: Handle window ActivityRecord{11b13d3 token=android.os.BinderProxy@c3eb10 {com.google.android.googlequicksearchbox/com.google.android.apps.gsa.velour.dynamichosts.TransparentVelvetDynamicHostActivity}} visibility: false
10-13 22:36:55.232  1456  4196 I chatty  : uid=1000(system) Binder_E expire 3 lines
10-13 22:36:55.233  1456  3541 I chatty  : uid=1000(system) Binder_6 expire 5 lines
10-13 22:36:55.236  1456  3572 I chatty  : uid=1000(system) Binder_9 expire 2 lines
10-13 22:36:55.245  1456  3580 I chatty  : uid=1000(system) Binder_A expire 6 lines
10-13 22:36:55.251  1456  1489 I chatty  : uid=1000(system) ActivityManager expire 2 lines
10-13 22:36:55.272  1456  1512 I chatty  : uid=1000(system) android.display expire 2 lines
