10-13 22:36:57.035  1456  1475 I chatty  : uid=1000(system) Binder_1 expire 7 lines
10-13 22:36:57.039  3163 11797 I ActivityThreadEui: schedulePauseActivity com.android.systemui.usb.UsbDebuggingActivity finished=true userLeaving=false configChanges=0 dontReport=false
10-13 22:36:57.087  1456  3095 I chatty  : uid=1000(system) Binder_3 expire 5 lines
10-13 22:36:57.092  3619 24399 I ActivityThreadEui: scheduleResumeActivity com.android.launcher3.Launcher
10-13 22:36:57.103  1456  3189 I chatty  : uid=1000(system) Binder_4 expire 4 lines
10-13 22:36:58.771  1456  3617 I chatty  : uid=1000(system) Binder_D expire 7 lines
10-13 22:37:00.000  1456  2932 I chatty  : uid=1000(system) AlarmManager expire 7 lines
10-13 22:37:02.387  1456  3600 I chatty  : uid=1000(system) Binder_B expire 4 lines
10-13 22:37:08.069  1456  3448 I chatty  : uid=1000(system) Binder_5 expire 2 lines
10-13 22:37:08.461  1456  1476 I chatty  : uid=1000(system) Binder_2 expire 1 line
10-13 22:37:08.723  1456  4198 I chatty  : uid=1000(system) Binder_10 expire 2 lines
10-13 22:37:08.727  1456  2946 I chatty  : uid=1000(system) ConnectivitySer expire 14 lines
10-13 22:37:09.036  1456  4197 I chatty  : uid=1000(system) Binder_F expire 11 lines
10-13 22:37:50.151  1456  1516 I chatty  : uid=1000(system) PowerManagerSer expire 59 lines
10-13 22:37:50.151  1456  3106 I chatty  : uid=1000(system) PhotonicModulat expire 55 lines
10-13 22:37:56.936  1456  1456 I chatty  : uid=1000 system_server expire 12 lines
10-13 22:37:56.963  3619  3632 I ActivityThreadEui: schedulePauseActivity com.android.launcher3.Launcher finished=false userLeaving=false configChanges=0 dontReport=false
10-13 22:37:56.985  1456  1489 I chatty  : uid=1000(system) ActivityManager expire 2 lines
10-13 22:37:57.000  1456  1476 I chatty  : uid=1000(system) Binder_2 expire 5 lines
10-13 22:37:57.000  3619  4571 I ActivityThreadEui: scheduleStopActivity com.android.launcher3.Launcher show=true configChanges=0
10-13 22:37:57.001  3619  3619 I ActivityThread: Finishing stop of ActivityRecord{b1ffde8 token=android.os.BinderProxy@56bfc01 {com.android.launcher3/com.android.launcher3.Launcher}}: show=true win=com.android.internal.policy.PhoneWindow@efdcf7c
10-13 22:37:57.003  1456  3095 I chatty  : uid=1000(system) Binder_3 expire 3 lines
10-13 22:37:57.005  1456  1512 I chatty  : uid=1000(system) android.display expire 2 lines
10-13 22:37:57.410  1456  2944 I chatty  : uid=1000(system) WifiStateMachin expire 1 line
10-13 22:37:57.421  3590  3590 D CallNotifier: set power properties to off
10-13 22:38:00.000  1456  2932 I chatty  : uid=1000(system) AlarmManager expire 28 lines
10-13 22:38:02.044  1456  3189 I chatty  : uid=1000(system) Binder_4 expire 5 lines
10-13 22:38:02.094  1456  3580 I chatty  : uid=1000(system) Binder_A expire 9 lines
10-13 22:38:21.627  1456  3572 I chatty  : uid=1000(system) Binder_9 expire 6 lines
10-13 22:38:57.249  1456  4198 I chatty  : uid=1000(system) Binder_10 expire 13 lines
10-13 22:42:00.189  1456  1487 I chatty  : uid=1000(system) android.bg expire 12 lines
10-13 22:56:05.532  1456  2941 I chatty  : uid=1000(system) NetworkStats expire 1 line
10-13 22:56:05.533  1456  4196 I chatty  : uid=1000(system) Binder_E expire 7 lines
10-13 22:56:05.536  1456  2942 I chatty  : uid=1000(system) NetworkPolicy expire 2 lines
10-13 22:56:05.566  1456  3614 I chatty  : uid=1000(system) Binder_C expire 3 lines
10-13 22:56:05.566  1456  3569 I chatty  : uid=1000(system) Binder_8 expire 8 lines
10-13 22:56:05.660  1456  3544 I chatty  : uid=1000(system) Binder_7 expire 1 line
10-13 22:56:05.894  1456  1475 I chatty  : uid=1000(system) Binder_1 expire 5 lines
10-13 22:56:05.990  1456  3448 I chatty  : uid=1000(system) Binder_5 expire 3 lines
10-13 22:56:06.000  1456  3541 I chatty  : uid=1000(system) Binder_6 expire 2 lines
10-13 22:56:06.215  1456  3617 I chatty  : uid=1000(system) Binder_D expire 3 lines
10-13 22:56:06.584  1456  3600 I chatty  : uid=1000(system) Binder_B expire 29 lines
10-13 22:56:07.632  1456  4197 I chatty  : uid=1000(system) Binder_F expire 21 lines
10-13 22:56:07.632  1456  2932 I chatty  : uid=1000(system) AlarmManager expire 4 lines
10-13 22:56:07.714  1456  3189 I chatty  : uid=1000(system) Binder_4 expire 8 lines
10-13 22:56:07.779  1456  3572 I chatty  : uid=1000(system) Binder_9 expire 16 lines
10-13 22:56:07.802  1456  3580 I chatty  : uid=1000(system) Binder_A expire 14 lines
10-13 22:56:07.859  1456  4198 I chatty  : uid=1000(system) Binder_10 expire 9 lines
10-13 22:56:07.942  1456  4196 I chatty  : uid=1000(system) Binder_E expire 13 lines
10-13 22:56:07.963  1456  3541 I chatty  : uid=1000(system) Binder_6 expire 15 lines
10-13 22:56:07.967  1456  3448 I chatty  : uid=1000(system) Binder_5 expire 24 lines
10-13 22:56:08.011  1456  3544 I chatty  : uid=1000(system) Binder_7 expire 15 lines
10-13 22:56:08.022  1456  1476 I chatty  : uid=1000(system) Binder_2 expire 4 lines
10-13 22:56:08.126  1456  3617 I chatty  : uid=1000(system) Binder_D expire 16 lines
10-13 22:56:08.207  1456  3569 I chatty  : uid=1000(system) Binder_8 expire 10 lines
10-13 22:56:08.677  1456  1475 I chatty  : uid=1000(system) Binder_1 expire 14 lines
10-13 22:56:08.810  1456  1489 I chatty  : uid=1000(system) ActivityManager expire 1 line
10-13 22:56:08.951  1456  3614 I chatty  : uid=1000(system) Binder_C expire 16 lines
10-13 22:56:09.870  1456  3095 I chatty  : uid=1000(system) Binder_3 expire 11 lines
10-13 22:56:10.832  1456  1487 I chatty  : uid=1000(system) android.bg expire 2 lines
10-13 22:56:21.305  1456  2946 I chatty  : uid=1000(system) ConnectivitySer expire 15 lines
10-13 22:56:22.466  1456  3095 I chatty  : uid=1000(system) Binder_3 expire 12 lines
10-13 22:56:22.469  1456  4196 I chatty  : uid=1000(system) Binder_E expire 17 lines
10-13 22:56:22.482  1456  3617 I chatty  : uid=1000(system) Binder_D expire 13 lines
10-13 22:56:22.523  1456  3572 I chatty  : uid=1000(system) Binder_9 expire 8 lines
10-13 22:56:22.528  1456  3544 I chatty  : uid=1000(system) Binder_7 expire 15 lines
10-13 22:56:22.533  1456  3189 I chatty  : uid=1000(system) Binder_4 expire 13 lines
10-13 22:56:22.537  1456  1475 I chatty  : uid=1000(system) Binder_1 expire 10 lines
10-13 22:56:22.542  1456  3569 I chatty  : uid=1000(system) Binder_8 expire 13 lines
10-13 22:56:22.552  1456  3448 I chatty  : uid=1000(system) Binder_5 expire 29 lines
10-13 22:56:22.558  1456  3580 I chatty  : uid=1000(system) Binder_A expire 14 lines
10-13 22:56:22.881  1456  3600 I chatty  : uid=1000(system) Binder_B expire 14 lines
10-13 22:56:27.679  1456  3614 I chatty  : uid=1000(system) Binder_C expire 12 lines
10-13 22:56:31.305  1456  1476 I chatty  : uid=1000(system) Binder_2 expire 5 lines
10-13 22:56:31.443  1456  4198 I chatty  : uid=1000(system) Binder_10 expire 7 lines
10-13 22:56:38.018  1456  2932 I chatty  : uid=1000(system) AlarmManager expire 30 lines
10-13 22:56:38.095  1456  1456 I chatty  : uid=1000 system_server expire 20 lines
10-13 22:56:55.441  1456  4197 I chatty  : uid=1000(system) Binder_F expire 4 lines
10-13 22:57:07.267  1456  1487 I chatty  : uid=1000(system) android.bg expire 18 lines
10-13 22:57:07.616  1456  3541 I chatty  : uid=1000(system) Binder_6 expire 8 lines
10-13 23:06:59.999  1456  2932 I chatty  : uid=1000(system) AlarmManager expire 12 lines
10-13 23:13:11.048  1456  1456 I chatty  : uid=1000 system_server expire 14 lines
10-13 23:13:11.543  1456  1489 I chatty  : uid=1000(system) ActivityManager expire 1 line
10-13 23:13:11.547  1456  3544 I chatty  : uid=1000(system) Binder_7 expire 9 lines
10-13 23:13:11.553  1456  3600 I chatty  : uid=1000(system) Binder_B expire 5 lines
10-13 23:13:11.633  1456  3569 I chatty  : uid=1000(system) Binder_8 expire 16 lines
10-13 23:13:12.026  1456  1487 I chatty  : uid=1000(system) android.bg expire 7 lines
10-13 23:17:26.424  1456  4197 I chatty  : uid=1000(system) Binder_F expire 6 lines
10-13 23:17:26.567  1456  4196 I chatty  : uid=1000(system) Binder_E expire 1 line
10-13 23:17:26.777  1456  4198 I chatty  : uid=1000(system) Binder_10 expire 3 lines
10-13 23:17:26.951  1456  3095 I chatty  : uid=1000(system) Binder_3 expire 4 lines
10-13 23:17:27.086  1456  3580 I chatty  : uid=1000(system) Binder_A expire 4 lines
10-13 23:17:27.454  1456  3614 I chatty  : uid=1000(system) Binder_C expire 5 lines
10-13 23:17:27.534  1456  3572 I chatty  : uid=1000(system) Binder_9 expire 4 lines
10-13 23:17:27.575  1456  3448 I chatty  : uid=1000(system) Binder_5 expire 4 lines
10-13 23:17:27.774  1456  2936 I chatty  : uid=1000(system) InputReader expire 4 lines
10-13 23:17:27.776  1456  1516 I chatty  : uid=1000(system) PowerManagerSer expire 62 lines
10-13 23:17:27.784  1456  1476 I chatty  : uid=1000(system) Binder_2 expire 1 line
10-13 23:17:27.784  1456  1490 I chatty  : uid=1000(system) android.ui expire 5 lines
10-13 23:17:27.801  3163  3163 V KeyguardStatusViewLeui: setShowCharge(),show:true
10-13 23:17:27.822  1456  1456 I chatty  : uid=1000 system_server expire 18 lines
10-13 23:17:27.825  1456  1512 I chatty  : uid=1000(system) android.display expire 6 lines
10-13 23:17:28.013  3590  3590 D CallNotifier: set power properties to on
10-13 23:17:28.080  1456  3106 I chatty  : uid=1000(system) PhotonicModulat expire 40 lines
10-13 23:17:28.150  1456  2946 I chatty  : uid=1000(system) ConnectivitySer expire 16 lines
10-13 23:17:28.634  1456  3104 I chatty  : uid=1000(system) backup expire 1 line
10-13 23:17:28.794  1456  3106 I chatty  : uid=1000(system) PhotonicModulat expire 106 lines
10-13 23:17:28.811  1456  1516 I chatty  : uid=1000(system) PowerManagerSer expire 108 lines
10-13 23:17:28.853  1456  3569 I chatty  : uid=1000(system) Binder_8 expire 2 lines
10-13 23:17:28.917  1456  3541 I chatty  : uid=1000(system) Binder_6 expire 3 lines
10-13 23:17:28.936  1456  3544 I chatty  : uid=1000(system) Binder_7 expire 3 lines
10-13 23:17:28.937  1456  1475 I chatty  : uid=1000(system) Binder_1 expire 4 lines
10-13 23:17:28.959  1456  3448 I chatty  : uid=1000(system) Binder_5 expire 2 lines
10-13 23:17:28.980  1456  3572 I chatty  : uid=1000(system) Binder_9 expire 1 line
10-13 23:17:29.014  1456  1487 I chatty  : uid=1000(system) android.bg expire 6 lines
10-13 23:17:29.249  1456  1538 I chatty  : uid=1000(system) PackageManager expire 2 lines
10-13 23:17:29.416  1456  3580 I chatty  : uid=1000(system) Binder_A expire 2 lines
10-13 23:17:29.520  1456  2935 I chatty  : uid=1000(system) InputDispatcher expire 1 line
10-13 23:17:29.521  1456  3600 I chatty  : uid=1000(system) Binder_B expire 2 lines
10-13 23:17:29.563  1456  4196 I chatty  : uid=1000(system) Binder_E expire 1 line
10-13 23:17:30.542  3619  3632 I ActivityThreadEui: scheduleResumeActivity com.android.launcher3.Launcher
10-13 23:17:30.571  1456  1476 I chatty  : uid=1000(system) Binder_2 expire 2 lines
10-13 23:17:30.583  1456  4197 I chatty  : uid=1000(system) Binder_F expire 1 line
10-13 23:17:30.600  1456  3617 I chatty  : uid=1000(system) Binder_D expire 4 lines
10-13 23:17:30.610  1456  1489 I chatty  : uid=1000(system) ActivityManager expire 3 lines
10-13 23:17:30.632  1456  3614 I chatty  : uid=1000(system) Binder_C expire 1 line
10-13 23:17:30.635  1456  1512 I chatty  : uid=1000(system) android.display expire 9 lines
10-13 23:17:30.701  1456  3600 I chatty  : uid=1000(system) Binder_B expire 10 lines
10-13 23:17:30.802  3163  3163 V KeyguardStatusViewLeui: setShowCharge(),show:false
10-13 23:17:30.822  1456  3189 I chatty  : uid=1000(system) Binder_4 expire 11 lines
10-13 23:17:30.834  1456  3544 I chatty  : uid=1000(system) Binder_7 expire 17 lines
10-13 23:17:30.924  1456  1538 I chatty  : uid=1000(system) PackageManager expire 11 lines
10-13 23:17:31.755  1456  1516 I chatty  : uid=1000(system) PowerManagerSer expire 1 line
10-13 23:17:31.841  1456  4196 I chatty  : uid=1000(system) Binder_E expire 18 lines
10-13 23:17:32.772  1456  1456 I chatty  : uid=1000 system_server expire 11 lines
10-13 23:17:33.182  1456  1475 I chatty  : uid=1000(system) Binder_1 expire 5 lines
10-13 23:17:33.183  1456  2946 I chatty  : uid=1000(system) ConnectivitySer expire 20 lines
10-13 23:17:33.554  1456  4197 I chatty  : uid=1000(system) Binder_F expire 15 lines
10-13 23:17:33.673  1456  4198 I chatty  : uid=1000(system) Binder_10 expire 13 lines
10-13 23:17:33.858  1456  3569 I chatty  : uid=1000(system) Binder_8 expire 13 lines
10-13 23:17:33.885  1456  3580 I chatty  : uid=1000(system) Binder_A expire 15 lines
10-13 23:17:34.196  1456  3617 I chatty  : uid=1000(system) Binder_D expire 7 lines
10-13 23:17:34.235  1456  1489 I chatty  : uid=1000(system) ActivityManager expire 3 lines
10-13 23:17:35.267  1456  2942 I chatty  : uid=1000(system) NetworkPolicy expire 1 line
10-13 23:17:35.295  1456  1487 I chatty  : uid=1000(system) android.bg expire 2 lines
10-13 23:17:35.471  1456  3095 I chatty  : uid=1000(system) Binder_3 expire 15 lines
10-13 23:17:35.707  1456  1476 I chatty  : uid=1000(system) Binder_2 expire 7 lines
10-13 23:17:35.789 15901 15901 I chatty  : uid=1000(system) com.android.keychain expire 1 line
10-13 23:17:35.910  1456  3572 I chatty  : uid=1000(system) Binder_9 expire 10 lines
10-13 23:17:35.922  3619  3631 I ActivityThreadEui: schedulePauseActivity com.android.launcher3.Launcher finished=false userLeaving=true configChanges=0 dontReport=false
10-13 23:17:36.125 15951 15951 I ActivityThreadEui: Handling launch of ActivityRecord{355c7e6 token=android.os.BinderProxy@526127 {com.websocket.server/com.websocket.server.MainActivity}} startsNotResumed=false
10-13 23:17:36.162  1456  3614 I chatty  : uid=1000(system) Binder_C expire 11 lines
10-13 23:17:36.427  1456  3448 I chatty  : uid=1000(system) Binder_5 expire 8 lines
10-13 23:17:36.730  3619  4571 I ActivityThreadEui: scheduleStopActivity com.android.launcher3.Launcher show=false configChanges=0
10-13 23:17:36.730  3619  3619 I ActivityThread: Finishing stop of ActivityRecord{b1ffde8 token=android.os.BinderProxy@56bfc01 {com.android.launcher3/com.android.launcher3.Launcher}}: show=false win=com.android.internal.policy.PhoneWindow@efdcf7c
10-13 23:17:37.464  1456  3541 I chatty  : uid=1000(system) Binder_6 expire 12 lines
10-13 23:17:45.700  1456  2932 I chatty  : uid=1000(system) AlarmManager expire 10 lines
10-13 23:17:52.927  1456  3580 V BroadcastQueue: removeReceiverListLocked app = ProcessRecord{9a45fab 15722:com.yahoo.mobile.client.android.weather/u0a119, isShadow:false}
10-13 23:17:59.999  1456  2932 V AlarmManager: Alarm triggering: Alarm{15936ca type 3 when 7185334698 android}
10-13 23:18:11.632  1456  2932 V AlarmManager: Alarm triggering: Alarm{bea103b type 2 when 7185342592 com.google.android.gms}
10-13 23:18:11.632  1456  2932 V AlarmManager: Alarm triggering: Alarm{c3d1358 type 2 when 7185346331 com.stv.stvpush}
10-13 23:18:11.633  1456  2932 D AlarmManager: set alarm to RTC 2 ,      when = 7186420613
10-13 23:18:11.633  1456  2932 D AlarmManager: set alarm to RTC 3 ,      when = 7185356510
10-13 23:18:11.774  1456  4196 D AlarmManager: set alarm to RTC 2 ,      when = 7185646471
10-13 23:18:21.811  1456  2932 V AlarmManager: Alarm triggering: Alarm{800f2ed type 3 when 7185356510 android}
10-13 23:18:21.812  1456  2932 D AlarmManager: set alarm to RTC 3 ,      when = 7185394699
10-13 23:18:21.851  1456  1456 D AlarmManager: set alarm to RTC 3 ,      when = 7185356525
10-13 23:18:21.852  1456  2932 V AlarmManager: Alarm triggering: Alarm{2b9d522 type 3 when 7185356525 android}
10-13 23:18:21.853  1456  2932 D AlarmManager: set alarm to RTC 3 ,      when = 7185394699
10-13 23:18:21.854  1456  1456 D AlarmManager: set alarm to RTC 2 ,      when = 7185825229
10-13 23:18:32.685  1456  2935 V LightsService: setLight #2: color=#ff878784 onMS=0 offMS=0
10-13 23:18:32.685  1456  2935 I PowerManagerService: setBrightness mButtonLight, screenBrightness=900
10-13 23:18:32.726  1456  3600 I WindowManager: Set focused app to: AppWindowToken{55e3b73 token=Token{b52abe2 ActivityRecord{a2fecad u0 com.google.android.googlequicksearchbox/com.google.android.apps.gsa.velour.dynamichosts.TransparentVelvetDynamicHostActivity, isShadow:false t1607}}} old focus=AppWindowToken{7c1e89 token=Token{c787590 ActivityRecord{f93853 u0 com.websocket.server/.MainActivity, isShadow:false t1793}}} moveFocusNow=true
10-13 23:18:32.728  1456  3600 I WindowManager: setAppVisibility(Token{c787590 ActivityRecord{f93853 u0 com.websocket.server/.MainActivity, isShadow:false t1793 f}}, visible=false): mNextAppTransition=TRANSIT_TASK_CLOSE hidden=false hiddenRequested=false
10-13 23:18:32.728  1456  3600 I ActivityManager: screenshotActivity async who=ActivityRecord{f93853 u0 com.websocket.server/.MainActivity, isShadow:false t1793 f}
10-13 23:18:32.729 15951 15982 I ActivityThreadEui: schedulePauseActivity com.websocket.server.MainActivity finished=true userLeaving=false configChanges=0 dontReport=false
10-13 23:18:32.767  1456  3600 I PowerManagerService: setBrightness mButtonLight, screenBrightness=900
10-13 23:18:32.773  1456  3544 I WindowManager: Changing focus from Window{9e6cbee u0 com.websocket.server/com.websocket.server.MainActivity} to null mode=3 updateInputWindows=false
10-13 23:18:32.773  1456  3544 I WindowManager: Input focus has changed to null oldFocusWindow=Window{9e6cbee u0 com.websocket.server/com.websocket.server.MainActivity} updateInputWindow=false
10-13 23:18:32.775  1456  1512 I WindowManager: Focus moving from Window{9e6cbee u0 com.websocket.server/com.websocket.server.MainActivity} to null
10-13 23:18:32.775  1456  3544 I WindowManager: Set focused app to: AppWindowToken{dcd4d01 token=Token{b4787da ActivityRecord{1ef5d85 u0 com.android.launcher3/.Launcher, isShadow:false t1}}} old focus=AppWindowToken{55e3b73 token=Token{b52abe2 ActivityRecord{a2fecad u0 com.google.android.googlequicksearchbox/com.google.android.apps.gsa.velour.dynamichosts.TransparentVelvetDynamicHostActivity, isShadow:false t1607}}} moveFocusNow=true
10-13 23:18:32.777  1456  3544 I WindowManager: setAppVisibility(Token{b4787da ActivityRecord{1ef5d85 u0 com.android.launcher3/.Launcher, isShadow:false t1}}, visible=true): mNextAppTransition=TRANSIT_TASK_CLOSE hidden=true hiddenRequested=true
10-13 23:18:32.781  1456  4197 I WindowManager: Relayout Window{c258a62 u0 com.android.launcher3/com.android.launcher3.Launcher}: viewVisibility=4 oldVisibility=8 mRelayoutCalled=true flagChanges=0x0
10-13 23:18:32.781  3619 24399 I ActivityThreadEui: scheduleResumeActivity com.android.launcher3.Launcher
10-13 23:18:32.797  1456  4196 I WindowManager: Relayout Window{c258a62 u0 com.android.launcher3/com.android.launcher3.Launcher}: viewVisibility=0 oldVisibility=4 mRelayoutCalled=true flagChanges=0x0
10-13 23:18:32.800  1456  4196 I WindowManager: Changing focus from null to Window{c258a62 u0 com.android.launcher3/com.android.launcher3.Launcher} mode=3 updateInputWindows=false
10-13 23:18:32.800  1456  4196 I WindowManager: Input focus has changed to Window{c258a62 u0 com.android.launcher3/com.android.launcher3.Launcher} oldFocusWindow=null updateInputWindow=false
10-13 23:18:32.802  1456  1512 I WindowManager: Focus moving from null to Window{c258a62 u0 com.android.launcher3/com.android.launcher3.Launcher}
10-13 23:18:32.848  1456  3600 I PowerManagerService: setBrightness mButtonLight, screenBrightness=900
10-13 23:18:32.849  1456  1512 I WindowStateAnimator: firstWindowDrawn win=Window{c258a62 u0 com.android.launcher3/com.android.launcher3.Launcher} null startingData
10-13 23:18:32.850  1456  3600 I ActivityManager: Killing 7287:com.android.chrome/u0a54, isShadow:false (adj 15): empty #17
10-13 23:18:32.867  1456  3544 I WindowManager: Relayout Window{9e6cbee u0 com.websocket.server/com.websocket.server.MainActivity}: viewVisibility=8 oldVisibility=0 mRelayoutCalled=true flagChanges=0x0
10-13 23:18:32.968  1456  4198 D ConnectivityService: ConnectivityService NetworkRequestInfo binderDied(NetworkRequest [ id=2815, legacyType=-1, [ Capabilities: INTERNET&NOT_RESTRICTED&TRUSTED] ], android.os.BinderProxy@44216e)
10-13 23:18:32.968  1456  3569 D ConnectivityService: ConnectivityService NetworkRequestInfo binderDied(NetworkRequest [ id=2816, legacyType=-1, [ Capabilities: INTERNET&NOT_RESTRICTED&TRUSTED] ], android.os.BinderProxy@845f00f)
10-13 23:18:32.969  1456  2946 D ConnectivityService: releasing NetworkRequest NetworkRequest [ id=2816, legacyType=-1, [ Capabilities: INTERNET&NOT_RESTRICTED&TRUSTED] ]
10-13 23:18:32.969  1456  2946 D ConnectivityService: sending notification RELEASED for NetworkRequest [ id=2816, legacyType=-1, [ Capabilities: INTERNET&NOT_RESTRICTED&TRUSTED] ]
10-13 23:18:32.970  1456  2946 E ConnectivityService: RemoteException caught trying to send a callback msg for NetworkRequest [ id=2816, legacyType=-1, [ Capabilities: INTERNET&NOT_RESTRICTED&TRUSTED] ]
10-13 23:18:32.970  1456  2946 D ConnectivityService: releasing NetworkRequest NetworkRequest [ id=2815, legacyType=-1, [ Capabilities: INTERNET&NOT_RESTRICTED&TRUSTED] ]
10-13 23:18:32.971  1456  2946 D ConnectivityService: sending notification RELEASED for NetworkRequest [ id=2815, legacyType=-1, [ Capabilities: INTERNET&NOT_RESTRICTED&TRUSTED] ]
10-13 23:18:32.971  1456  2946 E ConnectivityService: RemoteException caught trying to send a callback msg for NetworkRequest [ id=2815, legacyType=-1, [ Capabilities: INTERNET&NOT_RESTRICTED&TRUSTED] ]
10-13 23:18:32.979  1456  3572 D ActivityManager: cleanUpApplicationRecord -- 7287
10-13 23:18:32.980  1456  3572 V BroadcastQueue: removeReceiverListLocked app = ProcessRecord{8c7b7bc 7287:com.android.chrome/u0a54, isShadow:false}
10-13 23:18:32.980  1456  3572 V BroadcastQueue: removeReceiverListLocked app = ProcessRecord{8c7b7bc 7287:com.android.chrome/u0a54, isShadow:false}
10-13 23:18:32.980  1456  3572 V BroadcastQueue: removeReceiverListLocked app = ProcessRecord{8c7b7bc 7287:com.android.chrome/u0a54, isShadow:false}
10-13 23:18:33.206  1456  2935 I PowerManagerService: setBrightness mButtonLight, screenBrightness=900
10-13 23:18:36.979  1456  4197 D ActivityManager: getContentProviderImpl: from caller=android.app.ApplicationThreadProxy@414e67a (pid=15991, calling Proc=ProcessRecord{977b8fa 15991:com.google.android.apps.photos/u0a102, isShadow:false}) to get content provider com.google.android.gsf.gservices cpr=ContentProviderRecord{7a407c7 u0 com.google.android.gsf/.gservices.GservicesProvider}
10-13 23:18:37.206  1456  1516 V LightsService: setLight #2: color=#0 onMS=0 offMS=0
10-13 23:18:49.659  1456  1476 I ActivityManager: Force stopping com.websocket.server appid=10140 user=0: from pid 16134
10-13 23:18:49.659  1456  1476 I ActivityManager: Killing 15951:com.websocket.server/u0a140, isShadow:false (adj 9): stop com.websocket.server
10-13 23:18:49.825  1456  1476 D ActivityManager: cleanUpApplicationRecord -- 15951
10-13 23:18:49.826  1456  1476 V BroadcastQueue: removeReceiverListLocked app = ProcessRecord{79fbb6a 15951:com.websocket.server/u0a140, isShadow:false}
10-13 23:18:49.826  1456  1476 V BroadcastQueue: removeReceiverListLocked app = ProcessRecord{79fbb6a 15951:com.websocket.server/u0a140, isShadow:false}
10-13 23:18:49.826  1456  1476 V BroadcastQueue: removeReceiverListLocked app = ProcessRecord{79fbb6a 15951:com.websocket.server/u0a140, isShadow:false}
10-13 23:18:49.830  1456  3600 W ActivityManager: Spurious death for ProcessRecord{79fbb6a 0:com.websocket.server/u0a140, isShadow:false}, curProc for 15951: null
10-13 23:18:53.094  1456  1489 W BroadcastQueue: Permission Denial: receiving Intent { act=android.intent.action.PACKAGE_VERIFIED dat=file:///data/app/vmdl1950339137.tmp typ=application/vnd.android.package-archive flg=0x11 mCallingUid=1000 (has extras) } to com.yulong.android.cp_engmode/.PackageVerificationReceiver requires android.permission.PACKAGE_VERIFICATION_AGENT due to sender android (uid 1000)
10-13 23:18:53.212  1456  1538 I PackageManager: copyNative : setNativeLibraryPaths :  packageName iscom.websocket.server, isDisabledSystemPackage is false
10-13 23:18:53.215  1456  1538 I PackageManager: copyNative : setNativeLibraryPaths :  packageName iscom.websocket.server, isDisabledSystemPackage is false
10-13 23:18:53.229  1456  1538 I PackageManager.DexOptimizer: dex2oat : performDexOpt.
10-13 23:18:53.229  1456  1538 I PackageManager.DexOptimizer: dex2oat : performDexOptLI -->getDexOptNeeded , path is /data/app/vmdl1950339137.tmp/base.apk , dexoptNeeded is 1
10-13 23:18:56.357  1456  1489 I ActivityManager: Force stopping com.websocket.server appid=10140 user=-1: uninstall pkg
10-13 23:18:56.508  1456  1538 I PackageManager: Package com.websocket.server codePath changed from /data/app/com.websocket.server-2 to /data/app/com.websocket.server-1; Retaining data and using new
10-13 23:18:56.508  1456  1538 I PackageManager: copyNative : setNativeLibraryPaths :  packageName iscom.websocket.server, isDisabledSystemPackage is false
10-13 23:18:56.508  1456  1538 W PackageManager: Code path for com.websocket.server changing from /data/app/com.websocket.server-2 to /data/app/com.websocket.server-1
10-13 23:18:56.508  1456  1538 W PackageManager: Resource path for com.websocket.server changing from /data/app/com.websocket.server-2 to /data/app/com.websocket.server-1
10-13 23:18:56.508  1456  1489 I ActivityManager: Force stopping com.websocket.server appid=10140 user=-1: replace pkg
10-13 23:18:57.178  1456  1538 W PackageManager: Couldn't remove dex file for package:  at location /data/app/com.websocket.server-2/base.apk, retcode=-1
10-13 23:18:57.180  1456  1538 I ActivityManager: Force stopping com.websocket.server appid=10140 user=0: pkg removed
10-13 23:18:57.199  1456  1456 D JobSchedulerService: Receieved: android.intent.action.PACKAGE_REMOVED
10-13 23:18:57.207  1456  2942 V NetworkPolicy: ACTION_PACKAGE_ADDED for uid=10140
10-13 23:18:57.223  1456  1487 D InputMethodManagerService: Found 4 InputMethod services. currentUser is 0
10-13 23:18:57.294 15901 15901 W ContextImpl: Calling a method in the system process without a qualified user: android.app.ContextImpl.startService:1221 android.content.ContextWrapper.startService:581 android.content.ContextWrapper.startService:581 com.android.keychain.KeyChainBroadcastReceiver.onReceive:12 android.app.ActivityThread.handleReceiver:2791 
10-13 23:18:57.400  1456  3448 D ActivityManager: getContentProviderImpl: from caller=android.app.ApplicationThreadProxy@ea34854 (pid=26614, calling Proc=ProcessRecord{c2d3d42 26614:com.google.android.gms/u0a15, isShadow:false}) to get content provider com.google.android.gsf.gservices cpr=ContentProviderRecord{7a407c7 u0 com.google.android.gsf/.gservices.GservicesProvider}
10-13 23:18:57.485  1456  3541 W BackupManagerService: dataChanged but no participant pkg='com.android.launcher3' uid=10020
10-13 23:18:57.658  1456  3614 D ActivityManager: getContentProviderImpl: from caller=android.app.ApplicationThreadProxy@ffb044a (pid=26614, calling Proc=ProcessRecord{c2d3d42 26614:com.google.android.gms/u0a15, isShadow:false}) to get content provider com.google.android.gsf.gservices cpr=ContentProviderRecord{7a407c7 u0 com.google.android.gsf/.gservices.GservicesProvider}
10-13 23:18:57.810  1456  3572 W ActivityManager: Unable to start service Intent { act=com.google.android.gms.auth.key.retrieval.service.START pkg=com.google.android.gms } U=0: not found
10-13 23:18:57.815  1456  3544 W ActivityManager: Unbind failed: could not find connection for android.os.BinderProxy@6396c97
10-13 23:18:57.845  1456  3617 D AlarmManager: rebatchAllAlarmsLocked begin oldBatches count = 30
10-13 23:18:57.846  1456  3617 D AlarmManager: set alarm to RTC 2 ,      when = 7185671765
10-13 23:18:57.846  1456  3617 D AlarmManager: rebatchAllAlarmsLocked end
10-13 23:18:57.846  1456  3617 D AlarmManager: set alarm to RTC 2 ,      when = 7185825229
10-13 23:18:57.846  1456  3617 D AlarmManager: rebatchAllAlarmsLocked begin oldBatches count = 30
10-13 23:18:57.847  1456  3617 D AlarmManager: rebatchAllAlarmsLocked end
10-13 23:18:57.850  1456  3572 D AlarmManager: rebatchAllAlarmsLocked begin oldBatches count = 30
10-13 23:18:57.851  1456  3572 D AlarmManager: set alarm to RTC 2 ,      when = 7185671765
10-13 23:18:57.851  1456  3572 D AlarmManager: rebatchAllAlarmsLocked end
10-13 23:18:57.851  1456  3572 D AlarmManager: set alarm to RTC 2 ,      when = 7185825229
10-13 23:18:57.851  1456  3572 D AlarmManager: rebatchAllAlarmsLocked begin oldBatches count = 30
10-13 23:18:57.852  1456  3572 D AlarmManager: rebatchAllAlarmsLocked end
10-13 23:18:57.855  1456  3448 D AlarmManager: rebatchAllAlarmsLocked begin oldBatches count = 30
10-13 23:18:57.857  1456  3448 D AlarmManager: set alarm to RTC 2 ,      when = 7185671765
10-13 23:18:57.857  1456  3448 D AlarmManager: rebatchAllAlarmsLocked end
10-13 23:18:57.857  1456  3448 D AlarmManager: set alarm to RTC 2 ,      when = 7185825229
10-13 23:18:57.857  1456  3448 D AlarmManager: rebatchAllAlarmsLocked begin oldBatches count = 30
10-13 23:18:57.859  1456  3448 D AlarmManager: rebatchAllAlarmsLocked end
10-13 23:18:57.860  1456  3617 D AlarmManager: rebatchAllAlarmsLocked begin oldBatches count = 30
10-13 23:18:57.861  1456  3617 D AlarmManager: set alarm to RTC 2 ,      when = 7185671765
10-13 23:18:57.861  1456  3617 D AlarmManager: rebatchAllAlarmsLocked end
10-13 23:18:57.861  1456  3617 D AlarmManager: set alarm to RTC 2 ,      when = 7185825229
10-13 23:18:57.862  1456  3617 D AlarmManager: rebatchAllAlarmsLocked begin oldBatches count = 30
10-13 23:18:57.863  1456  3617 D AlarmManager: rebatchAllAlarmsLocked end
10-13 23:18:57.869  1456  3095 D AlarmManager: rebatchAllAlarmsLocked begin oldBatches count = 30
10-13 23:18:57.870  1456  3095 D AlarmManager: set alarm to RTC 2 ,      when = 7185671765
10-13 23:18:57.870  1456  3095 D AlarmManager: rebatchAllAlarmsLocked end
10-13 23:18:57.870  1456  3095 D AlarmManager: set alarm to RTC 2 ,      when = 7185825229
10-13 23:18:57.870  1456  3095 D AlarmManager: rebatchAllAlarmsLocked begin oldBatches count = 30
10-13 23:18:57.871  1456  3095 D AlarmManager: rebatchAllAlarmsLocked end
10-13 23:18:57.873  1456  1476 D AlarmManager: rebatchAllAlarmsLocked begin oldBatches count = 30
10-13 23:18:57.874  1456  1476 D AlarmManager: set alarm to RTC 2 ,      when = 7185671765
10-13 23:18:57.874  1456  1476 D AlarmManager: rebatchAllAlarmsLocked end
10-13 23:18:57.874  1456  1476 D AlarmManager: set alarm to RTC 2 ,      when = 7185825229
10-13 23:18:57.875  1456  1476 D AlarmManager: rebatchAllAlarmsLocked begin oldBatches count = 30
10-13 23:18:57.876  1456  1476 D AlarmManager: rebatchAllAlarmsLocked end
10-13 23:18:57.878  1456  3614 D AlarmManager: rebatchAllAlarmsLocked begin oldBatches count = 30
10-13 23:18:57.880  1456  3614 D AlarmManager: set alarm to RTC 2 ,      when = 7185671765
10-13 23:18:57.880  1456  3614 D AlarmManager: rebatchAllAlarmsLocked end
10-13 23:18:57.880  1456  3614 D AlarmManager: set alarm to RTC 2 ,      when = 7185825229
10-13 23:18:57.880  1456  3614 D AlarmManager: rebatchAllAlarmsLocked begin oldBatches count = 30
10-13 23:18:57.883  1456  3614 D AlarmManager: rebatchAllAlarmsLocked end
10-13 23:18:57.885  1456  4196 D AlarmManager: rebatchAllAlarmsLocked begin oldBatches count = 30
10-13 23:18:57.886  1456  4196 D AlarmManager: set alarm to RTC 2 ,      when = 7185671765
10-13 23:18:57.886  1456  4196 D AlarmManager: rebatchAllAlarmsLocked end
10-13 23:18:57.886  1456  4196 D AlarmManager: set alarm to RTC 2 ,      when = 7185825229
10-13 23:18:57.886  1456  4196 D AlarmManager: rebatchAllAlarmsLocked begin oldBatches count = 30
10-13 23:18:57.887  1456  4196 D AlarmManager: rebatchAllAlarmsLocked end
10-13 23:18:57.901  1456  3541 D AlarmManager: rebatchAllAlarmsLocked begin oldBatches count = 30
10-13 23:18:57.903  1456  3541 D AlarmManager: set alarm to RTC 2 ,      when = 7185671765
10-13 23:18:57.903  1456  3541 D AlarmManager: rebatchAllAlarmsLocked end
10-13 23:18:57.912  1456  3541 D AlarmManager: rebatchAllAlarmsLocked begin oldBatches count = 31
10-13 23:18:57.912  1456  3541 D AlarmManager: rebatchAllAlarmsLocked end
10-13 23:18:58.224  1456  3600 I ActivityManager: START u0 {act=android.intent.action.MAIN cat=[android.intent.category.LAUNCHER] flg=0x10000000 mCallingUid=2000 cmp=com.websocket.server/.MainActivity} from uid 2000 on display 0
10-13 23:18:58.233  1456  3600 V WindowManager: setAppStartingWindow: token=Token{5a037b2 ActivityRecord{37005bd u0 com.websocket.server/.MainActivity, isShadow:false t1794}} pkg=com.websocket.server transferFrom=nullcreateIfNeeded=true
10-13 23:18:58.233  1456  1512 V WindowManager: Add starting AppWindowToken{bdc2303 token=Token{5a037b2 ActivityRecord{37005bd u0 com.websocket.server/.MainActivity, isShadow:false t1794}}}: pkg=com.websocket.server
10-13 23:18:58.233  1456  3600 I ActivityManager: screenshotActivity async who=ActivityRecord{1ef5d85 u0 com.android.launcher3/.Launcher, isShadow:false t1}
10-13 23:18:58.234  3619  4571 I ActivityThreadEui: schedulePauseActivity com.android.launcher3.Launcher finished=false userLeaving=true configChanges=0 dontReport=false
10-13 23:18:58.255  1456  1489 I ActivityManager: Ignore Home Task to save
10-13 23:18:58.255  1456  1512 V WindowManager: addWindow: AppWindowToken{bdc2303 token=Token{5a037b2 ActivityRecord{37005bd u0 com.websocket.server/.MainActivity, isShadow:false t1794}}} startingWindow=Window{9f30b0a u0 Starting com.websocket.server}
10-13 23:18:58.256  1456  1512 I WindowManager: addWindow: window=Window{9f30b0a u0 Starting com.websocket.server}
10-13 23:18:58.260  1456  1512 I WindowManager: Relayout Window{9f30b0a u0 Starting com.websocket.server}: viewVisibility=0 oldVisibility=0 mRelayoutCalled=false flagChanges=0x0
10-13 23:18:58.274  1456  3600 I WindowManager: Set focused app to: AppWindowToken{bdc2303 token=Token{5a037b2 ActivityRecord{37005bd u0 com.websocket.server/.MainActivity, isShadow:false t1794}}} old focus=AppWindowToken{dcd4d01 token=Token{b4787da ActivityRecord{1ef5d85 u0 com.android.launcher3/.Launcher, isShadow:false t1}}} moveFocusNow=true
10-13 23:18:58.275  1456  3600 I WindowManager: Changing focus from Window{c258a62 u0 com.android.launcher3/com.android.launcher3.Launcher} to null mode=0 updateInputWindows=true
10-13 23:18:58.275  1456  3600 I WindowManager: Input focus has changed to null oldFocusWindow=Window{c258a62 u0 com.android.launcher3/com.android.launcher3.Launcher} updateInputWindow=true
10-13 23:18:58.297  1456  3541 I ActivityManager: Start proc 16265:com.websocket.server/u0a140 for activity com.websocket.server/.MainActivity
10-13 23:18:58.297  1456  1512 I WindowManager: Focus moving from Window{c258a62 u0 com.android.launcher3/com.android.launcher3.Launcher} to null
10-13 23:18:58.375  1456  3544 I WindowManager: setAppVisibility(Token{5a037b2 ActivityRecord{37005bd u0 com.websocket.server/.MainActivity, isShadow:false t1794}}, visible=true): mNextAppTransition=TRANSIT_TASK_OPEN hidden=true hiddenRequested=true
10-13 23:18:58.375  1456  3544 I WindowManager: setAppVisibility(Token{b4787da ActivityRecord{1ef5d85 u0 com.android.launcher3/.Launcher, isShadow:false t1}}, visible=false): mNextAppTransition=TRANSIT_TASK_OPEN hidden=false hiddenRequested=false
10-13 23:18:58.405  1456  3448 I WindowManager: Relayout Window{c258a62 u0 com.android.launcher3/com.android.launcher3.Launcher}: viewVisibility=8 oldVisibility=0 mRelayoutCalled=true flagChanges=0x0
10-13 23:18:58.412 16265 16265 I ActivityThreadEui: Handling launch of ActivityRecord{355c7e6 token=android.os.BinderProxy@526127 {com.websocket.server/com.websocket.server.MainActivity}} startsNotResumed=false
10-13 23:18:58.487  1456  3572 D AlarmManager: rebatchAllAlarmsLocked begin oldBatches count = 31
10-13 23:18:58.488  1456  3572 D AlarmManager: rebatchAllAlarmsLocked end
10-13 23:18:58.489  1456  3572 D AlarmManager: set alarm to RTC 2 ,      when = 7185423183
10-13 23:18:58.656  1456  3569 I WindowManager: addWindow: window=Window{d110bb0 u0 com.websocket.server/com.websocket.server.MainActivity}
10-13 23:18:58.691  1456  3580 I WindowManager: Relayout Window{d110bb0 u0 com.websocket.server/com.websocket.server.MainActivity}: viewVisibility=0 oldVisibility=4 mRelayoutCalled=false flagChanges=0x0
10-13 23:18:58.693  1456  3580 I WindowManager: Changing focus from null to Window{d110bb0 u0 com.websocket.server/com.websocket.server.MainActivity} mode=3 updateInputWindows=false
10-13 23:18:58.693  1456  3580 I WindowManager: Input focus has changed to Window{d110bb0 u0 com.websocket.server/com.websocket.server.MainActivity} oldFocusWindow=null updateInputWindow=false
10-13 23:18:58.695  1456  1512 I WindowManager: Focus moving from null to Window{d110bb0 u0 com.websocket.server/com.websocket.server.MainActivity}
10-13 23:18:58.921  1456  1512 V WindowStateAnimator: Finish starting AppWindowToken{bdc2303 token=Token{5a037b2 ActivityRecord{37005bd u0 com.websocket.server/.MainActivity, isShadow:false t1794}}}: first real window is shown, no animation
10-13 23:18:58.922  1456  1512 V WindowManager: Finished starting AppWindowToken{bdc2303 token=Token{5a037b2 ActivityRecord{37005bd u0 com.websocket.server/.MainActivity, isShadow:false t1794}}}: startingWindow=Window{9f30b0a u0 Starting com.websocket.server} startingView=com.android.internal.policy.PhoneWindow$DecorView{bf1ca29 V.E...... R.....I. 0,0-1080,1920}
10-13 23:18:58.943  1456  3189 I WindowManager: setAppVisibility(Token{b4787da ActivityRecord{1ef5d85 u0 com.android.launcher3/.Launcher, isShadow:false t1}}, visible=false): mNextAppTransition=TRANSIT_UNSET hidden=true hiddenRequested=true
10-13 23:18:58.944  3619  3632 I ActivityThreadEui: scheduleStopActivity com.android.launcher3.Launcher show=false configChanges=0
10-13 23:18:58.944  3619  3619 I ActivityThread: Finishing stop of ActivityRecord{b1ffde8 token=android.os.BinderProxy@56bfc01 {com.android.launcher3/com.android.launcher3.Launcher}}: show=false win=com.android.internal.policy.PhoneWindow@efdcf7c
10-13 23:19:00.000  1456  2932 V AlarmManager: Alarm triggering: Alarm{dec4aba type 3 when 7185394699 android}
10-13 23:19:00.001  1456  2932 D AlarmManager: set alarm to RTC 3 ,      when = 7185407243
10-13 23:19:04.911  1456  3580 D AlarmManager: rebatchAllAlarmsLocked begin oldBatches count = 32
10-13 23:19:04.913  1456  3580 D AlarmManager: rebatchAllAlarmsLocked end
10-13 23:19:05.619  1456  4196 D AlarmManager: rebatchAllAlarmsLocked begin oldBatches count = 32
10-13 23:19:05.620  1456  4196 D AlarmManager: rebatchAllAlarmsLocked end
10-13 23:19:08.064  1456  3614 I ActivityManager: Force stopping com.websocket.server appid=10140 user=0: from pid 16293
10-13 23:19:08.064  1456  3614 I ActivityManager: Killing 16265:com.websocket.server/u0a140, isShadow:false (adj 0): stop com.websocket.server
10-13 23:19:08.165  1456  3614 D ActivityManager: cleanUpApplicationRecord -- 16265
10-13 23:19:08.165  1456  3189 I WindowState: WIN DEATH: Window{d110bb0 u0 com.websocket.server/com.websocket.server.MainActivity}
10-13 23:19:08.165  1456  3614 V BroadcastQueue: removeReceiverListLocked app = ProcessRecord{23cad6b 16265:com.websocket.server/u0a140, isShadow:false}
10-13 23:19:08.165  1456  3614 V BroadcastQueue: removeReceiverListLocked app = ProcessRecord{23cad6b 16265:com.websocket.server/u0a140, isShadow:false}
10-13 23:19:08.165  1456  3614 V BroadcastQueue: removeReceiverListLocked app = ProcessRecord{23cad6b 16265:com.websocket.server/u0a140, isShadow:false}
10-13 23:19:08.167  1456  3614 W ActivityManager: Force removing ActivityRecord{37005bd u0 com.websocket.server/.MainActivity, isShadow:false t1794}: app died, no saved state
10-13 23:19:08.170  1456  3189 I WindowManager: Changing focus from Window{d110bb0 u0 com.websocket.server/com.websocket.server.MainActivity} to null mode=0 updateInputWindows=true
10-13 23:19:08.170  1456  3189 I WindowManager: Input focus has changed to null oldFocusWindow=Window{d110bb0 u0 com.websocket.server/com.websocket.server.MainActivity} updateInputWindow=true
10-13 23:19:08.213  1456  3614 E WindowState: getStack: Window{d110bb0 u0 com.websocket.server/com.websocket.server.MainActivity} couldn't find task for AppWindowToken{bdc2303 token=Token{5a037b2 ActivityRecord{37005bd u0 com.websocket.server/.MainActivity, isShadow:false t1794}}} Callers=com.android.server.wm.WindowState.getDisplayContent:864 com.android.server.wm.WindowState.getWindowList:1482 com.android.server.wm.WindowState.getNeedsMenuLw:795 com.android.server.policy.PhoneWindowManager.updateSystemUiVisibilityLw:7649 
10-13 23:19:08.215  1456  3614 I WindowManager: Set focused app to: AppWindowToken{dcd4d01 token=Token{b4787da ActivityRecord{1ef5d85 u0 com.android.launcher3/.Launcher, isShadow:false t1}}} old focus=null moveFocusNow=true
10-13 23:19:08.216  1456  3614 I WindowManager: setAppVisibility(Token{b4787da ActivityRecord{1ef5d85 u0 com.android.launcher3/.Launcher, isShadow:false t1}}, visible=true): mNextAppTransition=TRANSIT_ACTIVITY_OPEN hidden=true hiddenRequested=true
10-13 23:19:08.220  3619  3631 I ActivityThreadEui: scheduleResumeActivity com.android.launcher3.Launcher
10-13 23:19:08.225  1456  3614 E WindowState: getStack: Window{d110bb0 u0 com.websocket.server/com.websocket.server.MainActivity} couldn't find task for AppWindowToken{bdc2303 token=Token{5a037b2 ActivityRecord{37005bd u0 com.websocket.server/.MainActivity, isShadow:false t1794}}} Callers=com.android.server.wm.WindowState.getDisplayContent:864 com.android.server.wm.WindowState.getWindowList:1482 com.android.server.wm.WindowState.getNeedsMenuLw:795 com.android.server.policy.PhoneWindowManager.updateSystemUiVisibilityLw:7649 
10-13 23:19:08.231  1456  3614 E WindowState: getStack: Window{d110bb0 u0 com.websocket.server/com.websocket.server.MainActivity} couldn't find task for AppWindowToken{bdc2303 token=Token{5a037b2 ActivityRecord{37005bd u0 com.websocket.server/.MainActivity, isShadow:false t1794}}} Callers=com.android.server.wm.WindowState.getDisplayContent:864 com.android.server.wm.WindowState.getWindowList:1482 com.android.server.wm.WindowState.getNeedsMenuLw:795 com.android.server.policy.PhoneWindowManager.updateSystemUiVisibilityLw:7649 
10-13 23:19:08.232  1456  3448 I WindowManager: Relayout Window{c258a62 u0 com.android.launcher3/com.android.launcher3.Launcher}: viewVisibility=4 oldVisibility=8 mRelayoutCalled=true flagChanges=0x0
10-13 23:19:08.233  1456  3448 E WindowState: getStack: Window{d110bb0 u0 com.websocket.server/com.websocket.server.MainActivity} couldn't find task for AppWindowToken{bdc2303 token=Token{5a037b2 ActivityRecord{37005bd u0 com.websocket.server/.MainActivity, isShadow:false t1794}}} Callers=com.android.server.wm.WindowState.getDisplayContent:864 com.android.server.wm.WindowState.getWindowList:1482 com.android.server.wm.WindowState.getNeedsMenuLw:795 com.android.server.policy.PhoneWindowManager.updateSystemUiVisibilityLw:7649 
10-13 23:19:08.236  1456  1512 I WindowManager: Focus moving from Window{d110bb0 u0 com.websocket.server/com.websocket.server.MainActivity} to null
10-13 23:19:08.249  1456  3448 I WindowManager: Relayout Window{c258a62 u0 com.android.launcher3/com.android.launcher3.Launcher}: viewVisibility=0 oldVisibility=4 mRelayoutCalled=true flagChanges=0x0
10-13 23:19:08.250  1456  3448 I WindowManager: Changing focus from null to Window{c258a62 u0 com.android.launcher3/com.android.launcher3.Launcher} mode=3 updateInputWindows=false
10-13 23:19:08.251  1456  3448 E WindowState: getStack: Window{d110bb0 u0 com.websocket.server/com.websocket.server.MainActivity} couldn't find task for AppWindowToken{bdc2303 token=Token{5a037b2 ActivityRecord{37005bd u0 com.websocket.server/.MainActivity, isShadow:false t1794}}} Callers=com.android.server.wm.WindowState.getDisplayContent:864 com.android.server.wm.WindowState.getWindowList:1482 com.android.server.wm.WindowState.getNeedsMenuLw:795 com.android.server.policy.PhoneWindowManager.updateSystemUiVisibilityLw:7649 
10-13 23:19:08.251  1456  3448 I WindowManager: Input focus has changed to Window{c258a62 u0 com.android.launcher3/com.android.launcher3.Launcher} oldFocusWindow=null updateInputWindow=false
10-13 23:19:08.251  1456  3448 E WindowState: getStack: Window{d110bb0 u0 com.websocket.server/com.websocket.server.MainActivity} couldn't find task for AppWindowToken{bdc2303 token=Token{5a037b2 ActivityRecord{37005bd u0 com.websocket.server/.MainActivity, isShadow:false t1794}}} Callers=com.android.server.wm.WindowState.getDisplayContent:864 com.android.server.wm.WindowState.getWindowList:1482 com.android.server.wm.WindowState.getNeedsMenuLw:795 com.android.server.policy.PhoneWindowManager.updateSystemUiVisibilityLw:7649 
10-13 23:19:08.253  1456  1512 I WindowManager: Focus moving from null to Window{c258a62 u0 com.android.launcher3/com.android.launcher3.Launcher}
10-13 23:19:08.271  1456  4196 W InputMethodManagerService: Got RemoteException sending setActive(false) notification to pid 16265 uid 10140
10-13 23:19:08.304  1456  1512 E WindowState: getStack: Window{d110bb0 u0 com.websocket.server/com.websocket.server.MainActivity} couldn't find task for AppWindowToken{bdc2303 token=Token{5a037b2 ActivityRecord{37005bd u0 com.websocket.server/.MainActivity, isShadow:false t1794}}} Callers=com.android.server.wm.WindowState.getDisplayContent:864 com.android.server.wm.WindowState.getWindowList:1482 com.android.server.wm.WindowState.getNeedsMenuLw:795 com.android.server.policy.PhoneWindowManager.updateSystemUiVisibilityLw:7649 
10-13 23:19:08.306  1456  1512 I WindowStateAnimator: firstWindowDrawn win=Window{c258a62 u0 com.android.launcher3/com.android.launcher3.Launcher} null startingData
10-13 23:19:08.308  1456  1512 E WindowState: getStack: Window{d110bb0 u0 com.websocket.server/com.websocket.server.MainActivity} couldn't find task for AppWindowToken{bdc2303 token=Token{5a037b2 ActivityRecord{37005bd u0 com.websocket.server/.MainActivity, isShadow:false t1794}}} Callers=com.android.server.wm.WindowState.getDisplayContent:864 com.android.server.wm.WindowState.getWindowList:1482 com.android.server.wm.WindowState.getNeedsMenuLw:795 com.android.server.policy.PhoneWindowManager.updateSystemUiVisibilityLw:7649 
10-13 23:19:12.544  1456  2932 V AlarmManager: Alarm triggering: Alarm{2c79561 type 3 when 7185407243 android}
10-13 23:19:12.585  1456  1456 D AlarmManager: set alarm to RTC 3 ,      when = 7185407257
10-13 23:19:12.588  1456  2932 V AlarmManager: Alarm triggering: Alarm{707269d type 3 when 7185407257 android}
10-13 23:19:12.628  1456  3448 D AlarmManager: rebatchAllAlarmsLocked begin oldBatches count = 31
10-13 23:19:12.629  1456  3448 D AlarmManager: rebatchAllAlarmsLocked end
10-13 23:19:12.633  1456  4196 D AlarmManager: rebatchAllAlarmsLocked begin oldBatches count = 31
10-13 23:19:12.634  1456  4196 D AlarmManager: rebatchAllAlarmsLocked end
10-13 23:19:12.645  1456  3189 D AlarmManager: rebatchAllAlarmsLocked begin oldBatches count = 31
10-13 23:19:12.646  1456  3189 D AlarmManager: rebatchAllAlarmsLocked end
10-13 23:19:12.649  1456  3544 D AlarmManager: rebatchAllAlarmsLocked begin oldBatches count = 31
10-13 23:19:12.650  1456  3544 D AlarmManager: rebatchAllAlarmsLocked end
10-13 23:19:12.656  1456  1456 D AlarmManager: rebatchAllAlarmsLocked begin oldBatches count = 31
10-13 23:19:12.656  1456  1456 D AlarmManager: rebatchAllAlarmsLocked end
10-13 23:19:12.657  1456  1456 D AlarmManager: rebatchAllAlarmsLocked begin oldBatches count = 31
10-13 23:19:12.657  1456  1456 D AlarmManager: rebatchAllAlarmsLocked end
10-13 23:19:12.851  1456  1456 D AlarmManager: rebatchAllAlarmsLocked begin oldBatches count = 31
10-13 23:19:12.852  1456  1456 D AlarmManager: rebatchAllAlarmsLocked end
10-13 23:19:12.853  1456  1456 D AlarmManager: rebatchAllAlarmsLocked begin oldBatches count = 31
10-13 23:19:12.855  1456  1456 D AlarmManager: rebatchAllAlarmsLocked end
10-13 23:19:12.865  1456  3617 D AlarmManager: rebatchAllAlarmsLocked begin oldBatches count = 31
10-13 23:19:12.866  1456  3617 D AlarmManager: rebatchAllAlarmsLocked end
10-13 23:19:12.867  1456  3617 D AlarmManager: rebatchAllAlarmsLocked begin oldBatches count = 31
10-13 23:19:12.867  1456  3617 D AlarmManager: rebatchAllAlarmsLocked end
10-13 23:19:12.869  1456  3580 D AlarmManager: rebatchAllAlarmsLocked begin oldBatches count = 31
10-13 23:19:12.870  1456  3580 D AlarmManager: rebatchAllAlarmsLocked end
10-13 23:19:12.871  1456  3580 D AlarmManager: rebatchAllAlarmsLocked begin oldBatches count = 31
10-13 23:19:12.872  1456  3580 D AlarmManager: rebatchAllAlarmsLocked end
10-13 23:19:12.873  1456  3614 D AlarmManager: rebatchAllAlarmsLocked begin oldBatches count = 31
10-13 23:19:12.874  1456  3614 D AlarmManager: rebatchAllAlarmsLocked end
10-13 23:19:12.875  1456  3614 D AlarmManager: rebatchAllAlarmsLocked begin oldBatches count = 31
10-13 23:19:12.876  1456  3614 D AlarmManager: rebatchAllAlarmsLocked end
10-13 23:19:12.877  1456  3189 D AlarmManager: rebatchAllAlarmsLocked begin oldBatches count = 31
10-13 23:19:12.878  1456  3189 D AlarmManager: rebatchAllAlarmsLocked end
10-13 23:19:12.879  1456  3189 D AlarmManager: rebatchAllAlarmsLocked begin oldBatches count = 31
10-13 23:19:12.880  1456  3189 D AlarmManager: rebatchAllAlarmsLocked end
10-13 23:19:12.881  1456  3572 D AlarmManager: rebatchAllAlarmsLocked begin oldBatches count = 31
10-13 23:19:12.882  1456  3572 D AlarmManager: rebatchAllAlarmsLocked end
10-13 23:19:12.883  1456  3572 D AlarmManager: rebatchAllAlarmsLocked begin oldBatches count = 31
