10-05 16:19:12.535  2007 28926 F google-breakpad: M 0000007FA2720000 0000000000000000 000000000059C000 49C6943F8EF4B287374825F8F31D72090 libskia.so
10-05 16:19:12.535  2007 28926 F google-breakpad: M 0000007FA2CC4000 0000000000000000 000000000001A000 4DDC508AFB3AB62B79BF6E0C9D0DC6E20 libcamera_metadata.so
10-05 16:19:12.535  2007 28926 F google-breakpad: M 0000007FA2CD2000 0000000000000000 000000000005C000 0F39052E9883B7402B554DEF365C84660 libcamera_client.so
10-05 16:19:12.535  2007 28926 F google-breakpad: M 0000007FA2D2A000 0000000000000000 0000000000074000 6162E765B044E53C34BB06E5CABE02FF0 libinputflinger.so
10-05 16:19:12.535  2007 28926 F google-breakpad: M 0000007FA2D99000 0000000000000000 0000000000042000 3E80479CC31EA14EDA6C50A52D2A5C5F0 libinput.so
10-05 16:19:12.535  2007 28926 F google-breakpad: M 0000007FA2DB7000 0000000000000000 00000000000B6000 E408C9BC1C650E1C781BC55E7B77F7A10 libgui.so
10-05 16:19:12.535  2007 28926 F google-breakpad: M 0000007FA2E6D000 0000000000000000 0000000000012000 C1789F1BE64383CCF41D6956703DE9A40 libui.so
10-05 16:19:12.535  2007 28926 F google-breakpad: M 0000007FA2E80000 0000000000000000 0000000000019000 564A2CE099979803573AB2D6B1A1622C0 libnetutils.so
10-05 16:19:12.535  2007 28926 F google-breakpad: M 0000007FA2E99000 0000000000000000 0000000000019000 B20A18D7FF9C508EF3305679423DD5B10 libnativehelper.so
10-05 16:19:12.535  2007 28926 F google-breakpad: M 0000007FA2EB2000 0000000000000000 0000000000035000 FD85759774713AE6D71F9A6B5D5D16BB0 libexpat.so
10-05 16:19:12.535  2007 28926 F google-breakpad: M 0000007FA2EE6000 0000000000000000 000000000004E000 0FD36B976535F047169D8079FA112BBF0 libandroidfw.so
10-05 16:19:12.535  2007 28926 F google-breakpad: M 0000007FA2F34000 0000000000000000 0000000000013000 411BBC82F40E82902EE8FCA7B8145A680 libmemtrack.so
10-05 16:19:12.535  2007 28926 F google-breakpad: M 0000007FA2F47000 0000000000000000 000000000001D000 F60B10B68F46215ED7ACE4402512BC4E0 libbacktrace.so
10-05 16:19:12.535  2007 28926 F google-breakpad: M 0000007FA2F64000 0000000000000000 000000000004A000 02FAA1395D8540921170F9C368B3D3810 libm.so
10-05 16:19:12.535  2007 28926 F google-breakpad: M 0000007FA2FAE000 0000000000000000 00000000000AC000 75D9BB4EA4EC9A560566A9D8BC7310E60 libc.so
10-05 16:19:12.535  2007 28926 F google-breakpad: M 0000007FA3060000 0000000000000000 00000000000F7000 4CE469B6EFF4BF278F4E5108809FEEC60 libc++.so
10-05 16:19:12.535  2007 28926 F google-breakpad: M 0000007FA3155000 0000000000000000 0000000000057000 34392B792685793343D98B28AFC479410 libwilhelm.so
10-05 16:19:12.535  2007 28926 F google-breakpad: M 0000007FA317E000 0000000000000000 00000000001DD000 607076EF3CD20EE073DDE2CACA41D3D00 libandroid_runtime.so
10-05 16:19:12.535  2007 28926 F google-breakpad: M 0000007FA3350000 0000000000000000 000000000005F000 C201843115E2EF8A4D5D522F47F832440 libbinder.so
10-05 16:19:12.535  2007 28926 F google-breakpad: M 0000007FA33AF000 0000000000000000 000000000001B000 ADB3CD9A89028D9E5EBAC45E4DDEABE20 liblog.so
10-05 16:19:12.535  2007 28926 F google-breakpad: M 0000007FA33CA000 0000000000000000 0000000000035000 19770B490EFEEB85B49FA287024671A20 libutils.so
10-05 16:19:12.535  2007 28926 F google-breakpad: M 0000007FA33FF000 0000000000000000 0000000000028000 E90E597F8D9D1382E4A7B6501807183C0 libcutils.so
10-05 16:19:12.536  2007 28926 F google-breakpad: M 0000007FA3429000 0000000000000000 0000000000013000 A6B2CBF1238D7CCFACD867347CB903200 libNimsWrap.so
10-05 16:19:12.536  2007 28926 F google-breakpad: M 0000007FA345D000 0000000000000000 0000000000032000 00EEA439E508E54C0C37E7A7BFB967E10 linker64
10-05 16:19:12.537  2007 28926 F google-breakpad: M 0000007FA349C000 0000000000000000 0000000000002000 672B2CD6CF8AF6C43BD70F2AB02B3D0C0 linux-gate.so
10-05 16:19:12.537  2007 28926 F google-breakpad: -----END BREAKPAD MICRODUMP-----
10-05 16:19:12.657 28803 28926 F libc    : Fatal signal 11 (SIGSEGV), code 1, fault addr 0xfbadbeef in tid 28926 (Chrome_InProcRe)
10-05 16:19:12.717  2416  2416 F DEBUG   : *** *** *** *** *** *** *** *** *** *** *** *** *** *** *** ***
10-05 16:19:12.717  2416  2416 F DEBUG   : Build fingerprint: 'Coolpad/C103_C1-INDIA/C103:6.0.1/ZIXOSOP5801803011S/0001832:user/release-keys'
10-05 16:19:12.717  2416  2416 F DEBUG   : Revision: '0'
10-05 16:19:12.717  2416  2416 F DEBUG   : ABI: 'arm64'
10-05 16:19:12.718  2416  2416 F DEBUG   : pid: 28803, tid: 28926, name: Chrome_InProcRe  >>> web.dassem.livewebsiteeditorfree <<<
10-05 16:19:12.718  2416  2416 F DEBUG   : signal 11 (SIGSEGV), code 1 (SEGV_MAPERR), fault addr 0xfbadbeef
10-05 16:19:12.844  2416  2416 F DEBUG   :     x0   00000000fbadbeef  x1   00000000fffffffe  x2   0000000000004001  x3   0000007f80b40450
10-05 16:19:12.844  2416  2416 F DEBUG   :     x4   0000000000000000  x5   0000000000004001  x6   0000000000000000  x7   0000007fa3064a6c
10-05 16:19:12.844  2416  2416 F DEBUG   :     x8   00000000000070fe  x9   00000000000070fe  x10  0000007fa3064a6c  x11  0000000000004000
10-05 16:19:12.844  2416  2416 F DEBUG   :     x12  0000000000004001  x13  0000000000000000  x14  0000000000000001  x15  0000000000000000
10-05 16:19:12.844  2416  2416 F DEBUG   :     x16  0000007fa3056a58  x17  0000000000000000  x18  0000000000000069  x19  000000557894e230
10-05 16:19:12.844  2416  2416 F DEBUG   :     x20  0000007f8a2fbf20  x21  0000007f8a33f670  x22  000000557894a250  x23  0000007f80b3d620
10-05 16:19:12.844  2416  2416 F DEBUG   :     x24  0000007f80b3d828  x25  0000007f8a33f670  x26  0000005578b3e538  x27  0000000000000000
10-05 16:19:12.844  2416  2416 F DEBUG   :     x28  0000007f80b3e348  x29  0000007f80b3d450  x30  0000007f899637e8
10-05 16:19:12.844  2416  2416 F DEBUG   :     sp   0000007f80b3d450  pc   0000007f899637f0  pstate 00000000a0000000
10-05 16:19:12.886  2416  2416 F DEBUG   : 
10-05 16:19:12.886  2416  2416 F DEBUG   : backtrace:
10-05 16:19:12.886  2416  2416 F DEBUG   :     #00 pc 00000000025207f0  /system/app/webview/webview.apk (offset 0x8b2000)
10-05 16:19:12.886  2416  2416 F DEBUG   :     #01 pc 0000000001681f18  /system/app/webview/webview.apk (offset 0x8b2000)
10-05 16:19:12.886  2416  2416 F DEBUG   :     #02 pc 000000000168209c  /system/app/webview/webview.apk (offset 0x8b2000)
10-05 16:19:12.886  2416  2416 F DEBUG   :     #03 pc 0000000001a68708  /system/app/webview/webview.apk (offset 0x8b2000)
10-05 16:19:12.886  2416  2416 F DEBUG   :     #04 pc 0000000001a68f44  /system/app/webview/webview.apk (offset 0x8b2000)
10-05 16:19:12.886  2416  2416 F DEBUG   :     #05 pc 00000000016c9f88  /system/app/webview/webview.apk (offset 0x8b2000)
10-05 16:19:12.886  2416  2416 F DEBUG   :     #06 pc 00000000016ca14c  /system/app/webview/webview.apk (offset 0x8b2000)
10-05 16:19:12.886  2416  2416 F DEBUG   :     #07 pc 000000000168a82c  /system/app/webview/webview.apk (offset 0x8b2000)
10-05 16:19:12.886  2416  2416 F DEBUG   :     #08 pc 000000000252c614  /system/app/webview/webview.apk (offset 0x8b2000)
10-05 16:19:12.886  2416  2416 F DEBUG   :     #09 pc 000000000252cf2c  /system/app/webview/webview.apk (offset 0x8b2000)
10-05 16:19:12.886  2416  2416 F DEBUG   :     #10 pc 000000000252d188  /system/app/webview/webview.apk (offset 0x8b2000)
10-05 16:19:12.886  2416  2416 F DEBUG   :     #11 pc 00000000025069c0  /system/app/webview/webview.apk (offset 0x8b2000)
10-05 16:19:12.886  2416  2416 F DEBUG   :     #12 pc 0000000002518d44  /system/app/webview/webview.apk (offset 0x8b2000)
10-05 16:19:12.886  2416  2416 F DEBUG   :     #13 pc 0000000002518d70  /system/app/webview/webview.apk (offset 0x8b2000)
10-05 16:19:12.886  2416  2416 F DEBUG   :     #14 pc 0000000002517a30  /system/app/webview/webview.apk (offset 0x8b2000)
10-05 16:19:12.886  2416  2416 F DEBUG   :     #15 pc 00000000025ee928  /system/app/webview/webview.apk (offset 0x8b2000)
10-05 16:19:12.886  2416  2416 F DEBUG   :     #16 pc 00000000025eec10  /system/app/webview/webview.apk (offset 0x8b2000)
10-05 16:19:12.886  2416  2416 F DEBUG   :     #17 pc 00000000016a332c  /system/app/webview/webview.apk (offset 0x8b2000)
10-05 16:19:12.886  2416  2416 F DEBUG   :     #18 pc 0000000001951640  /system/app/webview/webview.apk (offset 0x8b2000)
10-05 16:19:12.886  2416  2416 F DEBUG   :     #19 pc 0000000001951854  /system/app/webview/webview.apk (offset 0x8b2000)
10-05 16:19:12.887  2416  2416 F DEBUG   :     #20 pc 00000000019737cc  /system/app/webview/webview.apk (offset 0x8b2000)
10-05 16:19:12.887  2416  2416 F DEBUG   :     #21 pc 0000000001a20a08  /system/app/webview/webview.apk (offset 0x8b2000)
10-05 16:19:12.887  2416  2416 F DEBUG   :     #22 pc 0000000001a20ad4  /system/app/webview/webview.apk (offset 0x8b2000)
10-05 16:19:12.887  2416  2416 F DEBUG   :     #23 pc 0000000001a21e94  /system/app/webview/webview.apk (offset 0x8b2000)
10-05 16:19:12.887  2416  2416 F DEBUG   :     #24 pc 0000000000005ef0  [anon:v8_heap]
10-05 16:19:16.808  2416  2416 F DEBUG   : 
10-05 16:19:16.808  2416  2416 F DEBUG   : Tombstone written to: /data/tombstones/tombstone_04
--------- beginning of system
10-13 14:31:43.496  1456  3614 I chatty  : uid=1000(system) Binder_C expire 9 lines
10-13 14:32:46.805  1456  1516 I chatty  : uid=1000(system) PowerManagerSer expire 17 lines
10-13 14:32:46.812  1456  3106 I chatty  : uid=1000(system) PhotonicModulat expire 65 lines
10-13 14:32:47.078  1456  1516 I chatty  : uid=1000(system) PowerManagerSer expire 50 lines
10-13 14:32:47.430  1456  3544 I chatty  : uid=1000(system) Binder_7 expire 11 lines
10-13 14:32:47.730  1456  4197 I chatty  : uid=1000(system) Binder_F expire 7 lines
10-13 14:32:47.829  1456  3541 I chatty  : uid=1000(system) Binder_6 expire 12 lines
10-13 14:32:47.844  1456  3189 I chatty  : uid=1000(system) Binder_4 expire 14 lines
10-13 14:32:49.699  1456  4196 I chatty  : uid=1000(system) Binder_E expire 8 lines
10-13 14:32:50.092  1456  4198 I chatty  : uid=1000(system) Binder_10 expire 8 lines
10-13 14:32:50.272  1456  3448 I chatty  : uid=1000(system) Binder_5 expire 6 lines
10-13 14:32:50.586  1456  1475 I chatty  : uid=1000(system) Binder_1 expire 6 lines
10-13 14:32:51.370  1456  3095 I chatty  : uid=1000(system) Binder_3 expire 8 lines
10-13 14:32:51.537  1456  3614 I chatty  : uid=1000(system) Binder_C expire 9 lines
10-13 14:32:53.478  1456  1476 I chatty  : uid=1000(system) Binder_2 expire 9 lines
10-13 14:32:57.694  1456  2941 I chatty  : uid=1000(system) NetworkStats expire 4 lines
10-13 14:32:57.695  1456  2942 I chatty  : uid=1000(system) NetworkPolicy expire 8 lines
10-13 14:32:57.740  1456  3617 I chatty  : uid=1000(system) Binder_D expire 7 lines
10-13 14:33:00.000  1456  2932 I chatty  : uid=1000(system) AlarmManager expire 10 lines
10-13 14:33:00.117  1456  3580 I chatty  : uid=1000(system) Binder_A expire 11 lines
10-13 14:33:00.492  1456  3600 I chatty  : uid=1000(system) Binder_B expire 8 lines
10-13 14:33:08.691  1456  3569 I chatty  : uid=1000(system) Binder_8 expire 5 lines
10-13 14:33:46.905  1456  3572 I chatty  : uid=1000(system) Binder_9 expire 24 lines
10-13 14:34:16.731  1456  2932 I chatty  : uid=1000(system) AlarmManager expire 8 lines
10-13 14:34:16.988  1456  4198 I chatty  : uid=1000(system) Binder_10 expire 10 lines
10-13 14:34:17.094  1456  1475 I chatty  : uid=1000(system) Binder_1 expire 9 lines
10-13 14:34:17.162  1456  4197 I chatty  : uid=1000(system) Binder_F expire 8 lines
10-13 14:34:17.207  1456  3600 I chatty  : uid=1000(system) Binder_B expire 12 lines
10-13 14:34:17.225  1456  3541 I chatty  : uid=1000(system) Binder_6 expire 8 lines
10-13 14:34:17.242  1456  3544 I chatty  : uid=1000(system) Binder_7 expire 13 lines
10-13 14:34:17.537  1456  3614 I chatty  : uid=1000(system) Binder_C expire 10 lines
10-13 14:34:18.356  1456  1476 I chatty  : uid=1000(system) Binder_2 expire 13 lines
10-13 14:34:18.509  1456  3189 I chatty  : uid=1000(system) Binder_4 expire 11 lines
10-13 14:34:20.338  1456  3569 I chatty  : uid=1000(system) Binder_8 expire 13 lines
10-13 14:34:22.129  1456  4196 I chatty  : uid=1000(system) Binder_E expire 14 lines
10-13 14:34:22.329  1456  3580 I chatty  : uid=1000(system) Binder_A expire 10 lines
10-13 14:34:23.711  1456  3448 I chatty  : uid=1000(system) Binder_5 expire 10 lines
10-13 14:34:24.895  1456  3095 I chatty  : uid=1000(system) Binder_3 expire 8 lines
10-13 14:34:28.657  1456  3617 I chatty  : uid=1000(system) Binder_D expire 9 lines
10-13 14:34:28.836  1456  2941 I chatty  : uid=1000(system) NetworkStats expire 4 lines
10-13 14:34:28.836  1456  2942 I chatty  : uid=1000(system) NetworkPolicy expire 8 lines
10-13 14:35:15.301  1456  1489 I chatty  : uid=1000(system) ActivityManager expire 3 lines
10-13 14:35:17.221  1456  2935 I chatty  : uid=1000(system) InputDispatcher expire 5 lines
10-13 14:35:17.418  1082  2702 I ActivityThreadEui: schedulePauseActivity com.google.android.apps.youtube.app.WatchWhileActivity finished=true userLeaving=false configChanges=0 dontReport=false
10-13 14:35:17.446  1456  3572 I chatty  : uid=1000(system) Binder_9 expire 3 lines
10-13 14:35:17.475  1456  3189 I chatty  : uid=1000(system) Binder_4 expire 8 lines
10-13 14:35:17.477  1456  1512 I chatty  : uid=1000(system) android.display expire 9 lines
10-13 14:35:17.481  3619 24100 I ActivityThreadEui: scheduleResumeActivity com.android.launcher3.Launcher
10-13 14:35:17.487  1456  3569 I chatty  : uid=1000(system) Binder_8 expire 6 lines
10-13 14:35:19.197  1456  4198 I chatty  : uid=1000(system) Binder_10 expire 9 lines
10-13 14:35:19.204  3619  3632 I ActivityThreadEui: schedulePauseActivity com.android.launcher3.Launcher finished=false userLeaving=true configChanges=0 dontReport=true
10-13 14:35:19.232  3163 25607 I ActivityThreadEui: scheduleResumeActivity com.android.systemui.recents.leui.LeuiRecentActivity
10-13 14:35:19.238  3619  4571 I ActivityThreadEui: scheduleStopActivity com.android.launcher3.Launcher show=false configChanges=0
10-13 14:35:19.239  3619  3619 I ActivityThread: Finishing stop of ActivityRecord{b1ffde8 token=android.os.BinderProxy@56bfc01 {com.android.launcher3/com.android.launcher3.Launcher}}: show=false win=com.android.internal.policy.PhoneWindow@efdcf7c
10-13 14:35:19.267  1456  4196 I chatty  : uid=1000(system) Binder_E expire 1 line
10-13 14:35:19.930  1456  1456 I chatty  : uid=1000 system_server expire 1 line
10-13 14:35:20.068  1456  1476 I chatty  : uid=1000(system) Binder_2 expire 4 lines
10-13 14:35:20.137  1456  3600 I chatty  : uid=1000(system) Binder_B expire 1 line
10-13 14:35:21.698  3163  3943 I ActivityThreadEui: schedulePauseActivity com.android.systemui.recents.leui.LeuiRecentActivity finished=false userLeaving=true configChanges=0 dontReport=false
10-13 14:35:21.713  1456  3580 I chatty  : uid=1000(system) Binder_A expire 5 lines
10-13 14:35:21.727  1082  1082 I ActivityThreadEui: Handling launch of ActivityRecord{598a7fc token=android.os.BinderProxy@e167e85 {com.google.android.youtube/com.google.android.apps.youtube.app.application.Shell$HomeActivity}} startsNotResumed=false
10-13 14:35:21.780  1082  1082 I ActivityThreadEui: Handling launch of ActivityRecord{44d12f5 token=android.os.BinderProxy@f15e88a {com.google.android.youtube/com.google.android.apps.youtube.app.WatchWhileActivity}} startsNotResumed=false
10-13 14:35:21.947  1456  3544 I chatty  : uid=1000(system) Binder_7 expire 10 lines
10-13 14:35:22.198  1456  1475 I chatty  : uid=1000(system) Binder_1 expire 10 lines
10-13 14:35:22.404  1456  3189 I chatty  : uid=1000(system) Binder_4 expire 13 lines
10-13 14:35:22.675  1456  1489 I chatty  : uid=1000(system) ActivityManager expire 5 lines
10-13 14:35:22.676  3163  3943 I ActivityThreadEui: scheduleStopActivity com.android.systemui.recents.leui.LeuiRecentActivity show=false configChanges=0
10-13 14:35:22.677  3163  3163 I ActivityThread: Finishing stop of ActivityRecord{d7ea29b token=android.os.BinderProxy@358a638 {com.android.systemui/com.android.systemui.recents.leui.LeuiRecentActivity}}: show=false win=com.android.internal.policy.PhoneWindow@d241148
10-13 14:35:23.086  1456  1516 I chatty  : uid=1000(system) PowerManagerSer expire 5 lines
10-13 14:35:23.634  1456  3614 I chatty  : uid=1000(system) Binder_C expire 13 lines
10-13 14:35:23.651  1456  3541 I chatty  : uid=1000(system) Binder_6 expire 12 lines
10-13 14:35:23.678  1456  1512 I chatty  : uid=1000(system) android.display expire 10 lines
10-13 14:35:24.219  1456  1456 I chatty  : uid=1000 system_server expire 10 lines
10-13 14:35:24.306  1456  4197 I chatty  : uid=1000(system) Binder_F expire 11 lines
10-13 14:35:24.320  1456  3580 I chatty  : uid=1000(system) Binder_A expire 11 lines
10-13 14:35:24.407  1456  1476 I chatty  : uid=1000(system) Binder_2 expire 8 lines
10-13 14:35:28.810  1456  3095 I chatty  : uid=1000(system) Binder_3 expire 6 lines
10-13 14:35:31.095  1456  3600 I chatty  : uid=1000(system) Binder_B expire 7 lines
10-13 14:35:31.949  1456  3448 I chatty  : uid=1000(system) Binder_5 expire 8 lines
10-13 14:35:33.561  1456  4198 I chatty  : uid=1000(system) Binder_10 expire 12 lines
10-13 14:35:37.108  1456  3569 I chatty  : uid=1000(system) Binder_8 expire 19 lines
10-13 14:35:40.077  1456  2942 I chatty  : uid=1000(system) NetworkPolicy expire 2 lines
10-13 14:35:40.085  1456  2941 I chatty  : uid=1000(system) NetworkStats expire 1 line
10-13 14:35:40.101  1456  2935 I chatty  : uid=1000(system) InputDispatcher expire 6 lines
10-13 14:35:40.272  1082  1095 I ActivityThreadEui: schedulePauseActivity com.google.android.apps.youtube.app.WatchWhileActivity finished=true userLeaving=false configChanges=0 dontReport=false
10-13 14:35:40.399  3619 24100 I ActivityThreadEui: scheduleResumeActivity com.android.launcher3.Launcher
10-13 14:35:41.735  3619  4571 I ActivityThreadEui: schedulePauseActivity com.android.launcher3.Launcher finished=false userLeaving=true configChanges=0 dontReport=true
10-13 14:35:41.795  3163 25607 I ActivityThreadEui: scheduleResumeActivity com.android.systemui.recents.leui.LeuiRecentActivity
10-13 14:35:41.797  1456  3580 I chatty  : uid=1000(system) Binder_A expire 4 lines
10-13 14:35:41.800  3619  3632 I ActivityThreadEui: scheduleStopActivity com.android.launcher3.Launcher show=false configChanges=0
10-13 14:35:41.807  3619  3619 I ActivityThread: Finishing stop of ActivityRecord{b1ffde8 token=android.os.BinderProxy@56bfc01 {com.android.launcher3/com.android.launcher3.Launcher}}: show=false win=com.android.internal.policy.PhoneWindow@efdcf7c
10-13 14:35:43.353  1456  2946 I chatty  : uid=1000(system) ConnectivitySer expire 17 lines
10-13 14:35:43.687  3163  3943 I ActivityThreadEui: schedulePauseActivity com.android.systemui.recents.leui.LeuiRecentActivity finished=false userLeaving=true configChanges=0 dontReport=false
10-13 14:35:43.698  1456  3572 I chatty  : uid=1000(system) Binder_9 expire 8 lines
10-13 14:35:43.703  3619  3632 I ActivityThreadEui: scheduleResumeActivity com.android.launcher3.Launcher
10-13 14:35:43.770  1456  4197 I chatty  : uid=1000(system) Binder_F expire 3 lines
10-13 14:35:44.123  3163  3943 I ActivityThreadEui: scheduleStopActivity com.android.systemui.recents.leui.LeuiRecentActivity show=false configChanges=0
10-13 14:35:44.123  3163  3163 I ActivityThread: Finishing stop of ActivityRecord{d7ea29b token=android.os.BinderProxy@358a638 {com.android.systemui/com.android.systemui.recents.leui.LeuiRecentActivity}}: show=false win=com.android.internal.policy.PhoneWindow@d241148
10-13 14:35:45.015  1456  2936 I chatty  : uid=1000(system) InputReader expire 2 lines
10-13 14:35:45.473  1456  1490 I chatty  : uid=1000(system) android.ui expire 3 lines
10-13 14:35:45.497  3619  4571 I ActivityThreadEui: schedulePauseActivity com.android.launcher3.Launcher finished=false userLeaving=false configChanges=0 dontReport=false
10-13 14:35:45.530  1456  3106 I chatty  : uid=1000(system) PhotonicModulat expire 2 lines
10-13 14:35:45.562  3619  3631 I ActivityThreadEui: scheduleStopActivity com.android.launcher3.Launcher show=true configChanges=0
10-13 14:35:45.563  3619  3619 I ActivityThread: Finishing stop of ActivityRecord{b1ffde8 token=android.os.BinderProxy@56bfc01 {com.android.launcher3/com.android.launcher3.Launcher}}: show=true win=com.android.internal.policy.PhoneWindow@efdcf7c
10-13 14:35:45.572  1456  1512 I chatty  : uid=1000(system) android.display expire 5 lines
10-13 14:35:45.623  1456  1475 I chatty  : uid=1000(system) Binder_1 expire 4 lines
10-13 14:35:46.027  1456  2944 I chatty  : uid=1000(system) WifiStateMachin expire 1 line
10-13 14:35:46.036  3590  3590 D CallNotifier: set power properties to off
10-13 14:35:46.128  1456  2932 I chatty  : uid=1000(system) AlarmManager expire 22 lines
10-13 14:35:46.933  1456  4198 I chatty  : uid=1000(system) Binder_10 expire 3 lines
10-13 14:35:47.195  1456  3617 I chatty  : uid=1000(system) Binder_D expire 1 line
10-13 14:35:47.616  1456  4196 I chatty  : uid=1000(system) Binder_E expire 5 lines
10-13 14:42:07.457  1456  2932 I chatty  : uid=1000(system) AlarmManager expire 73 lines
10-13 14:42:07.501  1456  1456 I chatty  : uid=1000 system_server expire 23 lines
10-13 14:42:08.590  1456  4197 I chatty  : uid=1000(system) Binder_F expire 9 lines
10-13 14:45:12.580  1456  3600 I chatty  : uid=1000(system) Binder_B expire 7 lines
10-13 14:45:13.595  1456  4198 I chatty  : uid=1000(system) Binder_10 expire 10 lines
10-13 14:50:15.705  1456  1475 I chatty  : uid=1000(system) Binder_1 expire 4 lines
10-13 14:55:54.210  1456  3569 I chatty  : uid=1000(system) Binder_8 expire 9 lines
10-13 14:55:54.211  1456  3189 I chatty  : uid=1000(system) Binder_4 expire 4 lines
10-13 14:55:54.319  1456  2941 I chatty  : uid=1000(system) NetworkStats expire 1 line
10-13 14:55:54.321  1456  2942 I chatty  : uid=1000(system) NetworkPolicy expire 2 lines
10-13 14:55:54.386  1456  1487 I chatty  : uid=1000(system) android.bg expire 40 lines
10-13 14:55:54.408  1456  1476 I chatty  : uid=1000(system) Binder_2 expire 10 lines
10-13 14:55:54.465  1456  3448 I chatty  : uid=1000(system) Binder_5 expire 9 lines
10-13 14:55:55.219  1456  3617 I chatty  : uid=1000(system) Binder_D expire 12 lines
10-13 14:56:00.018  1456  3614 I chatty  : uid=1000(system) Binder_C expire 2 lines
10-13 14:56:06.750  1456  3544 I chatty  : uid=1000(system) Binder_7 expire 3 lines
10-13 14:56:07.391  1456  3095 I chatty  : uid=1000(system) Binder_3 expire 5 lines
10-13 14:56:08.242  1456  3541 I chatty  : uid=1000(system) Binder_6 expire 6 lines
10-13 15:06:45.546  1456  3580 I chatty  : uid=1000(system) Binder_A expire 6 lines
10-13 15:06:46.031  1456  3572 I chatty  : uid=1000(system) Binder_9 expire 5 lines
10-13 15:28:26.541  1456  2936 I chatty  : uid=1000(system) InputReader expire 4 lines
10-13 15:28:26.579  1456  1516 I chatty  : uid=1000(system) PowerManagerSer expire 5 lines
10-13 15:28:26.581  1456  1490 I chatty  : uid=1000(system) android.ui expire 1 line
10-13 15:28:26.595  1456  1512 I chatty  : uid=1000(system) android.display expire 7 lines
10-13 15:28:26.684  1456  3544 I chatty  : uid=1000(system) Binder_7 expire 1 line
10-13 15:28:26.696  1456  3095 I chatty  : uid=1000(system) Binder_3 expire 4 lines
10-13 15:28:26.698  1456  1490 I chatty  : uid=1000(system) android.ui expire 4 lines
10-13 15:28:26.701  1456  1516 I chatty  : uid=1000(system) PowerManagerSer expire 107 lines
10-13 15:28:26.712  1456  3541 I chatty  : uid=1000(system) Binder_6 expire 4 lines
10-13 15:28:26.712  1456  1456 I chatty  : uid=1000 system_server expire 10 lines
10-13 15:28:26.714  1456  1476 I chatty  : uid=1000(system) Binder_2 expire 2 lines
10-13 15:28:26.737  1456  3617 I chatty  : uid=1000(system) Binder_D expire 3 lines
10-13 15:28:26.750  1456  4198 I chatty  : uid=1000(system) Binder_10 expire 6 lines
10-13 15:28:26.774  1456  4197 I chatty  : uid=1000(system) Binder_F expire 3 lines
10-13 15:28:26.776  1456  4196 I chatty  : uid=1000(system) Binder_E expire 5 lines
10-13 15:28:26.799  3590  3590 D CallNotifier: set power properties to on
10-13 15:28:26.836  1456  1475 I chatty  : uid=1000(system) Binder_1 expire 1 line
10-13 15:28:26.838  1456  3614 I chatty  : uid=1000(system) Binder_C expire 1 line
10-13 15:28:26.875  1456  3572 I chatty  : uid=1000(system) Binder_9 expire 1 line
10-13 15:28:26.885  1456  3569 I chatty  : uid=1000(system) Binder_8 expire 2 lines
10-13 15:28:26.966  1456  3106 I chatty  : uid=1000(system) PhotonicModulat expire 91 lines
10-13 15:28:27.436  1456  2935 I chatty  : uid=1000(system) InputDispatcher expire 2 lines
10-13 15:28:27.632  1456  3600 I chatty  : uid=1000(system) Binder_B expire 2 lines
10-13 15:28:27.637  3619 24100 I ActivityThreadEui: scheduleResumeActivity com.android.launcher3.Launcher
10-13 15:28:27.668  1456  3580 I chatty  : uid=1000(system) Binder_A expire 1 line
10-13 15:28:27.692  1456  1489 I chatty  : uid=1000(system) ActivityManager expire 3 lines
10-13 15:28:28.516  1456  1516 I chatty  : uid=1000(system) PowerManagerSer expire 49 lines
10-13 15:28:28.516  1456  3106 I chatty  : uid=1000(system) PhotonicModulat expire 46 lines
10-13 15:28:29.196  1456  2935 I chatty  : uid=1000(system) InputDispatcher expire 1 line
10-13 15:28:29.238  1456  1476 I chatty  : uid=1000(system) Binder_2 expire 19 lines
10-13 15:28:29.246  1456  1512 I chatty  : uid=1000(system) android.display expire 9 lines
10-13 15:28:29.246  3619  4571 I ActivityThreadEui: schedulePauseActivity com.android.launcher3.Launcher finished=false userLeaving=true configChanges=0 dontReport=false
10-13 15:28:29.269  1456  3580 I chatty  : uid=1000(system) Binder_A expire 5 lines
10-13 15:28:29.272  3719  3719 I ActivityThreadEui: Handling launch of ActivityRecord{5740baf token=android.os.BinderProxy@6527bbc {com.google.android.youtube/com.google.android.youtube.app.honeycomb.Shell$HomeActivity}} startsNotResumed=false
10-13 15:28:29.311  1456  3614 I chatty  : uid=1000(system) Binder_C expire 7 lines
10-13 15:28:29.322  1456  3569 I chatty  : uid=1000(system) Binder_8 expire 9 lines
10-13 15:28:29.336  1456  1475 I chatty  : uid=1000(system) Binder_1 expire 4 lines
10-13 15:28:29.351  3719  3719 I ActivityThreadEui: Handling launch of ActivityRecord{50d2080 token=android.os.BinderProxy@97e06b9 {com.google.android.youtube/com.google.android.apps.youtube.app.WatchWhileActivity}} startsNotResumed=false
10-13 15:28:29.363  1456  1456 I chatty  : uid=1000 system_server expire 13 lines
10-13 15:28:29.488  1456  4197 I chatty  : uid=1000(system) Binder_F expire 10 lines
10-13 15:28:29.927  1456  3600 I chatty  : uid=1000(system) Binder_B expire 8 lines
10-13 15:28:29.940  1456  3541 I chatty  : uid=1000(system) Binder_6 expire 7 lines
10-13 15:28:29.941  1456  2932 I chatty  : uid=1000(system) AlarmManager expire 10 lines
10-13 15:28:29.965  1456  4196 I chatty  : uid=1000(system) Binder_E expire 4 lines
10-13 15:28:30.011  1456  3544 I chatty  : uid=1000(system) Binder_7 expire 4 lines
10-13 15:28:30.131  1456  3572 I chatty  : uid=1000(system) Binder_9 expire 9 lines
10-13 15:28:30.383  1456  3617 I chatty  : uid=1000(system) Binder_D expire 8 lines
10-13 15:28:30.890  1456  3189 I chatty  : uid=1000(system) Binder_4 expire 6 lines
10-13 15:28:31.662  1456  3095 I chatty  : uid=1000(system) Binder_3 expire 9 lines
10-13 15:28:31.985  3619  3632 I ActivityThreadEui: scheduleStopActivity com.android.launcher3.Launcher show=false configChanges=0
10-13 15:28:31.986  3619  3619 I ActivityThread: Finishing stop of ActivityRecord{b1ffde8 token=android.os.BinderProxy@56bfc01 {com.android.launcher3/com.android.launcher3.Launcher}}: show=false win=com.android.internal.policy.PhoneWindow@efdcf7c
10-13 15:28:33.063  1456  4198 I chatty  : uid=1000(system) Binder_10 expire 6 lines
10-13 15:28:42.854  1456  2941 I chatty  : uid=1000(system) NetworkStats expire 2 lines
10-13 15:28:42.854  1456  2942 I chatty  : uid=1000(system) NetworkPolicy expire 4 lines
10-13 15:28:49.809  1456  3448 I chatty  : uid=1000(system) Binder_5 expire 12 lines
10-13 15:29:03.021  1456  1476 I chatty  : uid=1000(system) Binder_2 expire 12 lines
10-13 15:29:03.059  1456  2932 I chatty  : uid=1000(system) AlarmManager expire 3 lines
10-13 15:29:03.259  1456  4197 I chatty  : uid=1000(system) Binder_F expire 25 lines
10-13 15:29:03.401  1456  3572 I chatty  : uid=1000(system) Binder_9 expire 12 lines
10-13 15:29:03.506  1456  4196 I chatty  : uid=1000(system) Binder_E expire 18 lines
10-13 15:29:03.517  1456  3544 I chatty  : uid=1000(system) Binder_7 expire 12 lines
10-13 15:29:03.527  1456  3095 I chatty  : uid=1000(system) Binder_3 expire 13 lines
10-13 15:29:03.551  1456  1489 I chatty  : uid=1000(system) ActivityManager expire 2 lines
10-13 15:29:03.551  1456  3569 I chatty  : uid=1000(system) Binder_8 expire 26 lines
10-13 15:29:03.613  1456  3614 I chatty  : uid=1000(system) Binder_C expire 16 lines
10-13 15:29:03.629  1456  3541 I chatty  : uid=1000(system) Binder_6 expire 12 lines
10-13 15:29:03.640  1456  3617 I chatty  : uid=1000(system) Binder_D expire 9 lines
10-13 15:29:03.652  1456  4198 I chatty  : uid=1000(system) Binder_10 expire 11 lines
10-13 15:29:03.674  1456  1475 I chatty  : uid=1000(system) Binder_1 expire 10 lines
10-13 15:29:03.727  1456  3600 I chatty  : uid=1000(system) Binder_B expire 3 lines
10-13 15:29:03.761  1456  3580 I chatty  : uid=1000(system) Binder_A expire 14 lines
10-13 15:29:04.751  1456  3189 I chatty  : uid=1000(system) Binder_4 expire 14 lines
10-13 15:29:06.146  1456  1487 I chatty  : uid=1000(system) android.bg expire 3 lines
10-13 15:29:06.713  1456  3104 I chatty  : uid=1000(system) backup expire 1 line
10-13 15:29:06.909  1456  2946 I chatty  : uid=1000(system) ConnectivitySer expire 32 lines
10-13 15:29:07.695  4792  4792 D ActivityThread: Loading provider com.google.android.gm.sapi: com.google.android.gm.sapi.SapiUiProvider
10-13 15:29:17.810  5158  5187 D ActivityThread: Loading provider com.android.email.provider;com.android.email.notifier: com.android.email.provider.EmailProvider
10-13 15:29:17.814  1456  3541 I chatty  : uid=1000(system) Binder_6 expire 12 lines
10-13 15:29:17.814  1456  3189 I chatty  : uid=1000(system) Binder_4 expire 20 lines
10-13 15:29:17.815  5158  5186 D ActivityThread: Loading provider com.android.email.provider;com.android.email.notifier: com.android.email.provider.EmailProvider
10-13 15:29:17.824  5158  5189 D ActivityThread: Loading provider com.android.email.provider;com.android.email.notifier: com.android.email.provider.EmailProvider
10-13 15:29:17.844  1456  1475 I chatty  : uid=1000(system) Binder_1 expire 12 lines
10-13 15:29:17.852  5158  5191 D ActivityThread: Loading provider com.android.email.provider;com.android.email.notifier: com.android.email.provider.EmailProvider
10-13 15:29:17.962  1456  3614 I chatty  : uid=1000(system) Binder_C expire 4 lines
10-13 15:29:17.970  1456  3544 I chatty  : uid=1000(system) Binder_7 expire 10 lines
10-13 15:29:17.998  1456  3569 I chatty  : uid=1000(system) Binder_8 expire 24 lines
10-13 15:29:17.999  1456  3580 I chatty  : uid=1000(system) Binder_A expire 17 lines
10-13 15:29:18.008  1456  3617 I chatty  : uid=1000(system) Binder_D expire 27 lines
10-13 15:29:18.050  1456  2946 I chatty  : uid=1000(system) ConnectivitySer expire 19 lines
10-13 15:29:18.119  1456  3095 I chatty  : uid=1000(system) Binder_3 expire 17 lines
10-13 15:29:18.225  1456  4196 I chatty  : uid=1000(system) Binder_E expire 15 lines
10-13 15:29:18.740  1456  4198 I chatty  : uid=1000(system) Binder_10 expire 8 lines
10-13 15:29:18.784  1456  1476 I chatty  : uid=1000(system) Binder_2 expire 12 lines
10-13 15:29:18.796  1456  4197 I chatty  : uid=1000(system) Binder_F expire 19 lines
10-13 15:29:18.804  1456  3600 I chatty  : uid=1000(system) Binder_B expire 12 lines
10-13 15:29:20.747  1456  3448 I chatty  : uid=1000(system) Binder_5 expire 5 lines
10-13 15:29:21.021  1456  3572 I chatty  : uid=1000(system) Binder_9 expire 6 lines
10-13 15:29:23.511  1456  2941 I chatty  : uid=1000(system) NetworkStats expire 2 lines
10-13 15:29:23.513  1456  2942 I chatty  : uid=1000(system) NetworkPolicy expire 3 lines
10-13 15:29:29.476  1456  2932 I chatty  : uid=1000(system) AlarmManager expire 9 lines
10-13 15:29:29.525  1456  1456 I chatty  : uid=1000 system_server expire 15 lines
10-13 15:29:43.848  1456  2942 I chatty  : uid=1000(system) NetworkPolicy expire 3 lines
10-13 15:29:43.855  1456  4198 I chatty  : uid=1000(system) Binder_10 expire 11 lines
10-13 15:29:44.520  1456  3544 I chatty  : uid=1000(system) Binder_7 expire 5 lines
10-13 15:29:44.774  1456  3572 I chatty  : uid=1000(system) Binder_9 expire 12 lines
10-13 15:29:44.780  1456  3448 I chatty  : uid=1000(system) Binder_5 expire 11 lines
10-13 15:29:44.918  1456  4197 I chatty  : uid=1000(system) Binder_F expire 11 lines
10-13 15:29:45.258  1456  3541 I chatty  : uid=1000(system) Binder_6 expire 14 lines
10-13 15:29:46.279  1456  3095 I chatty  : uid=1000(system) Binder_3 expire 13 lines
10-13 15:29:47.900  1456  2932 I chatty  : uid=1000(system) AlarmManager expire 9 lines
10-13 15:29:48.003  1456  1475 I chatty  : uid=1000(system) Binder_1 expire 10 lines
10-13 15:29:48.132  1456  3600 I chatty  : uid=1000(system) Binder_B expire 13 lines
10-13 15:29:48.137  1456  1476 I chatty  : uid=1000(system) Binder_2 expire 13 lines
10-13 15:29:48.139  1456  3614 I chatty  : uid=1000(system) Binder_C expire 14 lines
10-13 15:29:48.145  1456  3617 I chatty  : uid=1000(system) Binder_D expire 11 lines
10-13 15:29:50.497  1456  4196 I chatty  : uid=1000(system) Binder_E expire 3 lines
10-13 15:29:52.503  1456  3569 I chatty  : uid=1000(system) Binder_8 expire 8 lines
10-13 15:30:00.690  1456  3189 I chatty  : uid=1000(system) Binder_4 expire 12 lines
10-13 15:30:02.237  1456  2941 I chatty  : uid=1000(system) NetworkStats expire 1 line
10-13 15:30:09.182  1456  3580 I chatty  : uid=1000(system) Binder_A expire 21 lines
10-13 15:30:16.541  1456  2935 I chatty  : uid=1000(system) InputDispatcher expire 5 lines
10-13 15:30:16.717  3719  3732 I ActivityThreadEui: schedulePauseActivity com.google.android.apps.youtube.app.WatchWhileActivity finished=true userLeaving=false configChanges=0 dontReport=false
10-13 15:30:16.752  1456  3572 I chatty  : uid=1000(system) Binder_9 expire 9 lines
10-13 15:30:16.801  1456  1487 I chatty  : uid=1000(system) android.bg expire 1 line
10-13 15:30:16.810 22860 23408 I ActivityThreadEui: scheduleWindowVisibility com.google.android.apps.gsa.velour.dynamichosts.TransparentVelvetDynamicHostActivity show=true
10-13 15:30:16.811  3619  4571 I ActivityThreadEui: scheduleWindowVisibility com.android.launcher3.Launcher show=true
10-13 15:30:16.818  3619  3619 I ActivityThreadEui: Handle window ActivityRecord{b1ffde8 token=android.os.BinderProxy@56bfc01 {com.android.launcher3/com.android.launcher3.Launcher}} visibility: true
10-13 15:30:16.830  1456  1512 I chatty  : uid=1000(system) android.display expire 6 lines
10-13 15:30:16.851 22860 22860 I ActivityThreadEui: Handle window ActivityRecord{11b13d3 token=android.os.BinderProxy@c3eb10 {com.google.android.googlequicksearchbox/com.google.android.apps.gsa.velour.dynamichosts.TransparentVelvetDynamicHostActivity}} visibility: true
10-13 15:30:16.883  1456  3448 I chatty  : uid=1000(system) Binder_5 expire 6 lines
10-13 15:30:16.891 22860 30569 I ActivityThreadEui: scheduleWindowVisibility com.google.android.apps.gsa.velour.dynamichosts.TransparentVelvetDynamicHostActivity show=false
10-13 15:30:16.891  3619  3631 I ActivityThreadEui: scheduleResumeActivity com.android.launcher3.Launcher
10-13 15:30:16.904 22860 22860 I ActivityThreadEui: Handle window ActivityRecord{11b13d3 token=android.os.BinderProxy@c3eb10 {com.google.android.googlequicksearchbox/com.google.android.apps.gsa.velour.dynamichosts.TransparentVelvetDynamicHostActivity}} visibility: false
10-13 15:30:16.920  1456  3600 I chatty  : uid=1000(system) Binder_B expire 3 lines
10-13 15:30:17.122  1456  1476 I chatty  : uid=1000(system) Binder_2 expire 6 lines
10-13 15:30:17.235  1456  3095 I chatty  : uid=1000(system) Binder_3 expire 2 lines
10-13 15:30:18.215  3619  4571 I ActivityThreadEui: schedulePauseActivity com.android.launcher3.Launcher finished=false userLeaving=true configChanges=0 dontReport=true
10-13 15:30:18.229  1456  1489 I chatty  : uid=1000(system) ActivityManager expire 2 lines
10-13 15:30:18.252  3163  8284 I ActivityThreadEui: scheduleResumeActivity com.android.systemui.recents.leui.LeuiRecentActivity
10-13 15:30:18.258  3619 24399 I ActivityThreadEui: scheduleStopActivity com.android.launcher3.Launcher show=false configChanges=0
10-13 15:30:18.271  3619  3619 I ActivityThread: Finishing stop of ActivityRecord{b1ffde8 token=android.os.BinderProxy@56bfc01 {com.android.launcher3/com.android.launcher3.Launcher}}: show=false win=com.android.internal.policy.PhoneWindow@efdcf7c
10-13 15:30:18.373  1456  3617 I chatty  : uid=1000(system) Binder_D expire 1 line
10-13 15:30:20.130  1456  1475 I chatty  : uid=1000(system) Binder_1 expire 1 line
10-13 15:30:20.131  1456  2946 I chatty  : uid=1000(system) ConnectivitySer expire 3 lines
10-13 15:30:20.574  3163 25607 I ActivityThreadEui: schedulePauseActivity com.android.systemui.recents.leui.LeuiRecentActivity finished=false userLeaving=true configChanges=0 dontReport=false
10-13 15:30:20.591  1456  3614 I chatty  : uid=1000(system) Binder_C expire 9 lines
10-13 15:30:20.597  3619 24100 I ActivityThreadEui: scheduleResumeActivity com.android.launcher3.Launcher
10-13 15:30:20.604  1456  3541 I chatty  : uid=1000(system) Binder_6 expire 6 lines
10-13 15:30:20.619  1456  3095 I chatty  : uid=1000(system) Binder_3 expire 15 lines
10-13 15:30:20.622  1456  1512 I chatty  : uid=1000(system) android.display expire 7 lines
10-13 15:30:20.665  1456  3569 I chatty  : uid=1000(system) Binder_8 expire 3 lines
10-13 15:30:21.006  1456  1489 I chatty  : uid=1000(system) ActivityManager expire 2 lines
10-13 15:30:21.006  3163  8284 I ActivityThreadEui: scheduleStopActivity com.android.systemui.recents.leui.LeuiRecentActivity show=false configChanges=0
10-13 15:30:21.007  3163  3163 I ActivityThread: Finishing stop of ActivityRecord{d7ea29b token=android.os.BinderProxy@358a638 {com.android.systemui/com.android.systemui.recents.leui.LeuiRecentActivity}}: show=false win=com.android.internal.policy.PhoneWindow@d241148
10-13 15:30:21.135  1456  2935 I chatty  : uid=1000(system) InputDispatcher expire 1 line
10-13 15:30:22.219  1456  2936 I chatty  : uid=1000(system) InputReader expire 2 lines
10-13 15:30:22.672  1456  1490 I chatty  : uid=1000(system) android.ui expire 3 lines
10-13 15:30:22.673  1456  1456 I chatty  : uid=1000 system_server expire 21 lines
10-13 15:30:22.674  1456  1516 I chatty  : uid=1000(system) PowerManagerSer expire 4 lines
10-13 15:30:22.697  3619  3632 I ActivityThreadEui: schedulePauseActivity com.android.launcher3.Launcher finished=false userLeaving=false configChanges=0 dontReport=false
10-13 15:30:22.724  1456  3106 I chatty  : uid=1000(system) PhotonicModulat expire 2 lines
10-13 15:30:22.746  1456  1475 I chatty  : uid=1000(system) Binder_1 expire 6 lines
10-13 15:30:22.750  3619 24399 I ActivityThreadEui: scheduleStopActivity com.android.launcher3.Launcher show=true configChanges=0
10-13 15:30:22.751  3619  3619 I ActivityThread: Finishing stop of ActivityRecord{b1ffde8 token=android.os.BinderProxy@56bfc01 {com.android.launcher3/com.android.launcher3.Launcher}}: show=true win=com.android.internal.policy.PhoneWindow@efdcf7c
10-13 15:30:22.752  1456  4196 I chatty  : uid=1000(system) Binder_E expire 7 lines
10-13 15:30:22.808  1456  1476 I chatty  : uid=1000(system) Binder_2 expire 3 lines
10-13 15:30:23.165  1456  2944 I chatty  : uid=1000(system) WifiStateMachin expire 1 line
10-13 15:30:23.743  3590  3590 D CallNotifier: set power properties to off
10-13 15:30:26.418  1456  3600 I chatty  : uid=1000(system) Binder_B expire 7 lines
10-13 15:30:45.351  1456  2932 I chatty  : uid=1000(system) AlarmManager expire 51 lines
10-13 15:32:07.199  1456  3448 I chatty  : uid=1000(system) Binder_5 expire 4 lines
10-13 15:32:07.633  1456  2946 I chatty  : uid=1000(system) ConnectivitySer expire 15 lines
10-13 15:32:07.887  1456  3580 I chatty  : uid=1000(system) Binder_A expire 10 lines
10-13 15:32:08.114  1456  2941 I chatty  : uid=1000(system) NetworkStats expire 2 lines
10-13 15:32:08.114  1456  2942 I chatty  : uid=1000(system) NetworkPolicy expire 4 lines
10-13 15:32:08.200  1456  3189 I chatty  : uid=1000(system) Binder_4 expire 9 lines
10-13 15:32:08.308  1456  3572 I chatty  : uid=1000(system) Binder_9 expire 10 lines
10-13 15:32:08.341  1456  3617 I chatty  : uid=1000(system) Binder_D expire 7 lines
10-13 15:32:08.366  1456  4198 I chatty  : uid=1000(system) Binder_10 expire 7 lines
10-13 15:36:52.358  1456  3544 I chatty  : uid=1000(system) Binder_7 expire 7 lines
10-13 15:47:35.356  1456  4197 I chatty  : uid=1000(system) Binder_F expire 9 lines
10-13 15:53:01.477  1456  1487 I chatty  : uid=1000(system) android.bg expire 33 lines
10-13 16:05:05.519  1456  1475 I chatty  : uid=1000(system) Binder_1 expire 11 lines
10-13 16:05:05.543  1456  3189 I chatty  : uid=1000(system) Binder_4 expire 11 lines
10-13 16:05:05.547  1456  3569 I chatty  : uid=1000(system) Binder_8 expire 11 lines
10-13 16:05:05.573  1456  1456 I chatty  : uid=1000 system_server expire 6 lines
10-13 16:05:05.603  1456  3572 I chatty  : uid=1000(system) Binder_9 expire 12 lines
10-13 16:05:05.612  1456  3617 I chatty  : uid=1000(system) Binder_D expire 10 lines
10-13 16:05:06.111  1456  3095 I chatty  : uid=1000(system) Binder_3 expire 11 lines
10-13 16:05:06.127  1456  4197 I chatty  : uid=1000(system) Binder_F expire 12 lines
10-13 16:05:06.300  1456  4196 I chatty  : uid=1000(system) Binder_E expire 11 lines
10-13 16:05:07.341  1456  3614 I chatty  : uid=1000(system) Binder_C expire 10 lines
10-13 16:05:08.697  1456  3580 I chatty  : uid=1000(system) Binder_A expire 13 lines
10-13 16:05:15.086  1456  1476 I chatty  : uid=1000(system) Binder_2 expire 14 lines
10-13 16:05:15.506  1456  3544 I chatty  : uid=1000(system) Binder_7 expire 12 lines
10-13 16:05:15.621  1456  3600 I chatty  : uid=1000(system) Binder_B expire 13 lines
10-13 16:05:15.673  1456  4198 I chatty  : uid=1000(system) Binder_10 expire 15 lines
10-13 16:05:16.025  1456  3541 I chatty  : uid=1000(system) Binder_6 expire 11 lines
10-13 16:05:16.405  1456  3448 I chatty  : uid=1000(system) Binder_5 expire 10 lines
10-13 16:05:17.150  1456  1489 I chatty  : uid=1000(system) ActivityManager expire 1 line
10-13 16:05:17.343  4954  6352 E ActivityThread: Failed to find provider info for com.google.android.instantapps.supervisor.SupervisorArchiveProvider
10-13 16:05:17.706  1456  2932 I chatty  : uid=1000(system) AlarmManager expire 2 lines
10-13 16:05:17.763 26614  6279 W PackageParser: Unknown element under <manifest>: queries at /data/data/com.google.android.gms/app_chimera/m/00000041/dl-AdsFdrDynamite.integ_21880000008.apk Binary XML file line #5
10-13 16:05:17.782 26614  6279 W PackageParser: Unknown element under <manifest>: queries at /data/data/com.google.android.gms/app_chimera/m/00000053/dl-AdsFdrDynamite.integ_22060000008.apk Binary XML file line #5
10-13 16:05:17.788 26614  6279 W PackageParser: Unknown element under <manifest>: queries at /data/data/com.google.android.gms/app_chimera/m/00000072/dl-Payments.integ_203402508000408.apk Binary XML file line #5
10-13 16:05:17.901 26614  6279 W PackageParser: Unknown element under <manifest>: queries at /data/data/com.google.android.gms/app_chimera/m/00000041/dl-AdsFdrDynamite.integ_21880000008.apk Binary XML file line #5
10-13 16:05:17.913 26614  6279 W PackageParser: Unknown element under <manifest>: queries at /data/data/com.google.android.gms/app_chimera/m/00000053/dl-AdsFdrDynamite.integ_22060000008.apk Binary XML file line #5
10-13 16:05:17.917 26614  6279 W PackageParser: Unknown element under <manifest>: queries at /data/data/com.google.android.gms/app_chimera/m/00000055/dl-Payments.integ_202690008000408.apk Binary XML file line #5
10-13 16:05:18.030 26614  6279 W PackageParser: Unknown element under <manifest>: queries at /data/data/com.google.android.gms/app_chimera/m/00000041/dl-AdsFdrDynamite.integ_21880000008.apk Binary XML file line #5
10-13 16:05:18.053 26614  6279 W PackageParser: Unknown element under <manifest>: queries at /data/data/com.google.android.gms/app_chimera/m/00000053/dl-AdsFdrDynamite.integ_22060000008.apk Binary XML file line #5
10-13 16:05:18.071  1456  3569 I chatty  : uid=1000(system) Binder_8 expire 6 lines
10-13 16:05:18.132  1456  3189 I chatty  : uid=1000(system) Binder_4 expire 8 lines
10-13 16:05:18.212  1456  3095 I chatty  : uid=1000(system) Binder_3 expire 6 lines
10-13 16:05:18.232  1456  3614 I chatty  : uid=1000(system) Binder_C expire 4 lines
10-13 16:05:18.243  1456  1487 I chatty  : uid=1000(system) android.bg expire 11 lines
10-13 16:05:18.266 26614 27176 W PackageParser: Unknown element under <manifest>: queries at /data/data/com.google.android.gms/app_chimera/m/00000041/dl-AdsFdrDynamite.integ_21880000008.apk Binary XML file line #5
10-13 16:05:18.296 26614 27176 W PackageParser: Unknown element under <manifest>: queries at /data/data/com.google.android.gms/app_chimera/m/00000053/dl-AdsFdrDynamite.integ_22060000008.apk Binary XML file line #5
10-13 16:05:18.301 26614 27176 W PackageParser: Unknown element under <manifest>: queries at /data/data/com.google.android.gms/app_chimera/m/00000072/dl-Payments.integ_203402508000408.apk Binary XML file line #5
10-13 16:05:18.302  1456  4197 I chatty  : uid=1000(system) Binder_F expire 3 lines
10-13 16:05:18.459 26614 27176 W PackageParser: Unknown element under <manifest>: queries at /data/data/com.google.android.gms/app_chimera/m/00000041/dl-AdsFdrDynamite.integ_21880000008.apk Binary XML file line #5
10-13 16:05:18.476 26614 27176 W PackageParser: Unknown element under <manifest>: queries at /data/data/com.google.android.gms/app_chimera/m/00000053/dl-AdsFdrDynamite.integ_22060000008.apk Binary XML file line #5
10-13 16:05:18.479 26614 27176 W PackageParser: Unknown element under <manifest>: queries at /data/data/com.google.android.gms/app_chimera/m/00000055/dl-Payments.integ_202690008000408.apk Binary XML file line #5
10-13 16:05:18.578 26614 27176 W PackageParser: Unknown element under <manifest>: queries at /data/data/com.google.android.gms/app_chimera/m/00000041/dl-AdsFdrDynamite.integ_21880000008.apk Binary XML file line #5
10-13 16:05:18.594 26614 27176 W PackageParser: Unknown element under <manifest>: queries at /data/data/com.google.android.gms/app_chimera/m/00000053/dl-AdsFdrDynamite.integ_22060000008.apk Binary XML file line #5
10-13 16:05:18.660  1456  3617 I chatty  : uid=1000(system) Binder_D expire 5 lines
10-13 16:05:18.694  1456  1475 I chatty  : uid=1000(system) Binder_1 expire 3 lines
10-13 16:05:23.317  1456  2946 I chatty  : uid=1000(system) ConnectivitySer expire 3 lines
10-13 16:05:23.323  1456  3580 I chatty  : uid=1000(system) Binder_A expire 9 lines
10-13 16:05:23.391  1456  4198 I chatty  : uid=1000(system) Binder_10 expire 7 lines
10-13 16:05:23.397  1456  1456 I chatty  : uid=1000 system_server expire 20 lines
10-13 16:05:23.399  1456  3614 I chatty  : uid=1000(system) Binder_C expire 12 lines
10-13 16:05:23.402  1456  3189 I chatty  : uid=1000(system) Binder_4 expire 13 lines
10-13 16:05:42.907  1456  2932 I chatty  : uid=1000(system) AlarmManager expire 37 lines
10-13 16:05:42.910  1456  4197 I chatty  : uid=1000(system) Binder_F expire 14 lines
10-13 16:05:42.991  1456  1476 I chatty  : uid=1000(system) Binder_2 expire 10 lines
10-13 16:05:42.997  1456  3617 I chatty  : uid=1000(system) Binder_D expire 14 lines
10-13 16:05:43.001  1456  1475 I chatty  : uid=1000(system) Binder_1 expire 17 lines
10-13 16:05:43.277  1456  3572 I chatty  : uid=1000(system) Binder_9 expire 7 lines
10-13 16:05:43.311  1456  3095 I chatty  : uid=1000(system) Binder_3 expire 13 lines
10-13 16:05:43.325  1456  3448 I chatty  : uid=1000(system) Binder_5 expire 18 lines
10-13 16:05:43.409  1456  3541 I chatty  : uid=1000(system) Binder_6 expire 8 lines
10-13 16:05:43.427  1456  3544 I chatty  : uid=1000(system) Binder_7 expire 12 lines
10-13 16:05:43.474  1456  4196 I chatty  : uid=1000(system) Binder_E expire 6 lines
10-13 16:05:43.564  1456  3569 I chatty  : uid=1000(system) Binder_8 expire 8 lines
10-13 16:05:43.657  1456  3600 I chatty  : uid=1000(system) Binder_B expire 8 lines
10-13 16:05:44.136  1456  1489 I chatty  : uid=1000(system) ActivityManager expire 1 line
10-13 16:10:06.354  1456  1487 I chatty  : uid=1000(system) android.bg expire 18 lines
10-13 16:25:48.384  1456  2941 I chatty  : uid=1000(system) NetworkStats expire 1 line
10-13 16:25:48.385  1456  2942 I chatty  : uid=1000(system) NetworkPolicy expire 4 lines
10-13 16:32:05.391  1456  3541 I chatty  : uid=1000(system) Binder_6 expire 11 lines
10-13 16:32:05.400  1456  4196 I chatty  : uid=1000(system) Binder_E expire 10 lines
10-13 16:32:05.407  1456  3569 I chatty  : uid=1000(system) Binder_8 expire 19 lines
10-13 16:32:06.246  1456  3614 I chatty  : uid=1000(system) Binder_C expire 7 lines
10-13 16:32:32.951  1456  1476 I chatty  : uid=1000(system) Binder_2 expire 8 lines
10-13 16:36:06.551  1456  2932 I chatty  : uid=1000(system) AlarmManager expire 29 lines
10-13 16:36:06.551  1456  3095 I chatty  : uid=1000(system) Binder_3 expire 18 lines
